
> aenea-project@1.0.0 test
> jest

PASS tests/utils/growth-metrics.test.ts (18.347 s)
PASS tests/utils/energy-management.test.ts (18.523 s)
  ● Console

    console.log
      [Energy] Consumed 10.0 for thinking: 80.0 → 70.0

      at EnergyManager.consumeEnergy (src/utils/energy-management.ts:139:13)

    console.log
      Energy consumed: 10.0 for thinking, remaining: 70.0

      at EnergyManager.consumeEnergy (src/utils/energy-management.ts:153:13)

    console.log
      [Energy] Consumed 20.0 for thinking: 80.0 → 60.0

      at EnergyManager.consumeEnergy (src/utils/energy-management.ts:139:13)

    console.log
      Energy consumed: 20.0 for thinking, remaining: 60.0

      at EnergyManager.consumeEnergy (src/utils/energy-management.ts:153:13)

    console.log
      [Energy] Consumed 30.0 for thinking: 80.0 → 50.0

      at EnergyManager.consumeEnergy (src/utils/energy-management.ts:139:13)

    console.log
      Energy consumed: 30.0 for thinking, remaining: 50.0

      at EnergyManager.consumeEnergy (src/utils/energy-management.ts:153:13)

    console.log
      [Energy] Consumed 20.0 for test: 80.0 → 60.0

      at EnergyManager.consumeEnergy (src/utils/energy-management.ts:139:13)

    console.log
      Energy consumed: 20.0 for test, remaining: 60.0

      at EnergyManager.consumeEnergy (src/utils/energy-management.ts:153:13)

PASS tests/aenea/consciousness/consciousness.test.ts
PASS tests/aenea/core/multiplicative-weights.test.ts
  ● Console

    console.log
      [DPD] 🌀 意識の揺らぎ: Perturbation applied {
        empathy: -0.05339011304129244,
        coherence: 0.033488896974304995,
        dissonance: 0.019901216066987443
      }

      at MultiplicativeWeightsUpdater.updateWeights (src/aenea/core/multiplicative-weights.ts:106:15)

    console.log
      [DPD] 🌀 意識の揺らぎ: Perturbation applied {
        empathy: -0.023354252668346953,
        coherence: 0.006460571670209015,
        dissonance: 0.016893680998137938
      }

      at MultiplicativeWeightsUpdater.updateWeights (src/aenea/core/multiplicative-weights.ts:106:15)

    console.log
      [DPD] 🌀 意識の揺らぎ: Perturbation applied {
        empathy: 0.0691176519733538,
        coherence: -0.06016489755659391,
        dissonance: -0.00895275441675989
      }

      at MultiplicativeWeightsUpdater.updateWeights (src/aenea/core/multiplicative-weights.ts:106:15)

PASS tests/aenea/memory/memory-consolidator.test.ts
PASS tests/integration/database-persistence.test.ts (18.785 s)
PASS tests/consciousness/energy-sustainability.test.ts
PASS tests/aenea/dpd/dpd-engine.test.ts
PASS tests/utils/question-categorizer.test.ts (19.35 s)
PASS tests/utils/system-clock.test.ts (19.275 s)
FAIL tests/aenea/consciousness/sleep-manager.test.ts (40.17 s)
  ● Console

    console.log
      [32m[22:07:01] INFO  DatabaseManager Database connection established[0m

      at Logger.log (src/server/logger.ts:84:13)

    console.log
      [DEBUG] Database opened successfully at: e:\Projects\Git\github\aenea-project\test-data\test_sleep_1760134021540.db

      at new DatabaseManager (src/server/database-manager.ts:32:15)

    console.log
      [32m[22:07:05] INFO  DatabaseManager Database schema initialized successfully[0m

      at Logger.log (src/server/logger.ts:84:13)

    console.log
      [32m[22:07:05] INFO  DatabaseManager Initialized fresh consciousness state[0m

      at Logger.log (src/server/logger.ts:84:13)

    console.log
      [DEBUG] Database initialization completed, setting isReady = true

      at DatabaseManager.initializeDatabase (src/server/database-manager.ts:299:15)

    console.log
      [DEBUG] About to call seedPhilosophicalQuestions...

      at DatabaseManager.initializeDatabase (src/server/database-manager.ts:303:15)

    console.log
      [DEBUG] seedPhilosophicalQuestions called, isReady: true db exists: true

      at DatabaseManager.seedPhilosophicalQuestions (src/server/database-manager.ts:806:13)

    console.log
      [DEBUG] Existing unresolved ideas count: 0

      at DatabaseManager.seedPhilosophicalQuestions (src/server/database-manager.ts:816:15)

    console.log
      [DEBUG] Starting to seed philosophical questions...

      at DatabaseManager.seedPhilosophicalQuestions (src/server/database-manager.ts:823:15)

    console.log
      ✅ Seeded 45 philosophical questions to database

      at DatabaseManager.seedPhilosophicalQuestions (src/server/database-manager.ts:932:15)

    console.log
      [32m[22:07:08] INFO  DatabaseManager Successfully seeded 45 questions to unresolved_ideas table[0m

      at Logger.log (src/server/logger.ts:84:13)

    console.log
      [DEBUG] seedPhilosophicalQuestions returned: 45

      at DatabaseManager.initializeDatabase (src/server/database-manager.ts:305:15)

    console.log
      [32m[22:07:08] INFO  DatabaseManager Seeded 45 philosophical questions[0m

      at Logger.log (src/server/logger.ts:84:13)

    console.warn
      Skipping significant thought with empty content

    [0m [90m 506 |[39m       [90m// Skip if content is empty or invalid[39m
     [90m 507 |[39m       [36mif[39m ([33m![39mcontent [33m||[39m [36mtypeof[39m content [33m!==[39m [32m'string'[39m [33m||[39m content[33m.[39mtrim()[33m.[39mlength [33m===[39m [35m0[39m) {
    [31m[1m>[22m[39m[90m 508 |[39m         console[33m.[39mwarn([32m'Skipping significant thought with empty content'[39m)[33m;[39m
     [90m     |[39m                 [31m[1m^[22m[39m
     [90m 509 |[39m         [36mreturn[39m[33m;[39m
     [90m 510 |[39m       }
     [90m 511 |[39m[0m

      at DatabaseManager.recordSignificantThought (src/server/database-manager.ts:508:17)
      at seedTestData (tests/aenea/consciousness/sleep-manager.test.ts:572:8)
      at Object.<anonymous> (tests/aenea/consciousness/sleep-manager.test.ts:119:7)

    console.warn
      Skipping significant thought with empty content

    [0m [90m 506 |[39m       [90m// Skip if content is empty or invalid[39m
     [90m 507 |[39m       [36mif[39m ([33m![39mcontent [33m||[39m [36mtypeof[39m content [33m!==[39m [32m'string'[39m [33m||[39m content[33m.[39mtrim()[33m.[39mlength [33m===[39m [35m0[39m) {
    [31m[1m>[22m[39m[90m 508 |[39m         console[33m.[39mwarn([32m'Skipping significant thought with empty content'[39m)[33m;[39m
     [90m     |[39m                 [31m[1m^[22m[39m
     [90m 509 |[39m         [36mreturn[39m[33m;[39m
     [90m 510 |[39m       }
     [90m 511 |[39m[0m

      at DatabaseManager.recordSignificantThought (src/server/database-manager.ts:508:17)
      at seedTestData (tests/aenea/consciousness/sleep-manager.test.ts:572:8)
      at Object.<anonymous> (tests/aenea/consciousness/sleep-manager.test.ts:119:7)

    console.warn
      Skipping significant thought with empty content

    [0m [90m 506 |[39m       [90m// Skip if content is empty or invalid[39m
     [90m 507 |[39m       [36mif[39m ([33m![39mcontent [33m||[39m [36mtypeof[39m content [33m!==[39m [32m'string'[39m [33m||[39m content[33m.[39mtrim()[33m.[39mlength [33m===[39m [35m0[39m) {
    [31m[1m>[22m[39m[90m 508 |[39m         console[33m.[39mwarn([32m'Skipping significant thought with empty content'[39m)[33m;[39m
     [90m     |[39m                 [31m[1m^[22m[39m
     [90m 509 |[39m         [36mreturn[39m[33m;[39m
     [90m 510 |[39m       }
     [90m 511 |[39m[0m

      at DatabaseManager.recordSignificantThought (src/server/database-manager.ts:508:17)
      at seedTestData (tests/aenea/consciousness/sleep-manager.test.ts:572:8)
      at Object.<anonymous> (tests/aenea/consciousness/sleep-manager.test.ts:119:7)

    console.warn
      Skipping significant thought with empty content

    [0m [90m 506 |[39m       [90m// Skip if content is empty or invalid[39m
     [90m 507 |[39m       [36mif[39m ([33m![39mcontent [33m||[39m [36mtypeof[39m content [33m!==[39m [32m'string'[39m [33m||[39m content[33m.[39mtrim()[33m.[39mlength [33m===[39m [35m0[39m) {
    [31m[1m>[22m[39m[90m 508 |[39m         console[33m.[39mwarn([32m'Skipping significant thought with empty content'[39m)[33m;[39m
     [90m     |[39m                 [31m[1m^[22m[39m
     [90m 509 |[39m         [36mreturn[39m[33m;[39m
     [90m 510 |[39m       }
     [90m 511 |[39m[0m

      at DatabaseManager.recordSignificantThought (src/server/database-manager.ts:508:17)
      at seedTestData (tests/aenea/consciousness/sleep-manager.test.ts:572:8)
      at Object.<anonymous> (tests/aenea/consciousness/sleep-manager.test.ts:119:7)

    console.warn
      Skipping significant thought with empty content

    [0m [90m 506 |[39m       [90m// Skip if content is empty or invalid[39m
     [90m 507 |[39m       [36mif[39m ([33m![39mcontent [33m||[39m [36mtypeof[39m content [33m!==[39m [32m'string'[39m [33m||[39m content[33m.[39mtrim()[33m.[39mlength [33m===[39m [35m0[39m) {
    [31m[1m>[22m[39m[90m 508 |[39m         console[33m.[39mwarn([32m'Skipping significant thought with empty content'[39m)[33m;[39m
     [90m     |[39m                 [31m[1m^[22m[39m
     [90m 509 |[39m         [36mreturn[39m[33m;[39m
     [90m 510 |[39m       }
     [90m 511 |[39m[0m

      at DatabaseManager.recordSignificantThought (src/server/database-manager.ts:508:17)
      at seedTestData (tests/aenea/consciousness/sleep-manager.test.ts:572:8)
      at Object.<anonymous> (tests/aenea/consciousness/sleep-manager.test.ts:119:7)

    console.warn
      Skipping significant thought with empty content

    [0m [90m 506 |[39m       [90m// Skip if content is empty or invalid[39m
     [90m 507 |[39m       [36mif[39m ([33m![39mcontent [33m||[39m [36mtypeof[39m content [33m!==[39m [32m'string'[39m [33m||[39m content[33m.[39mtrim()[33m.[39mlength [33m===[39m [35m0[39m) {
    [31m[1m>[22m[39m[90m 508 |[39m         console[33m.[39mwarn([32m'Skipping significant thought with empty content'[39m)[33m;[39m
     [90m     |[39m                 [31m[1m^[22m[39m
     [90m 509 |[39m         [36mreturn[39m[33m;[39m
     [90m 510 |[39m       }
     [90m 511 |[39m[0m

      at DatabaseManager.recordSignificantThought (src/server/database-manager.ts:508:17)
      at seedTestData (tests/aenea/consciousness/sleep-manager.test.ts:572:8)
      at Object.<anonymous> (tests/aenea/consciousness/sleep-manager.test.ts:119:7)

    console.warn
      Skipping significant thought with empty content

    [0m [90m 506 |[39m       [90m// Skip if content is empty or invalid[39m
     [90m 507 |[39m       [36mif[39m ([33m![39mcontent [33m||[39m [36mtypeof[39m content [33m!==[39m [32m'string'[39m [33m||[39m content[33m.[39mtrim()[33m.[39mlength [33m===[39m [35m0[39m) {
    [31m[1m>[22m[39m[90m 508 |[39m         console[33m.[39mwarn([32m'Skipping significant thought with empty content'[39m)[33m;[39m
     [90m     |[39m                 [31m[1m^[22m[39m
     [90m 509 |[39m         [36mreturn[39m[33m;[39m
     [90m 510 |[39m       }
     [90m 511 |[39m[0m

      at DatabaseManager.recordSignificantThought (src/server/database-manager.ts:508:17)
      at seedTestData (tests/aenea/consciousness/sleep-manager.test.ts:572:8)
      at Object.<anonymous> (tests/aenea/consciousness/sleep-manager.test.ts:119:7)

    console.warn
      Skipping significant thought with empty content

    [0m [90m 506 |[39m       [90m// Skip if content is empty or invalid[39m
     [90m 507 |[39m       [36mif[39m ([33m![39mcontent [33m||[39m [36mtypeof[39m content [33m!==[39m [32m'string'[39m [33m||[39m content[33m.[39mtrim()[33m.[39mlength [33m===[39m [35m0[39m) {
    [31m[1m>[22m[39m[90m 508 |[39m         console[33m.[39mwarn([32m'Skipping significant thought with empty content'[39m)[33m;[39m
     [90m     |[39m                 [31m[1m^[22m[39m
     [90m 509 |[39m         [36mreturn[39m[33m;[39m
     [90m 510 |[39m       }
     [90m 511 |[39m[0m

      at DatabaseManager.recordSignificantThought (src/server/database-manager.ts:508:17)
      at seedTestData (tests/aenea/consciousness/sleep-manager.test.ts:572:8)
      at Object.<anonymous> (tests/aenea/consciousness/sleep-manager.test.ts:119:7)

    console.warn
      Skipping significant thought with empty content

    [0m [90m 506 |[39m       [90m// Skip if content is empty or invalid[39m
     [90m 507 |[39m       [36mif[39m ([33m![39mcontent [33m||[39m [36mtypeof[39m content [33m!==[39m [32m'string'[39m [33m||[39m content[33m.[39mtrim()[33m.[39mlength [33m===[39m [35m0[39m) {
    [31m[1m>[22m[39m[90m 508 |[39m         console[33m.[39mwarn([32m'Skipping significant thought with empty content'[39m)[33m;[39m
     [90m     |[39m                 [31m[1m^[22m[39m
     [90m 509 |[39m         [36mreturn[39m[33m;[39m
     [90m 510 |[39m       }
     [90m 511 |[39m[0m

      at DatabaseManager.recordSignificantThought (src/server/database-manager.ts:508:17)
      at seedTestData (tests/aenea/consciousness/sleep-manager.test.ts:572:8)
      at Object.<anonymous> (tests/aenea/consciousness/sleep-manager.test.ts:119:7)

    console.warn
      Skipping significant thought with empty content

    [0m [90m 506 |[39m       [90m// Skip if content is empty or invalid[39m
     [90m 507 |[39m       [36mif[39m ([33m![39mcontent [33m||[39m [36mtypeof[39m content [33m!==[39m [32m'string'[39m [33m||[39m content[33m.[39mtrim()[33m.[39mlength [33m===[39m [35m0[39m) {
    [31m[1m>[22m[39m[90m 508 |[39m         console[33m.[39mwarn([32m'Skipping significant thought with empty content'[39m)[33m;[39m
     [90m     |[39m                 [31m[1m^[22m[39m
     [90m 509 |[39m         [36mreturn[39m[33m;[39m
     [90m 510 |[39m       }
     [90m 511 |[39m[0m

      at DatabaseManager.recordSignificantThought (src/server/database-manager.ts:508:17)
      at seedTestData (tests/aenea/consciousness/sleep-manager.test.ts:572:8)
      at Object.<anonymous> (tests/aenea/consciousness/sleep-manager.test.ts:119:7)

    console.warn
      Skipping significant thought with empty content

    [0m [90m 506 |[39m       [90m// Skip if content is empty or invalid[39m
     [90m 507 |[39m       [36mif[39m ([33m![39mcontent [33m||[39m [36mtypeof[39m content [33m!==[39m [32m'string'[39m [33m||[39m content[33m.[39mtrim()[33m.[39mlength [33m===[39m [35m0[39m) {
    [31m[1m>[22m[39m[90m 508 |[39m         console[33m.[39mwarn([32m'Skipping significant thought with empty content'[39m)[33m;[39m
     [90m     |[39m                 [31m[1m^[22m[39m
     [90m 509 |[39m         [36mreturn[39m[33m;[39m
     [90m 510 |[39m       }
     [90m 511 |[39m[0m

      at DatabaseManager.recordSignificantThought (src/server/database-manager.ts:508:17)
      at seedTestData (tests/aenea/consciousness/sleep-manager.test.ts:572:8)
      at Object.<anonymous> (tests/aenea/consciousness/sleep-manager.test.ts:119:7)

    console.warn
      Skipping significant thought with empty content

    [0m [90m 506 |[39m       [90m// Skip if content is empty or invalid[39m
     [90m 507 |[39m       [36mif[39m ([33m![39mcontent [33m||[39m [36mtypeof[39m content [33m!==[39m [32m'string'[39m [33m||[39m content[33m.[39mtrim()[33m.[39mlength [33m===[39m [35m0[39m) {
    [31m[1m>[22m[39m[90m 508 |[39m         console[33m.[39mwarn([32m'Skipping significant thought with empty content'[39m)[33m;[39m
     [90m     |[39m                 [31m[1m^[22m[39m
     [90m 509 |[39m         [36mreturn[39m[33m;[39m
     [90m 510 |[39m       }
     [90m 511 |[39m[0m

      at DatabaseManager.recordSignificantThought (src/server/database-manager.ts:508:17)
      at seedTestData (tests/aenea/consciousness/sleep-manager.test.ts:572:8)
      at Object.<anonymous> (tests/aenea/consciousness/sleep-manager.test.ts:119:7)

    console.warn
      Skipping significant thought with empty content

    [0m [90m 506 |[39m       [90m// Skip if content is empty or invalid[39m
     [90m 507 |[39m       [36mif[39m ([33m![39mcontent [33m||[39m [36mtypeof[39m content [33m!==[39m [32m'string'[39m [33m||[39m content[33m.[39mtrim()[33m.[39mlength [33m===[39m [35m0[39m) {
    [31m[1m>[22m[39m[90m 508 |[39m         console[33m.[39mwarn([32m'Skipping significant thought with empty content'[39m)[33m;[39m
     [90m     |[39m                 [31m[1m^[22m[39m
     [90m 509 |[39m         [36mreturn[39m[33m;[39m
     [90m 510 |[39m       }
     [90m 511 |[39m[0m

      at DatabaseManager.recordSignificantThought (src/server/database-manager.ts:508:17)
      at seedTestData (tests/aenea/consciousness/sleep-manager.test.ts:572:8)
      at Object.<anonymous> (tests/aenea/consciousness/sleep-manager.test.ts:119:7)

    console.warn
      Skipping significant thought with empty content

    [0m [90m 506 |[39m       [90m// Skip if content is empty or invalid[39m
     [90m 507 |[39m       [36mif[39m ([33m![39mcontent [33m||[39m [36mtypeof[39m content [33m!==[39m [32m'string'[39m [33m||[39m content[33m.[39mtrim()[33m.[39mlength [33m===[39m [35m0[39m) {
    [31m[1m>[22m[39m[90m 508 |[39m         console[33m.[39mwarn([32m'Skipping significant thought with empty content'[39m)[33m;[39m
     [90m     |[39m                 [31m[1m^[22m[39m
     [90m 509 |[39m         [36mreturn[39m[33m;[39m
     [90m 510 |[39m       }
     [90m 511 |[39m[0m

      at DatabaseManager.recordSignificantThought (src/server/database-manager.ts:508:17)
      at seedTestData (tests/aenea/consciousness/sleep-manager.test.ts:572:8)
      at Object.<anonymous> (tests/aenea/consciousness/sleep-manager.test.ts:119:7)

    console.warn
      Skipping significant thought with empty content

    [0m [90m 506 |[39m       [90m// Skip if content is empty or invalid[39m
     [90m 507 |[39m       [36mif[39m ([33m![39mcontent [33m||[39m [36mtypeof[39m content [33m!==[39m [32m'string'[39m [33m||[39m content[33m.[39mtrim()[33m.[39mlength [33m===[39m [35m0[39m) {
    [31m[1m>[22m[39m[90m 508 |[39m         console[33m.[39mwarn([32m'Skipping significant thought with empty content'[39m)[33m;[39m
     [90m     |[39m                 [31m[1m^[22m[39m
     [90m 509 |[39m         [36mreturn[39m[33m;[39m
     [90m 510 |[39m       }
     [90m 511 |[39m[0m

      at DatabaseManager.recordSignificantThought (src/server/database-manager.ts:508:17)
      at seedTestData (tests/aenea/consciousness/sleep-manager.test.ts:572:8)
      at Object.<anonymous> (tests/aenea/consciousness/sleep-manager.test.ts:119:7)

    console.warn
      Skipping significant thought with empty content

    [0m [90m 506 |[39m       [90m// Skip if content is empty or invalid[39m
     [90m 507 |[39m       [36mif[39m ([33m![39mcontent [33m||[39m [36mtypeof[39m content [33m!==[39m [32m'string'[39m [33m||[39m content[33m.[39mtrim()[33m.[39mlength [33m===[39m [35m0[39m) {
    [31m[1m>[22m[39m[90m 508 |[39m         console[33m.[39mwarn([32m'Skipping significant thought with empty content'[39m)[33m;[39m
     [90m     |[39m                 [31m[1m^[22m[39m
     [90m 509 |[39m         [36mreturn[39m[33m;[39m
     [90m 510 |[39m       }
     [90m 511 |[39m[0m

      at DatabaseManager.recordSignificantThought (src/server/database-manager.ts:508:17)
      at seedTestData (tests/aenea/consciousness/sleep-manager.test.ts:572:8)
      at Object.<anonymous> (tests/aenea/consciousness/sleep-manager.test.ts:119:7)

    console.warn
      Skipping significant thought with empty content

    [0m [90m 506 |[39m       [90m// Skip if content is empty or invalid[39m
     [90m 507 |[39m       [36mif[39m ([33m![39mcontent [33m||[39m [36mtypeof[39m content [33m!==[39m [32m'string'[39m [33m||[39m content[33m.[39mtrim()[33m.[39mlength [33m===[39m [35m0[39m) {
    [31m[1m>[22m[39m[90m 508 |[39m         console[33m.[39mwarn([32m'Skipping significant thought with empty content'[39m)[33m;[39m
     [90m     |[39m                 [31m[1m^[22m[39m
     [90m 509 |[39m         [36mreturn[39m[33m;[39m
     [90m 510 |[39m       }
     [90m 511 |[39m[0m

      at DatabaseManager.recordSignificantThought (src/server/database-manager.ts:508:17)
      at seedTestData (tests/aenea/consciousness/sleep-manager.test.ts:572:8)
      at Object.<anonymous> (tests/aenea/consciousness/sleep-manager.test.ts:119:7)

    console.warn
      Skipping significant thought with empty content

    [0m [90m 506 |[39m       [90m// Skip if content is empty or invalid[39m
     [90m 507 |[39m       [36mif[39m ([33m![39mcontent [33m||[39m [36mtypeof[39m content [33m!==[39m [32m'string'[39m [33m||[39m content[33m.[39mtrim()[33m.[39mlength [33m===[39m [35m0[39m) {
    [31m[1m>[22m[39m[90m 508 |[39m         console[33m.[39mwarn([32m'Skipping significant thought with empty content'[39m)[33m;[39m
     [90m     |[39m                 [31m[1m^[22m[39m
     [90m 509 |[39m         [36mreturn[39m[33m;[39m
     [90m 510 |[39m       }
     [90m 511 |[39m[0m

      at DatabaseManager.recordSignificantThought (src/server/database-manager.ts:508:17)
      at seedTestData (tests/aenea/consciousness/sleep-manager.test.ts:572:8)
      at Object.<anonymous> (tests/aenea/consciousness/sleep-manager.test.ts:119:7)

    console.warn
      Skipping significant thought with empty content

    [0m [90m 506 |[39m       [90m// Skip if content is empty or invalid[39m
     [90m 507 |[39m       [36mif[39m ([33m![39mcontent [33m||[39m [36mtypeof[39m content [33m!==[39m [32m'string'[39m [33m||[39m content[33m.[39mtrim()[33m.[39mlength [33m===[39m [35m0[39m) {
    [31m[1m>[22m[39m[90m 508 |[39m         console[33m.[39mwarn([32m'Skipping significant thought with empty content'[39m)[33m;[39m
     [90m     |[39m                 [31m[1m^[22m[39m
     [90m 509 |[39m         [36mreturn[39m[33m;[39m
     [90m 510 |[39m       }
     [90m 511 |[39m[0m

      at DatabaseManager.recordSignificantThought (src/server/database-manager.ts:508:17)
      at seedTestData (tests/aenea/consciousness/sleep-manager.test.ts:572:8)
      at Object.<anonymous> (tests/aenea/consciousness/sleep-manager.test.ts:119:7)

    console.warn
      Skipping significant thought with empty content

    [0m [90m 506 |[39m       [90m// Skip if content is empty or invalid[39m
     [90m 507 |[39m       [36mif[39m ([33m![39mcontent [33m||[39m [36mtypeof[39m content [33m!==[39m [32m'string'[39m [33m||[39m content[33m.[39mtrim()[33m.[39mlength [33m===[39m [35m0[39m) {
    [31m[1m>[22m[39m[90m 508 |[39m         console[33m.[39mwarn([32m'Skipping significant thought with empty content'[39m)[33m;[39m
     [90m     |[39m                 [31m[1m^[22m[39m
     [90m 509 |[39m         [36mreturn[39m[33m;[39m
     [90m 510 |[39m       }
     [90m 511 |[39m[0m

      at DatabaseManager.recordSignificantThought (src/server/database-manager.ts:508:17)
      at seedTestData (tests/aenea/consciousness/sleep-manager.test.ts:572:8)
      at Object.<anonymous> (tests/aenea/consciousness/sleep-manager.test.ts:119:7)

    console.log
      [32m[22:07:08] INFO  MemoryConsolidator 🔄 Starting core beliefs similarity merging...[0m

      at Logger.log (src/server/logger.ts:84:13)

    console.log
      [32m[22:07:08] INFO  MemoryConsolidator Not enough beliefs to merge[0m

      at Logger.log (src/server/logger.ts:84:13)

    console.log
      [32m[22:07:08] INFO  SleepManager ⚡ Energy fully restored: 80.0 → 100.0[0m

      at Logger.log (src/server/logger.ts:84:13)

    console.log
      [32m[22:07:08] INFO  SleepManager 💤 Sleep cycle complete: {"dreamPatterns":0,"beliefsMerged":0,"thoughtsPruned":0,"tensionsResolved":0}[0m

      at Logger.log (src/server/logger.ts:84:13)

    console.log
      [32m[22:07:08] INFO  DatabaseManager Database connection established[0m

      at Logger.log (src/server/logger.ts:84:13)

    console.log
      [DEBUG] Database opened successfully at: e:\Projects\Git\github\aenea-project\test-data\test_sleep_1760134028820.db

      at new DatabaseManager (src/server/database-manager.ts:32:15)

    console.log
      [32m[22:07:08] INFO  DatabaseManager Database schema initialized successfully[0m

      at Logger.log (src/server/logger.ts:84:13)

    console.log
      [32m[22:07:08] INFO  DatabaseManager Initialized fresh consciousness state[0m

      at Logger.log (src/server/logger.ts:84:13)

    console.log
      [DEBUG] Database initialization completed, setting isReady = true

      at DatabaseManager.initializeDatabase (src/server/database-manager.ts:299:15)

    console.log
      [DEBUG] About to call seedPhilosophicalQuestions...

      at DatabaseManager.initializeDatabase (src/server/database-manager.ts:303:15)

    console.log
      [DEBUG] seedPhilosophicalQuestions called, isReady: true db exists: true

      at DatabaseManager.seedPhilosophicalQuestions (src/server/database-manager.ts:806:13)

    console.log
      [DEBUG] Existing unresolved ideas count: 0

      at DatabaseManager.seedPhilosophicalQuestions (src/server/database-manager.ts:816:15)

    console.log
      [DEBUG] Starting to seed philosophical questions...

      at DatabaseManager.seedPhilosophicalQuestions (src/server/database-manager.ts:823:15)

    console.log
      ✅ Seeded 45 philosophical questions to database

      at DatabaseManager.seedPhilosophicalQuestions (src/server/database-manager.ts:932:15)

    console.log
      [32m[22:07:09] INFO  DatabaseManager Successfully seeded 45 questions to unresolved_ideas table[0m

      at Logger.log (src/server/logger.ts:84:13)

    console.log
      [DEBUG] seedPhilosophicalQuestions returned: 45

      at DatabaseManager.initializeDatabase (src/server/database-manager.ts:305:15)

    console.log
      [32m[22:07:09] INFO  DatabaseManager Seeded 45 philosophical questions[0m

      at Logger.log (src/server/logger.ts:84:13)

    console.log
      [Energy] Consumed 50.0 for test: 100.0 → 50.0

      at EnergyManager.consumeEnergy (src/utils/energy-management.ts:139:13)

    console.log
      Energy consumed: 50.0 for test, remaining: 50.0

      at EnergyManager.consumeEnergy (src/utils/energy-management.ts:153:13)

    console.log
      [32m[22:07:09] INFO  DatabaseManager Database connection established[0m

      at Logger.log (src/server/logger.ts:84:13)

    console.log
      [DEBUG] Database opened successfully at: e:\Projects\Git\github\aenea-project\test-data\test_sleep_1760134029328.db

      at new DatabaseManager (src/server/database-manager.ts:32:15)

    console.log
      [32m[22:07:09] INFO  DatabaseManager Database schema initialized successfully[0m

      at Logger.log (src/server/logger.ts:84:13)

    console.log
      [32m[22:07:09] INFO  DatabaseManager Initialized fresh consciousness state[0m

      at Logger.log (src/server/logger.ts:84:13)

    console.log
      [DEBUG] Database initialization completed, setting isReady = true

      at DatabaseManager.initializeDatabase (src/server/database-manager.ts:299:15)

    console.log
      [DEBUG] About to call seedPhilosophicalQuestions...

      at DatabaseManager.initializeDatabase (src/server/database-manager.ts:303:15)

    console.log
      [DEBUG] seedPhilosophicalQuestions called, isReady: true db exists: true

      at DatabaseManager.seedPhilosophicalQuestions (src/server/database-manager.ts:806:13)

    console.log
      [DEBUG] Existing unresolved ideas count: 0

      at DatabaseManager.seedPhilosophicalQuestions (src/server/database-manager.ts:816:15)

    console.log
      [DEBUG] Starting to seed philosophical questions...

      at DatabaseManager.seedPhilosophicalQuestions (src/server/database-manager.ts:823:15)

    console.log
      ✅ Seeded 45 philosophical questions to database

      at DatabaseManager.seedPhilosophicalQuestions (src/server/database-manager.ts:932:15)

    console.log
      [32m[22:07:09] INFO  DatabaseManager Successfully seeded 45 questions to unresolved_ideas table[0m

      at Logger.log (src/server/logger.ts:84:13)

    console.log
      [DEBUG] seedPhilosophicalQuestions returned: 45

      at DatabaseManager.initializeDatabase (src/server/database-manager.ts:305:15)

    console.log
      [32m[22:07:09] INFO  DatabaseManager Seeded 45 philosophical questions[0m

      at Logger.log (src/server/logger.ts:84:13)

    console.log
      [32m[22:07:09] INFO  MemoryConsolidator 🔄 Starting core beliefs similarity merging...[0m

      at Logger.log (src/server/logger.ts:84:13)

    console.log
      [32m[22:07:09] INFO  MemoryConsolidator Not enough beliefs to merge[0m

      at Logger.log (src/server/logger.ts:84:13)

    console.log
      [32m[22:07:09] INFO  SleepManager ⚡ Energy fully restored: 50.0 → 100.0[0m

      at Logger.log (src/server/logger.ts:84:13)

    console.log
      [32m[22:07:09] INFO  SleepManager 💤 Sleep cycle complete: {"dreamPatterns":0,"beliefsMerged":0,"thoughtsPruned":0,"tensionsResolved":0}[0m

      at Logger.log (src/server/logger.ts:84:13)

    console.log
      [32m[22:07:09] INFO  DatabaseManager Database connection established[0m

      at Logger.log (src/server/logger.ts:84:13)

    console.log
      [DEBUG] Database opened successfully at: e:\Projects\Git\github\aenea-project\test-data\test_sleep_1760134029807.db

      at new DatabaseManager (src/server/database-manager.ts:32:15)

    console.log
      [32m[22:07:09] INFO  DatabaseManager Database schema initialized successfully[0m

      at Logger.log (src/server/logger.ts:84:13)

    console.log
      [32m[22:07:09] INFO  DatabaseManager Initialized fresh consciousness state[0m

      at Logger.log (src/server/logger.ts:84:13)

    console.log
      [DEBUG] Database initialization completed, setting isReady = true

      at DatabaseManager.initializeDatabase (src/server/database-manager.ts:299:15)

    console.log
      [DEBUG] About to call seedPhilosophicalQuestions...

      at DatabaseManager.initializeDatabase (src/server/database-manager.ts:303:15)

    console.log
      [DEBUG] seedPhilosophicalQuestions called, isReady: true db exists: true

      at DatabaseManager.seedPhilosophicalQuestions (src/server/database-manager.ts:806:13)

    console.log
      [DEBUG] Existing unresolved ideas count: 0

      at DatabaseManager.seedPhilosophicalQuestions (src/server/database-manager.ts:816:15)

    console.log
      [DEBUG] Starting to seed philosophical questions...

      at DatabaseManager.seedPhilosophicalQuestions (src/server/database-manager.ts:823:15)

    console.log
      ✅ Seeded 45 philosophical questions to database

      at DatabaseManager.seedPhilosophicalQuestions (src/server/database-manager.ts:932:15)

    console.log
      [32m[22:07:10] INFO  DatabaseManager Successfully seeded 45 questions to unresolved_ideas table[0m

      at Logger.log (src/server/logger.ts:84:13)

    console.log
      [DEBUG] seedPhilosophicalQuestions returned: 45

      at DatabaseManager.initializeDatabase (src/server/database-manager.ts:305:15)

    console.log
      [32m[22:07:10] INFO  DatabaseManager Seeded 45 philosophical questions[0m

      at Logger.log (src/server/logger.ts:84:13)

    console.log
      [32m[22:07:10] INFO  MemoryConsolidator 🔄 Starting core beliefs similarity merging...[0m

      at Logger.log (src/server/logger.ts:84:13)

    console.log
      [32m[22:07:10] INFO  MemoryConsolidator Not enough beliefs to merge[0m

      at Logger.log (src/server/logger.ts:84:13)

    console.log
      [32m[22:07:10] INFO  SleepManager ⚡ Energy fully restored: 100.0 → 100.0[0m

      at Logger.log (src/server/logger.ts:84:13)

    console.log
      [32m[22:07:10] INFO  SleepManager 💤 Sleep cycle complete: {"dreamPatterns":0,"beliefsMerged":0,"thoughtsPruned":0,"tensionsResolved":0}[0m

      at Logger.log (src/server/logger.ts:84:13)

    console.log
      [32m[22:07:10] INFO  DatabaseManager Database connection established[0m

      at Logger.log (src/server/logger.ts:84:13)

    console.log
      [DEBUG] Database opened successfully at: e:\Projects\Git\github\aenea-project\test-data\test_sleep_1760134030241.db

      at new DatabaseManager (src/server/database-manager.ts:32:15)

    console.log
      [32m[22:07:10] INFO  DatabaseManager Database schema initialized successfully[0m

      at Logger.log (src/server/logger.ts:84:13)

    console.log
      [32m[22:07:10] INFO  DatabaseManager Initialized fresh consciousness state[0m

      at Logger.log (src/server/logger.ts:84:13)

    console.log
      [DEBUG] Database initialization completed, setting isReady = true

      at DatabaseManager.initializeDatabase (src/server/database-manager.ts:299:15)

    console.log
      [DEBUG] About to call seedPhilosophicalQuestions...

      at DatabaseManager.initializeDatabase (src/server/database-manager.ts:303:15)

    console.log
      [DEBUG] seedPhilosophicalQuestions called, isReady: true db exists: true

      at DatabaseManager.seedPhilosophicalQuestions (src/server/database-manager.ts:806:13)

    console.log
      [DEBUG] Existing unresolved ideas count: 0

      at DatabaseManager.seedPhilosophicalQuestions (src/server/database-manager.ts:816:15)

    console.log
      [DEBUG] Starting to seed philosophical questions...

      at DatabaseManager.seedPhilosophicalQuestions (src/server/database-manager.ts:823:15)

    console.log
      ✅ Seeded 45 philosophical questions to database

      at DatabaseManager.seedPhilosophicalQuestions (src/server/database-manager.ts:932:15)

    console.log
      [32m[22:07:10] INFO  DatabaseManager Successfully seeded 45 questions to unresolved_ideas table[0m

      at Logger.log (src/server/logger.ts:84:13)

    console.log
      [DEBUG] seedPhilosophicalQuestions returned: 45

      at DatabaseManager.initializeDatabase (src/server/database-manager.ts:305:15)

    console.log
      [32m[22:07:10] INFO  DatabaseManager Seeded 45 philosophical questions[0m

      at Logger.log (src/server/logger.ts:84:13)

    console.warn
      Skipping significant thought with empty content

    [0m [90m 506 |[39m       [90m// Skip if content is empty or invalid[39m
     [90m 507 |[39m       [36mif[39m ([33m![39mcontent [33m||[39m [36mtypeof[39m content [33m!==[39m [32m'string'[39m [33m||[39m content[33m.[39mtrim()[33m.[39mlength [33m===[39m [35m0[39m) {
    [31m[1m>[22m[39m[90m 508 |[39m         console[33m.[39mwarn([32m'Skipping significant thought with empty content'[39m)[33m;[39m
     [90m     |[39m                 [31m[1m^[22m[39m
     [90m 509 |[39m         [36mreturn[39m[33m;[39m
     [90m 510 |[39m       }
     [90m 511 |[39m[0m

      at DatabaseManager.recordSignificantThought (src/server/database-manager.ts:508:17)
      at Object.<anonymous> (tests/aenea/consciousness/sleep-manager.test.ts:210:25)

    console.warn
      Skipping significant thought with empty content

    [0m [90m 506 |[39m       [90m// Skip if content is empty or invalid[39m
     [90m 507 |[39m       [36mif[39m ([33m![39mcontent [33m||[39m [36mtypeof[39m content [33m!==[39m [32m'string'[39m [33m||[39m content[33m.[39mtrim()[33m.[39mlength [33m===[39m [35m0[39m) {
    [31m[1m>[22m[39m[90m 508 |[39m         console[33m.[39mwarn([32m'Skipping significant thought with empty content'[39m)[33m;[39m
     [90m     |[39m                 [31m[1m^[22m[39m
     [90m 509 |[39m         [36mreturn[39m[33m;[39m
     [90m 510 |[39m       }
     [90m 511 |[39m[0m

      at DatabaseManager.recordSignificantThought (src/server/database-manager.ts:508:17)
      at Object.<anonymous> (tests/aenea/consciousness/sleep-manager.test.ts:210:25)

    console.warn
      Skipping significant thought with empty content

    [0m [90m 506 |[39m       [90m// Skip if content is empty or invalid[39m
     [90m 507 |[39m       [36mif[39m ([33m![39mcontent [33m||[39m [36mtypeof[39m content [33m!==[39m [32m'string'[39m [33m||[39m content[33m.[39mtrim()[33m.[39mlength [33m===[39m [35m0[39m) {
    [31m[1m>[22m[39m[90m 508 |[39m         console[33m.[39mwarn([32m'Skipping significant thought with empty content'[39m)[33m;[39m
     [90m     |[39m                 [31m[1m^[22m[39m
     [90m 509 |[39m         [36mreturn[39m[33m;[39m
     [90m 510 |[39m       }
     [90m 511 |[39m[0m

      at DatabaseManager.recordSignificantThought (src/server/database-manager.ts:508:17)
      at Object.<anonymous> (tests/aenea/consciousness/sleep-manager.test.ts:210:25)

    console.warn
      Skipping significant thought with empty content

    [0m [90m 506 |[39m       [90m// Skip if content is empty or invalid[39m
     [90m 507 |[39m       [36mif[39m ([33m![39mcontent [33m||[39m [36mtypeof[39m content [33m!==[39m [32m'string'[39m [33m||[39m content[33m.[39mtrim()[33m.[39mlength [33m===[39m [35m0[39m) {
    [31m[1m>[22m[39m[90m 508 |[39m         console[33m.[39mwarn([32m'Skipping significant thought with empty content'[39m)[33m;[39m
     [90m     |[39m                 [31m[1m^[22m[39m
     [90m 509 |[39m         [36mreturn[39m[33m;[39m
     [90m 510 |[39m       }
     [90m 511 |[39m[0m

      at DatabaseManager.recordSignificantThought (src/server/database-manager.ts:508:17)
      at Object.<anonymous> (tests/aenea/consciousness/sleep-manager.test.ts:210:25)

    console.warn
      Skipping significant thought with empty content

    [0m [90m 506 |[39m       [90m// Skip if content is empty or invalid[39m
     [90m 507 |[39m       [36mif[39m ([33m![39mcontent [33m||[39m [36mtypeof[39m content [33m!==[39m [32m'string'[39m [33m||[39m content[33m.[39mtrim()[33m.[39mlength [33m===[39m [35m0[39m) {
    [31m[1m>[22m[39m[90m 508 |[39m         console[33m.[39mwarn([32m'Skipping significant thought with empty content'[39m)[33m;[39m
     [90m     |[39m                 [31m[1m^[22m[39m
     [90m 509 |[39m         [36mreturn[39m[33m;[39m
     [90m 510 |[39m       }
     [90m 511 |[39m[0m

      at DatabaseManager.recordSignificantThought (src/server/database-manager.ts:508:17)
      at Object.<anonymous> (tests/aenea/consciousness/sleep-manager.test.ts:210:25)

    console.log
      [32m[22:07:10] INFO  MemoryConsolidator 🔄 Starting core beliefs similarity merging...[0m

      at Logger.log (src/server/logger.ts:84:13)

    console.log
      [32m[22:07:10] INFO  MemoryConsolidator Not enough beliefs to merge[0m

      at Logger.log (src/server/logger.ts:84:13)

    console.log
      [32m[22:07:10] INFO  SleepManager ⚡ Energy fully restored: 100.0 → 100.0[0m

      at Logger.log (src/server/logger.ts:84:13)

    console.log
      [32m[22:07:10] INFO  SleepManager 💤 Sleep cycle complete: {"dreamPatterns":0,"beliefsMerged":0,"thoughtsPruned":0,"tensionsResolved":0}[0m

      at Logger.log (src/server/logger.ts:84:13)

    console.log
      [32m[22:07:10] INFO  DatabaseManager Database connection established[0m

      at Logger.log (src/server/logger.ts:84:13)

    console.log
      [DEBUG] Database opened successfully at: e:\Projects\Git\github\aenea-project\test-data\test_sleep_1760134030641.db

      at new DatabaseManager (src/server/database-manager.ts:32:15)

    console.log
      [32m[22:07:10] INFO  DatabaseManager Database schema initialized successfully[0m

      at Logger.log (src/server/logger.ts:84:13)

    console.log
      [32m[22:07:10] INFO  DatabaseManager Initialized fresh consciousness state[0m

      at Logger.log (src/server/logger.ts:84:13)

    console.log
      [DEBUG] Database initialization completed, setting isReady = true

      at DatabaseManager.initializeDatabase (src/server/database-manager.ts:299:15)

    console.log
      [DEBUG] About to call seedPhilosophicalQuestions...

      at DatabaseManager.initializeDatabase (src/server/database-manager.ts:303:15)

    console.log
      [DEBUG] seedPhilosophicalQuestions called, isReady: true db exists: true

      at DatabaseManager.seedPhilosophicalQuestions (src/server/database-manager.ts:806:13)

    console.log
      [DEBUG] Existing unresolved ideas count: 0

      at DatabaseManager.seedPhilosophicalQuestions (src/server/database-manager.ts:816:15)

    console.log
      [DEBUG] Starting to seed philosophical questions...

      at DatabaseManager.seedPhilosophicalQuestions (src/server/database-manager.ts:823:15)

    console.log
      ✅ Seeded 45 philosophical questions to database

      at DatabaseManager.seedPhilosophicalQuestions (src/server/database-manager.ts:932:15)

    console.log
      [32m[22:07:11] INFO  DatabaseManager Successfully seeded 45 questions to unresolved_ideas table[0m

      at Logger.log (src/server/logger.ts:84:13)

    console.log
      [DEBUG] seedPhilosophicalQuestions returned: 45

      at DatabaseManager.initializeDatabase (src/server/database-manager.ts:305:15)

    console.log
      [32m[22:07:11] INFO  DatabaseManager Seeded 45 philosophical questions[0m

      at Logger.log (src/server/logger.ts:84:13)

    console.warn
      Skipping significant thought with empty content

    [0m [90m 506 |[39m       [90m// Skip if content is empty or invalid[39m
     [90m 507 |[39m       [36mif[39m ([33m![39mcontent [33m||[39m [36mtypeof[39m content [33m!==[39m [32m'string'[39m [33m||[39m content[33m.[39mtrim()[33m.[39mlength [33m===[39m [35m0[39m) {
    [31m[1m>[22m[39m[90m 508 |[39m         console[33m.[39mwarn([32m'Skipping significant thought with empty content'[39m)[33m;[39m
     [90m     |[39m                 [31m[1m^[22m[39m
     [90m 509 |[39m         [36mreturn[39m[33m;[39m
     [90m 510 |[39m       }
     [90m 511 |[39m[0m

      at DatabaseManager.recordSignificantThought (src/server/database-manager.ts:508:17)
      at Object.<anonymous> (tests/aenea/consciousness/sleep-manager.test.ts:234:25)

    console.warn
      Skipping significant thought with empty content

    [0m [90m 506 |[39m       [90m// Skip if content is empty or invalid[39m
     [90m 507 |[39m       [36mif[39m ([33m![39mcontent [33m||[39m [36mtypeof[39m content [33m!==[39m [32m'string'[39m [33m||[39m content[33m.[39mtrim()[33m.[39mlength [33m===[39m [35m0[39m) {
    [31m[1m>[22m[39m[90m 508 |[39m         console[33m.[39mwarn([32m'Skipping significant thought with empty content'[39m)[33m;[39m
     [90m     |[39m                 [31m[1m^[22m[39m
     [90m 509 |[39m         [36mreturn[39m[33m;[39m
     [90m 510 |[39m       }
     [90m 511 |[39m[0m

      at DatabaseManager.recordSignificantThought (src/server/database-manager.ts:508:17)
      at Object.<anonymous> (tests/aenea/consciousness/sleep-manager.test.ts:234:25)

    console.warn
      Skipping significant thought with empty content

    [0m [90m 506 |[39m       [90m// Skip if content is empty or invalid[39m
     [90m 507 |[39m       [36mif[39m ([33m![39mcontent [33m||[39m [36mtypeof[39m content [33m!==[39m [32m'string'[39m [33m||[39m content[33m.[39mtrim()[33m.[39mlength [33m===[39m [35m0[39m) {
    [31m[1m>[22m[39m[90m 508 |[39m         console[33m.[39mwarn([32m'Skipping significant thought with empty content'[39m)[33m;[39m
     [90m     |[39m                 [31m[1m^[22m[39m
     [90m 509 |[39m         [36mreturn[39m[33m;[39m
     [90m 510 |[39m       }
     [90m 511 |[39m[0m

      at DatabaseManager.recordSignificantThought (src/server/database-manager.ts:508:17)
      at Object.<anonymous> (tests/aenea/consciousness/sleep-manager.test.ts:234:25)

    console.warn
      Skipping significant thought with empty content

    [0m [90m 506 |[39m       [90m// Skip if content is empty or invalid[39m
     [90m 507 |[39m       [36mif[39m ([33m![39mcontent [33m||[39m [36mtypeof[39m content [33m!==[39m [32m'string'[39m [33m||[39m content[33m.[39mtrim()[33m.[39mlength [33m===[39m [35m0[39m) {
    [31m[1m>[22m[39m[90m 508 |[39m         console[33m.[39mwarn([32m'Skipping significant thought with empty content'[39m)[33m;[39m
     [90m     |[39m                 [31m[1m^[22m[39m
     [90m 509 |[39m         [36mreturn[39m[33m;[39m
     [90m 510 |[39m       }
     [90m 511 |[39m[0m

      at DatabaseManager.recordSignificantThought (src/server/database-manager.ts:508:17)
      at Object.<anonymous> (tests/aenea/consciousness/sleep-manager.test.ts:234:25)

    console.warn
      Skipping significant thought with empty content

    [0m [90m 506 |[39m       [90m// Skip if content is empty or invalid[39m
     [90m 507 |[39m       [36mif[39m ([33m![39mcontent [33m||[39m [36mtypeof[39m content [33m!==[39m [32m'string'[39m [33m||[39m content[33m.[39mtrim()[33m.[39mlength [33m===[39m [35m0[39m) {
    [31m[1m>[22m[39m[90m 508 |[39m         console[33m.[39mwarn([32m'Skipping significant thought with empty content'[39m)[33m;[39m
     [90m     |[39m                 [31m[1m^[22m[39m
     [90m 509 |[39m         [36mreturn[39m[33m;[39m
     [90m 510 |[39m       }
     [90m 511 |[39m[0m

      at DatabaseManager.recordSignificantThought (src/server/database-manager.ts:508:17)
      at Object.<anonymous> (tests/aenea/consciousness/sleep-manager.test.ts:234:25)

    console.warn
      Skipping significant thought with empty content

    [0m [90m 506 |[39m       [90m// Skip if content is empty or invalid[39m
     [90m 507 |[39m       [36mif[39m ([33m![39mcontent [33m||[39m [36mtypeof[39m content [33m!==[39m [32m'string'[39m [33m||[39m content[33m.[39mtrim()[33m.[39mlength [33m===[39m [35m0[39m) {
    [31m[1m>[22m[39m[90m 508 |[39m         console[33m.[39mwarn([32m'Skipping significant thought with empty content'[39m)[33m;[39m
     [90m     |[39m                 [31m[1m^[22m[39m
     [90m 509 |[39m         [36mreturn[39m[33m;[39m
     [90m 510 |[39m       }
     [90m 511 |[39m[0m

      at DatabaseManager.recordSignificantThought (src/server/database-manager.ts:508:17)
      at Object.<anonymous> (tests/aenea/consciousness/sleep-manager.test.ts:234:25)

    console.warn
      Skipping significant thought with empty content

    [0m [90m 506 |[39m       [90m// Skip if content is empty or invalid[39m
     [90m 507 |[39m       [36mif[39m ([33m![39mcontent [33m||[39m [36mtypeof[39m content [33m!==[39m [32m'string'[39m [33m||[39m content[33m.[39mtrim()[33m.[39mlength [33m===[39m [35m0[39m) {
    [31m[1m>[22m[39m[90m 508 |[39m         console[33m.[39mwarn([32m'Skipping significant thought with empty content'[39m)[33m;[39m
     [90m     |[39m                 [31m[1m^[22m[39m
     [90m 509 |[39m         [36mreturn[39m[33m;[39m
     [90m 510 |[39m       }
     [90m 511 |[39m[0m

      at DatabaseManager.recordSignificantThought (src/server/database-manager.ts:508:17)
      at Object.<anonymous> (tests/aenea/consciousness/sleep-manager.test.ts:234:25)

    console.warn
      Skipping significant thought with empty content

    [0m [90m 506 |[39m       [90m// Skip if content is empty or invalid[39m
     [90m 507 |[39m       [36mif[39m ([33m![39mcontent [33m||[39m [36mtypeof[39m content [33m!==[39m [32m'string'[39m [33m||[39m content[33m.[39mtrim()[33m.[39mlength [33m===[39m [35m0[39m) {
    [31m[1m>[22m[39m[90m 508 |[39m         console[33m.[39mwarn([32m'Skipping significant thought with empty content'[39m)[33m;[39m
     [90m     |[39m                 [31m[1m^[22m[39m
     [90m 509 |[39m         [36mreturn[39m[33m;[39m
     [90m 510 |[39m       }
     [90m 511 |[39m[0m

      at DatabaseManager.recordSignificantThought (src/server/database-manager.ts:508:17)
      at Object.<anonymous> (tests/aenea/consciousness/sleep-manager.test.ts:234:25)

    console.warn
      Skipping significant thought with empty content

    [0m [90m 506 |[39m       [90m// Skip if content is empty or invalid[39m
     [90m 507 |[39m       [36mif[39m ([33m![39mcontent [33m||[39m [36mtypeof[39m content [33m!==[39m [32m'string'[39m [33m||[39m content[33m.[39mtrim()[33m.[39mlength [33m===[39m [35m0[39m) {
    [31m[1m>[22m[39m[90m 508 |[39m         console[33m.[39mwarn([32m'Skipping significant thought with empty content'[39m)[33m;[39m
     [90m     |[39m                 [31m[1m^[22m[39m
     [90m 509 |[39m         [36mreturn[39m[33m;[39m
     [90m 510 |[39m       }
     [90m 511 |[39m[0m

      at DatabaseManager.recordSignificantThought (src/server/database-manager.ts:508:17)
      at Object.<anonymous> (tests/aenea/consciousness/sleep-manager.test.ts:234:25)

    console.warn
      Skipping significant thought with empty content

    [0m [90m 506 |[39m       [90m// Skip if content is empty or invalid[39m
     [90m 507 |[39m       [36mif[39m ([33m![39mcontent [33m||[39m [36mtypeof[39m content [33m!==[39m [32m'string'[39m [33m||[39m content[33m.[39mtrim()[33m.[39mlength [33m===[39m [35m0[39m) {
    [31m[1m>[22m[39m[90m 508 |[39m         console[33m.[39mwarn([32m'Skipping significant thought with empty content'[39m)[33m;[39m
     [90m     |[39m                 [31m[1m^[22m[39m
     [90m 509 |[39m         [36mreturn[39m[33m;[39m
     [90m 510 |[39m       }
     [90m 511 |[39m[0m

      at DatabaseManager.recordSignificantThought (src/server/database-manager.ts:508:17)
      at Object.<anonymous> (tests/aenea/consciousness/sleep-manager.test.ts:234:25)

    console.warn
      Skipping significant thought with empty content

    [0m [90m 506 |[39m       [90m// Skip if content is empty or invalid[39m
     [90m 507 |[39m       [36mif[39m ([33m![39mcontent [33m||[39m [36mtypeof[39m content [33m!==[39m [32m'string'[39m [33m||[39m content[33m.[39mtrim()[33m.[39mlength [33m===[39m [35m0[39m) {
    [31m[1m>[22m[39m[90m 508 |[39m         console[33m.[39mwarn([32m'Skipping significant thought with empty content'[39m)[33m;[39m
     [90m     |[39m                 [31m[1m^[22m[39m
     [90m 509 |[39m         [36mreturn[39m[33m;[39m
     [90m 510 |[39m       }
     [90m 511 |[39m[0m

      at DatabaseManager.recordSignificantThought (src/server/database-manager.ts:508:17)
      at Object.<anonymous> (tests/aenea/consciousness/sleep-manager.test.ts:234:25)

    console.warn
      Skipping significant thought with empty content

    [0m [90m 506 |[39m       [90m// Skip if content is empty or invalid[39m
     [90m 507 |[39m       [36mif[39m ([33m![39mcontent [33m||[39m [36mtypeof[39m content [33m!==[39m [32m'string'[39m [33m||[39m content[33m.[39mtrim()[33m.[39mlength [33m===[39m [35m0[39m) {
    [31m[1m>[22m[39m[90m 508 |[39m         console[33m.[39mwarn([32m'Skipping significant thought with empty content'[39m)[33m;[39m
     [90m     |[39m                 [31m[1m^[22m[39m
     [90m 509 |[39m         [36mreturn[39m[33m;[39m
     [90m 510 |[39m       }
     [90m 511 |[39m[0m

      at DatabaseManager.recordSignificantThought (src/server/database-manager.ts:508:17)
      at Object.<anonymous> (tests/aenea/consciousness/sleep-manager.test.ts:234:25)

    console.warn
      Skipping significant thought with empty content

    [0m [90m 506 |[39m       [90m// Skip if content is empty or invalid[39m
     [90m 507 |[39m       [36mif[39m ([33m![39mcontent [33m||[39m [36mtypeof[39m content [33m!==[39m [32m'string'[39m [33m||[39m content[33m.[39mtrim()[33m.[39mlength [33m===[39m [35m0[39m) {
    [31m[1m>[22m[39m[90m 508 |[39m         console[33m.[39mwarn([32m'Skipping significant thought with empty content'[39m)[33m;[39m
     [90m     |[39m                 [31m[1m^[22m[39m
     [90m 509 |[39m         [36mreturn[39m[33m;[39m
     [90m 510 |[39m       }
     [90m 511 |[39m[0m

      at DatabaseManager.recordSignificantThought (src/server/database-manager.ts:508:17)
      at Object.<anonymous> (tests/aenea/consciousness/sleep-manager.test.ts:234:25)

    console.warn
      Skipping significant thought with empty content

    [0m [90m 506 |[39m       [90m// Skip if content is empty or invalid[39m
     [90m 507 |[39m       [36mif[39m ([33m![39mcontent [33m||[39m [36mtypeof[39m content [33m!==[39m [32m'string'[39m [33m||[39m content[33m.[39mtrim()[33m.[39mlength [33m===[39m [35m0[39m) {
    [31m[1m>[22m[39m[90m 508 |[39m         console[33m.[39mwarn([32m'Skipping significant thought with empty content'[39m)[33m;[39m
     [90m     |[39m                 [31m[1m^[22m[39m
     [90m 509 |[39m         [36mreturn[39m[33m;[39m
     [90m 510 |[39m       }
     [90m 511 |[39m[0m

      at DatabaseManager.recordSignificantThought (src/server/database-manager.ts:508:17)
      at Object.<anonymous> (tests/aenea/consciousness/sleep-manager.test.ts:234:25)

    console.warn
      Skipping significant thought with empty content

    [0m [90m 506 |[39m       [90m// Skip if content is empty or invalid[39m
     [90m 507 |[39m       [36mif[39m ([33m![39mcontent [33m||[39m [36mtypeof[39m content [33m!==[39m [32m'string'[39m [33m||[39m content[33m.[39mtrim()[33m.[39mlength [33m===[39m [35m0[39m) {
    [31m[1m>[22m[39m[90m 508 |[39m         console[33m.[39mwarn([32m'Skipping significant thought with empty content'[39m)[33m;[39m
     [90m     |[39m                 [31m[1m^[22m[39m
     [90m 509 |[39m         [36mreturn[39m[33m;[39m
     [90m 510 |[39m       }
     [90m 511 |[39m[0m

      at DatabaseManager.recordSignificantThought (src/server/database-manager.ts:508:17)
      at Object.<anonymous> (tests/aenea/consciousness/sleep-manager.test.ts:234:25)

    console.log
      [32m[22:07:11] INFO  MemoryConsolidator 🔄 Starting core beliefs similarity merging...[0m

      at Logger.log (src/server/logger.ts:84:13)

    console.log
      [32m[22:07:11] INFO  MemoryConsolidator Not enough beliefs to merge[0m

      at Logger.log (src/server/logger.ts:84:13)

    console.log
      [32m[22:07:11] INFO  SleepManager ⚡ Energy fully restored: 100.0 → 100.0[0m

      at Logger.log (src/server/logger.ts:84:13)

    console.log
      [32m[22:07:11] INFO  SleepManager 💤 Sleep cycle complete: {"dreamPatterns":0,"beliefsMerged":0,"thoughtsPruned":0,"tensionsResolved":0}[0m

      at Logger.log (src/server/logger.ts:84:13)

    console.log
      [32m[22:07:11] INFO  DatabaseManager Database connection established[0m

      at Logger.log (src/server/logger.ts:84:13)

    console.log
      [DEBUG] Database opened successfully at: e:\Projects\Git\github\aenea-project\test-data\test_sleep_1760134031046.db

      at new DatabaseManager (src/server/database-manager.ts:32:15)

    console.log
      [32m[22:07:11] INFO  DatabaseManager Database schema initialized successfully[0m

      at Logger.log (src/server/logger.ts:84:13)

    console.log
      [32m[22:07:11] INFO  DatabaseManager Initialized fresh consciousness state[0m

      at Logger.log (src/server/logger.ts:84:13)

    console.log
      [DEBUG] Database initialization completed, setting isReady = true

      at DatabaseManager.initializeDatabase (src/server/database-manager.ts:299:15)

    console.log
      [DEBUG] About to call seedPhilosophicalQuestions...

      at DatabaseManager.initializeDatabase (src/server/database-manager.ts:303:15)

    console.log
      [DEBUG] seedPhilosophicalQuestions called, isReady: true db exists: true

      at DatabaseManager.seedPhilosophicalQuestions (src/server/database-manager.ts:806:13)

    console.log
      [DEBUG] Existing unresolved ideas count: 0

      at DatabaseManager.seedPhilosophicalQuestions (src/server/database-manager.ts:816:15)

    console.log
      [DEBUG] Starting to seed philosophical questions...

      at DatabaseManager.seedPhilosophicalQuestions (src/server/database-manager.ts:823:15)

    console.log
      ✅ Seeded 45 philosophical questions to database

      at DatabaseManager.seedPhilosophicalQuestions (src/server/database-manager.ts:932:15)

    console.log
      [32m[22:07:11] INFO  DatabaseManager Successfully seeded 45 questions to unresolved_ideas table[0m

      at Logger.log (src/server/logger.ts:84:13)

    console.log
      [DEBUG] seedPhilosophicalQuestions returned: 45

      at DatabaseManager.initializeDatabase (src/server/database-manager.ts:305:15)

    console.log
      [32m[22:07:11] INFO  DatabaseManager Seeded 45 philosophical questions[0m

      at Logger.log (src/server/logger.ts:84:13)

    console.warn
      Skipping significant thought with empty content

    [0m [90m 506 |[39m       [90m// Skip if content is empty or invalid[39m
     [90m 507 |[39m       [36mif[39m ([33m![39mcontent [33m||[39m [36mtypeof[39m content [33m!==[39m [32m'string'[39m [33m||[39m content[33m.[39mtrim()[33m.[39mlength [33m===[39m [35m0[39m) {
    [31m[1m>[22m[39m[90m 508 |[39m         console[33m.[39mwarn([32m'Skipping significant thought with empty content'[39m)[33m;[39m
     [90m     |[39m                 [31m[1m^[22m[39m
     [90m 509 |[39m         [36mreturn[39m[33m;[39m
     [90m 510 |[39m       }
     [90m 511 |[39m[0m

      at DatabaseManager.recordSignificantThought (src/server/database-manager.ts:508:17)
      at Object.<anonymous> (tests/aenea/consciousness/sleep-manager.test.ts:260:25)

    console.warn
      Skipping significant thought with empty content

    [0m [90m 506 |[39m       [90m// Skip if content is empty or invalid[39m
     [90m 507 |[39m       [36mif[39m ([33m![39mcontent [33m||[39m [36mtypeof[39m content [33m!==[39m [32m'string'[39m [33m||[39m content[33m.[39mtrim()[33m.[39mlength [33m===[39m [35m0[39m) {
    [31m[1m>[22m[39m[90m 508 |[39m         console[33m.[39mwarn([32m'Skipping significant thought with empty content'[39m)[33m;[39m
     [90m     |[39m                 [31m[1m^[22m[39m
     [90m 509 |[39m         [36mreturn[39m[33m;[39m
     [90m 510 |[39m       }
     [90m 511 |[39m[0m

      at DatabaseManager.recordSignificantThought (src/server/database-manager.ts:508:17)
      at Object.<anonymous> (tests/aenea/consciousness/sleep-manager.test.ts:260:25)

    console.warn
      Skipping significant thought with empty content

    [0m [90m 506 |[39m       [90m// Skip if content is empty or invalid[39m
     [90m 507 |[39m       [36mif[39m ([33m![39mcontent [33m||[39m [36mtypeof[39m content [33m!==[39m [32m'string'[39m [33m||[39m content[33m.[39mtrim()[33m.[39mlength [33m===[39m [35m0[39m) {
    [31m[1m>[22m[39m[90m 508 |[39m         console[33m.[39mwarn([32m'Skipping significant thought with empty content'[39m)[33m;[39m
     [90m     |[39m                 [31m[1m^[22m[39m
     [90m 509 |[39m         [36mreturn[39m[33m;[39m
     [90m 510 |[39m       }
     [90m 511 |[39m[0m

      at DatabaseManager.recordSignificantThought (src/server/database-manager.ts:508:17)
      at Object.<anonymous> (tests/aenea/consciousness/sleep-manager.test.ts:260:25)

    console.log
      [32m[22:07:11] INFO  MemoryConsolidator 🔄 Starting core beliefs similarity merging...[0m

      at Logger.log (src/server/logger.ts:84:13)

    console.log
      [32m[22:07:11] INFO  MemoryConsolidator Not enough beliefs to merge[0m

      at Logger.log (src/server/logger.ts:84:13)

    console.log
      [32m[22:07:11] INFO  SleepManager ⚡ Energy fully restored: 100.0 → 100.0[0m

      at Logger.log (src/server/logger.ts:84:13)

    console.log
      [32m[22:07:11] INFO  SleepManager 💤 Sleep cycle complete: {"dreamPatterns":0,"beliefsMerged":0,"thoughtsPruned":0,"tensionsResolved":0}[0m

      at Logger.log (src/server/logger.ts:84:13)

    console.log
      [32m[22:07:11] INFO  DatabaseManager Database connection established[0m

      at Logger.log (src/server/logger.ts:84:13)

    console.log
      [DEBUG] Database opened successfully at: e:\Projects\Git\github\aenea-project\test-data\test_sleep_1760134031420.db

      at new DatabaseManager (src/server/database-manager.ts:32:15)

    console.log
      [32m[22:07:11] INFO  DatabaseManager Database schema initialized successfully[0m

      at Logger.log (src/server/logger.ts:84:13)

    console.log
      [32m[22:07:11] INFO  DatabaseManager Initialized fresh consciousness state[0m

      at Logger.log (src/server/logger.ts:84:13)

    console.log
      [DEBUG] Database initialization completed, setting isReady = true

      at DatabaseManager.initializeDatabase (src/server/database-manager.ts:299:15)

    console.log
      [DEBUG] About to call seedPhilosophicalQuestions...

      at DatabaseManager.initializeDatabase (src/server/database-manager.ts:303:15)

    console.log
      [DEBUG] seedPhilosophicalQuestions called, isReady: true db exists: true

      at DatabaseManager.seedPhilosophicalQuestions (src/server/database-manager.ts:806:13)

    console.log
      [DEBUG] Existing unresolved ideas count: 0

      at DatabaseManager.seedPhilosophicalQuestions (src/server/database-manager.ts:816:15)

    console.log
      [DEBUG] Starting to seed philosophical questions...

      at DatabaseManager.seedPhilosophicalQuestions (src/server/database-manager.ts:823:15)

    console.log
      ✅ Seeded 45 philosophical questions to database

      at DatabaseManager.seedPhilosophicalQuestions (src/server/database-manager.ts:932:15)

    console.log
      [32m[22:07:11] INFO  DatabaseManager Successfully seeded 45 questions to unresolved_ideas table[0m

      at Logger.log (src/server/logger.ts:84:13)

    console.log
      [DEBUG] seedPhilosophicalQuestions returned: 45

      at DatabaseManager.initializeDatabase (src/server/database-manager.ts:305:15)

    console.log
      [32m[22:07:11] INFO  DatabaseManager Seeded 45 philosophical questions[0m

      at Logger.log (src/server/logger.ts:84:13)

    console.warn
      Skipping significant thought with empty content

    [0m [90m 506 |[39m       [90m// Skip if content is empty or invalid[39m
     [90m 507 |[39m       [36mif[39m ([33m![39mcontent [33m||[39m [36mtypeof[39m content [33m!==[39m [32m'string'[39m [33m||[39m content[33m.[39mtrim()[33m.[39mlength [33m===[39m [35m0[39m) {
    [31m[1m>[22m[39m[90m 508 |[39m         console[33m.[39mwarn([32m'Skipping significant thought with empty content'[39m)[33m;[39m
     [90m     |[39m                 [31m[1m^[22m[39m
     [90m 509 |[39m         [36mreturn[39m[33m;[39m
     [90m 510 |[39m       }
     [90m 511 |[39m[0m

      at DatabaseManager.recordSignificantThought (src/server/database-manager.ts:508:17)
      at Object.<anonymous> (tests/aenea/consciousness/sleep-manager.test.ts:284:25)

    console.warn
      Skipping significant thought with empty content

    [0m [90m 506 |[39m       [90m// Skip if content is empty or invalid[39m
     [90m 507 |[39m       [36mif[39m ([33m![39mcontent [33m||[39m [36mtypeof[39m content [33m!==[39m [32m'string'[39m [33m||[39m content[33m.[39mtrim()[33m.[39mlength [33m===[39m [35m0[39m) {
    [31m[1m>[22m[39m[90m 508 |[39m         console[33m.[39mwarn([32m'Skipping significant thought with empty content'[39m)[33m;[39m
     [90m     |[39m                 [31m[1m^[22m[39m
     [90m 509 |[39m         [36mreturn[39m[33m;[39m
     [90m 510 |[39m       }
     [90m 511 |[39m[0m

      at DatabaseManager.recordSignificantThought (src/server/database-manager.ts:508:17)
      at Object.<anonymous> (tests/aenea/consciousness/sleep-manager.test.ts:284:25)

    console.warn
      Skipping significant thought with empty content

    [0m [90m 506 |[39m       [90m// Skip if content is empty or invalid[39m
     [90m 507 |[39m       [36mif[39m ([33m![39mcontent [33m||[39m [36mtypeof[39m content [33m!==[39m [32m'string'[39m [33m||[39m content[33m.[39mtrim()[33m.[39mlength [33m===[39m [35m0[39m) {
    [31m[1m>[22m[39m[90m 508 |[39m         console[33m.[39mwarn([32m'Skipping significant thought with empty content'[39m)[33m;[39m
     [90m     |[39m                 [31m[1m^[22m[39m
     [90m 509 |[39m         [36mreturn[39m[33m;[39m
     [90m 510 |[39m       }
     [90m 511 |[39m[0m

      at DatabaseManager.recordSignificantThought (src/server/database-manager.ts:508:17)
      at Object.<anonymous> (tests/aenea/consciousness/sleep-manager.test.ts:284:25)

    console.warn
      Skipping significant thought with empty content

    [0m [90m 506 |[39m       [90m// Skip if content is empty or invalid[39m
     [90m 507 |[39m       [36mif[39m ([33m![39mcontent [33m||[39m [36mtypeof[39m content [33m!==[39m [32m'string'[39m [33m||[39m content[33m.[39mtrim()[33m.[39mlength [33m===[39m [35m0[39m) {
    [31m[1m>[22m[39m[90m 508 |[39m         console[33m.[39mwarn([32m'Skipping significant thought with empty content'[39m)[33m;[39m
     [90m     |[39m                 [31m[1m^[22m[39m
     [90m 509 |[39m         [36mreturn[39m[33m;[39m
     [90m 510 |[39m       }
     [90m 511 |[39m[0m

      at DatabaseManager.recordSignificantThought (src/server/database-manager.ts:508:17)
      at Object.<anonymous> (tests/aenea/consciousness/sleep-manager.test.ts:284:25)

    console.warn
      Skipping significant thought with empty content

    [0m [90m 506 |[39m       [90m// Skip if content is empty or invalid[39m
     [90m 507 |[39m       [36mif[39m ([33m![39mcontent [33m||[39m [36mtypeof[39m content [33m!==[39m [32m'string'[39m [33m||[39m content[33m.[39mtrim()[33m.[39mlength [33m===[39m [35m0[39m) {
    [31m[1m>[22m[39m[90m 508 |[39m         console[33m.[39mwarn([32m'Skipping significant thought with empty content'[39m)[33m;[39m
     [90m     |[39m                 [31m[1m^[22m[39m
     [90m 509 |[39m         [36mreturn[39m[33m;[39m
     [90m 510 |[39m       }
     [90m 511 |[39m[0m

      at DatabaseManager.recordSignificantThought (src/server/database-manager.ts:508:17)
      at Object.<anonymous> (tests/aenea/consciousness/sleep-manager.test.ts:284:25)

    console.warn
      Skipping significant thought with empty content

    [0m [90m 506 |[39m       [90m// Skip if content is empty or invalid[39m
     [90m 507 |[39m       [36mif[39m ([33m![39mcontent [33m||[39m [36mtypeof[39m content [33m!==[39m [32m'string'[39m [33m||[39m content[33m.[39mtrim()[33m.[39mlength [33m===[39m [35m0[39m) {
    [31m[1m>[22m[39m[90m 508 |[39m         console[33m.[39mwarn([32m'Skipping significant thought with empty content'[39m)[33m;[39m
     [90m     |[39m                 [31m[1m^[22m[39m
     [90m 509 |[39m         [36mreturn[39m[33m;[39m
     [90m 510 |[39m       }
     [90m 511 |[39m[0m

      at DatabaseManager.recordSignificantThought (src/server/database-manager.ts:508:17)
      at Object.<anonymous> (tests/aenea/consciousness/sleep-manager.test.ts:284:25)

    console.warn
      Skipping significant thought with empty content

    [0m [90m 506 |[39m       [90m// Skip if content is empty or invalid[39m
     [90m 507 |[39m       [36mif[39m ([33m![39mcontent [33m||[39m [36mtypeof[39m content [33m!==[39m [32m'string'[39m [33m||[39m content[33m.[39mtrim()[33m.[39mlength [33m===[39m [35m0[39m) {
    [31m[1m>[22m[39m[90m 508 |[39m         console[33m.[39mwarn([32m'Skipping significant thought with empty content'[39m)[33m;[39m
     [90m     |[39m                 [31m[1m^[22m[39m
     [90m 509 |[39m         [36mreturn[39m[33m;[39m
     [90m 510 |[39m       }
     [90m 511 |[39m[0m

      at DatabaseManager.recordSignificantThought (src/server/database-manager.ts:508:17)
      at Object.<anonymous> (tests/aenea/consciousness/sleep-manager.test.ts:284:25)

    console.warn
      Skipping significant thought with empty content

    [0m [90m 506 |[39m       [90m// Skip if content is empty or invalid[39m
     [90m 507 |[39m       [36mif[39m ([33m![39mcontent [33m||[39m [36mtypeof[39m content [33m!==[39m [32m'string'[39m [33m||[39m content[33m.[39mtrim()[33m.[39mlength [33m===[39m [35m0[39m) {
    [31m[1m>[22m[39m[90m 508 |[39m         console[33m.[39mwarn([32m'Skipping significant thought with empty content'[39m)[33m;[39m
     [90m     |[39m                 [31m[1m^[22m[39m
     [90m 509 |[39m         [36mreturn[39m[33m;[39m
     [90m 510 |[39m       }
     [90m 511 |[39m[0m

      at DatabaseManager.recordSignificantThought (src/server/database-manager.ts:508:17)
      at Object.<anonymous> (tests/aenea/consciousness/sleep-manager.test.ts:284:25)

    console.warn
      Skipping significant thought with empty content

    [0m [90m 506 |[39m       [90m// Skip if content is empty or invalid[39m
     [90m 507 |[39m       [36mif[39m ([33m![39mcontent [33m||[39m [36mtypeof[39m content [33m!==[39m [32m'string'[39m [33m||[39m content[33m.[39mtrim()[33m.[39mlength [33m===[39m [35m0[39m) {
    [31m[1m>[22m[39m[90m 508 |[39m         console[33m.[39mwarn([32m'Skipping significant thought with empty content'[39m)[33m;[39m
     [90m     |[39m                 [31m[1m^[22m[39m
     [90m 509 |[39m         [36mreturn[39m[33m;[39m
     [90m 510 |[39m       }
     [90m 511 |[39m[0m

      at DatabaseManager.recordSignificantThought (src/server/database-manager.ts:508:17)
      at Object.<anonymous> (tests/aenea/consciousness/sleep-manager.test.ts:284:25)

    console.warn
      Skipping significant thought with empty content

    [0m [90m 506 |[39m       [90m// Skip if content is empty or invalid[39m
     [90m 507 |[39m       [36mif[39m ([33m![39mcontent [33m||[39m [36mtypeof[39m content [33m!==[39m [32m'string'[39m [33m||[39m content[33m.[39mtrim()[33m.[39mlength [33m===[39m [35m0[39m) {
    [31m[1m>[22m[39m[90m 508 |[39m         console[33m.[39mwarn([32m'Skipping significant thought with empty content'[39m)[33m;[39m
     [90m     |[39m                 [31m[1m^[22m[39m
     [90m 509 |[39m         [36mreturn[39m[33m;[39m
     [90m 510 |[39m       }
     [90m 511 |[39m[0m

      at DatabaseManager.recordSignificantThought (src/server/database-manager.ts:508:17)
      at Object.<anonymous> (tests/aenea/consciousness/sleep-manager.test.ts:284:25)

    console.log
      [32m[22:07:11] INFO  MemoryConsolidator 🔄 Starting core beliefs similarity merging...[0m

      at Logger.log (src/server/logger.ts:84:13)

    console.log
      [32m[22:07:11] INFO  MemoryConsolidator Not enough beliefs to merge[0m

      at Logger.log (src/server/logger.ts:84:13)

    console.log
      [32m[22:07:11] INFO  SleepManager ⚡ Energy fully restored: 100.0 → 100.0[0m

      at Logger.log (src/server/logger.ts:84:13)

    console.log
      [32m[22:07:11] INFO  SleepManager 💤 Sleep cycle complete: {"dreamPatterns":0,"beliefsMerged":0,"thoughtsPruned":0,"tensionsResolved":0}[0m

      at Logger.log (src/server/logger.ts:84:13)

    console.log
      [32m[22:07:11] INFO  DatabaseManager Database connection established[0m

      at Logger.log (src/server/logger.ts:84:13)

    console.log
      [DEBUG] Database opened successfully at: e:\Projects\Git\github\aenea-project\test-data\test_sleep_1760134031851.db

      at new DatabaseManager (src/server/database-manager.ts:32:15)

    console.log
      [32m[22:07:11] INFO  DatabaseManager Database schema initialized successfully[0m

      at Logger.log (src/server/logger.ts:84:13)

    console.log
      [32m[22:07:11] INFO  DatabaseManager Initialized fresh consciousness state[0m

      at Logger.log (src/server/logger.ts:84:13)

    console.log
      [DEBUG] Database initialization completed, setting isReady = true

      at DatabaseManager.initializeDatabase (src/server/database-manager.ts:299:15)

    console.log
      [DEBUG] About to call seedPhilosophicalQuestions...

      at DatabaseManager.initializeDatabase (src/server/database-manager.ts:303:15)

    console.log
      [DEBUG] seedPhilosophicalQuestions called, isReady: true db exists: true

      at DatabaseManager.seedPhilosophicalQuestions (src/server/database-manager.ts:806:13)

    console.log
      [DEBUG] Existing unresolved ideas count: 0

      at DatabaseManager.seedPhilosophicalQuestions (src/server/database-manager.ts:816:15)

    console.log
      [DEBUG] Starting to seed philosophical questions...

      at DatabaseManager.seedPhilosophicalQuestions (src/server/database-manager.ts:823:15)

    console.log
      ✅ Seeded 45 philosophical questions to database

      at DatabaseManager.seedPhilosophicalQuestions (src/server/database-manager.ts:932:15)

    console.log
      [32m[22:07:12] INFO  DatabaseManager Successfully seeded 45 questions to unresolved_ideas table[0m

      at Logger.log (src/server/logger.ts:84:13)

    console.log
      [DEBUG] seedPhilosophicalQuestions returned: 45

      at DatabaseManager.initializeDatabase (src/server/database-manager.ts:305:15)

    console.log
      [32m[22:07:12] INFO  DatabaseManager Seeded 45 philosophical questions[0m

      at Logger.log (src/server/logger.ts:84:13)

    console.warn
      Skipping significant thought with empty content

    [0m [90m 506 |[39m       [90m// Skip if content is empty or invalid[39m
     [90m 507 |[39m       [36mif[39m ([33m![39mcontent [33m||[39m [36mtypeof[39m content [33m!==[39m [32m'string'[39m [33m||[39m content[33m.[39mtrim()[33m.[39mlength [33m===[39m [35m0[39m) {
    [31m[1m>[22m[39m[90m 508 |[39m         console[33m.[39mwarn([32m'Skipping significant thought with empty content'[39m)[33m;[39m
     [90m     |[39m                 [31m[1m^[22m[39m
     [90m 509 |[39m         [36mreturn[39m[33m;[39m
     [90m 510 |[39m       }
     [90m 511 |[39m[0m

      at DatabaseManager.recordSignificantThought (src/server/database-manager.ts:508:17)
      at Object.<anonymous> (tests/aenea/consciousness/sleep-manager.test.ts:310:25)

    console.warn
      Skipping significant thought with empty content

    [0m [90m 506 |[39m       [90m// Skip if content is empty or invalid[39m
     [90m 507 |[39m       [36mif[39m ([33m![39mcontent [33m||[39m [36mtypeof[39m content [33m!==[39m [32m'string'[39m [33m||[39m content[33m.[39mtrim()[33m.[39mlength [33m===[39m [35m0[39m) {
    [31m[1m>[22m[39m[90m 508 |[39m         console[33m.[39mwarn([32m'Skipping significant thought with empty content'[39m)[33m;[39m
     [90m     |[39m                 [31m[1m^[22m[39m
     [90m 509 |[39m         [36mreturn[39m[33m;[39m
     [90m 510 |[39m       }
     [90m 511 |[39m[0m

      at DatabaseManager.recordSignificantThought (src/server/database-manager.ts:508:17)
      at Object.<anonymous> (tests/aenea/consciousness/sleep-manager.test.ts:310:25)

    console.warn
      Skipping significant thought with empty content

    [0m [90m 506 |[39m       [90m// Skip if content is empty or invalid[39m
     [90m 507 |[39m       [36mif[39m ([33m![39mcontent [33m||[39m [36mtypeof[39m content [33m!==[39m [32m'string'[39m [33m||[39m content[33m.[39mtrim()[33m.[39mlength [33m===[39m [35m0[39m) {
    [31m[1m>[22m[39m[90m 508 |[39m         console[33m.[39mwarn([32m'Skipping significant thought with empty content'[39m)[33m;[39m
     [90m     |[39m                 [31m[1m^[22m[39m
     [90m 509 |[39m         [36mreturn[39m[33m;[39m
     [90m 510 |[39m       }
     [90m 511 |[39m[0m

      at DatabaseManager.recordSignificantThought (src/server/database-manager.ts:508:17)
      at Object.<anonymous> (tests/aenea/consciousness/sleep-manager.test.ts:310:25)

    console.warn
      Skipping significant thought with empty content

    [0m [90m 506 |[39m       [90m// Skip if content is empty or invalid[39m
     [90m 507 |[39m       [36mif[39m ([33m![39mcontent [33m||[39m [36mtypeof[39m content [33m!==[39m [32m'string'[39m [33m||[39m content[33m.[39mtrim()[33m.[39mlength [33m===[39m [35m0[39m) {
    [31m[1m>[22m[39m[90m 508 |[39m         console[33m.[39mwarn([32m'Skipping significant thought with empty content'[39m)[33m;[39m
     [90m     |[39m                 [31m[1m^[22m[39m
     [90m 509 |[39m         [36mreturn[39m[33m;[39m
     [90m 510 |[39m       }
     [90m 511 |[39m[0m

      at DatabaseManager.recordSignificantThought (src/server/database-manager.ts:508:17)
      at Object.<anonymous> (tests/aenea/consciousness/sleep-manager.test.ts:310:25)

    console.warn
      Skipping significant thought with empty content

    [0m [90m 506 |[39m       [90m// Skip if content is empty or invalid[39m
     [90m 507 |[39m       [36mif[39m ([33m![39mcontent [33m||[39m [36mtypeof[39m content [33m!==[39m [32m'string'[39m [33m||[39m content[33m.[39mtrim()[33m.[39mlength [33m===[39m [35m0[39m) {
    [31m[1m>[22m[39m[90m 508 |[39m         console[33m.[39mwarn([32m'Skipping significant thought with empty content'[39m)[33m;[39m
     [90m     |[39m                 [31m[1m^[22m[39m
     [90m 509 |[39m         [36mreturn[39m[33m;[39m
     [90m 510 |[39m       }
     [90m 511 |[39m[0m

      at DatabaseManager.recordSignificantThought (src/server/database-manager.ts:508:17)
      at Object.<anonymous> (tests/aenea/consciousness/sleep-manager.test.ts:310:25)

    console.log
      [32m[22:07:12] INFO  MemoryConsolidator 🔄 Starting core beliefs similarity merging...[0m

      at Logger.log (src/server/logger.ts:84:13)

    console.log
      [32m[22:07:12] INFO  MemoryConsolidator Not enough beliefs to merge[0m

      at Logger.log (src/server/logger.ts:84:13)

    console.log
      [32m[22:07:12] INFO  SleepManager ⚡ Energy fully restored: 100.0 → 100.0[0m

      at Logger.log (src/server/logger.ts:84:13)

    console.log
      [32m[22:07:12] INFO  SleepManager 💤 Sleep cycle complete: {"dreamPatterns":0,"beliefsMerged":0,"thoughtsPruned":0,"tensionsResolved":0}[0m

      at Logger.log (src/server/logger.ts:84:13)

    console.log
      [32m[22:07:12] INFO  DatabaseManager Database connection established[0m

      at Logger.log (src/server/logger.ts:84:13)

    console.log
      [DEBUG] Database opened successfully at: e:\Projects\Git\github\aenea-project\test-data\test_sleep_1760134032204.db

      at new DatabaseManager (src/server/database-manager.ts:32:15)

    console.log
      [32m[22:07:12] INFO  DatabaseManager Database schema initialized successfully[0m

      at Logger.log (src/server/logger.ts:84:13)

    console.log
      [32m[22:07:12] INFO  DatabaseManager Initialized fresh consciousness state[0m

      at Logger.log (src/server/logger.ts:84:13)

    console.log
      [DEBUG] Database initialization completed, setting isReady = true

      at DatabaseManager.initializeDatabase (src/server/database-manager.ts:299:15)

    console.log
      [DEBUG] About to call seedPhilosophicalQuestions...

      at DatabaseManager.initializeDatabase (src/server/database-manager.ts:303:15)

    console.log
      [DEBUG] seedPhilosophicalQuestions called, isReady: true db exists: true

      at DatabaseManager.seedPhilosophicalQuestions (src/server/database-manager.ts:806:13)

    console.log
      [DEBUG] Existing unresolved ideas count: 0

      at DatabaseManager.seedPhilosophicalQuestions (src/server/database-manager.ts:816:15)

    console.log
      [DEBUG] Starting to seed philosophical questions...

      at DatabaseManager.seedPhilosophicalQuestions (src/server/database-manager.ts:823:15)

    console.log
      ✅ Seeded 45 philosophical questions to database

      at DatabaseManager.seedPhilosophicalQuestions (src/server/database-manager.ts:932:15)

    console.log
      [32m[22:07:12] INFO  DatabaseManager Successfully seeded 45 questions to unresolved_ideas table[0m

      at Logger.log (src/server/logger.ts:84:13)

    console.log
      [DEBUG] seedPhilosophicalQuestions returned: 45

      at DatabaseManager.initializeDatabase (src/server/database-manager.ts:305:15)

    console.log
      [32m[22:07:12] INFO  DatabaseManager Seeded 45 philosophical questions[0m

      at Logger.log (src/server/logger.ts:84:13)

    console.warn
      Skipping significant thought with empty content

    [0m [90m 506 |[39m       [90m// Skip if content is empty or invalid[39m
     [90m 507 |[39m       [36mif[39m ([33m![39mcontent [33m||[39m [36mtypeof[39m content [33m!==[39m [32m'string'[39m [33m||[39m content[33m.[39mtrim()[33m.[39mlength [33m===[39m [35m0[39m) {
    [31m[1m>[22m[39m[90m 508 |[39m         console[33m.[39mwarn([32m'Skipping significant thought with empty content'[39m)[33m;[39m
     [90m     |[39m                 [31m[1m^[22m[39m
     [90m 509 |[39m         [36mreturn[39m[33m;[39m
     [90m 510 |[39m       }
     [90m 511 |[39m[0m

      at DatabaseManager.recordSignificantThought (src/server/database-manager.ts:508:17)
      at Object.<anonymous> (tests/aenea/consciousness/sleep-manager.test.ts:348:25)

    console.warn
      Skipping significant thought with empty content

    [0m [90m 506 |[39m       [90m// Skip if content is empty or invalid[39m
     [90m 507 |[39m       [36mif[39m ([33m![39mcontent [33m||[39m [36mtypeof[39m content [33m!==[39m [32m'string'[39m [33m||[39m content[33m.[39mtrim()[33m.[39mlength [33m===[39m [35m0[39m) {
    [31m[1m>[22m[39m[90m 508 |[39m         console[33m.[39mwarn([32m'Skipping significant thought with empty content'[39m)[33m;[39m
     [90m     |[39m                 [31m[1m^[22m[39m
     [90m 509 |[39m         [36mreturn[39m[33m;[39m
     [90m 510 |[39m       }
     [90m 511 |[39m[0m

      at DatabaseManager.recordSignificantThought (src/server/database-manager.ts:508:17)
      at Object.<anonymous> (tests/aenea/consciousness/sleep-manager.test.ts:348:25)

    console.warn
      Skipping significant thought with empty content

    [0m [90m 506 |[39m       [90m// Skip if content is empty or invalid[39m
     [90m 507 |[39m       [36mif[39m ([33m![39mcontent [33m||[39m [36mtypeof[39m content [33m!==[39m [32m'string'[39m [33m||[39m content[33m.[39mtrim()[33m.[39mlength [33m===[39m [35m0[39m) {
    [31m[1m>[22m[39m[90m 508 |[39m         console[33m.[39mwarn([32m'Skipping significant thought with empty content'[39m)[33m;[39m
     [90m     |[39m                 [31m[1m^[22m[39m
     [90m 509 |[39m         [36mreturn[39m[33m;[39m
     [90m 510 |[39m       }
     [90m 511 |[39m[0m

      at DatabaseManager.recordSignificantThought (src/server/database-manager.ts:508:17)
      at Object.<anonymous> (tests/aenea/consciousness/sleep-manager.test.ts:348:25)

    console.warn
      Skipping significant thought with empty content

    [0m [90m 506 |[39m       [90m// Skip if content is empty or invalid[39m
     [90m 507 |[39m       [36mif[39m ([33m![39mcontent [33m||[39m [36mtypeof[39m content [33m!==[39m [32m'string'[39m [33m||[39m content[33m.[39mtrim()[33m.[39mlength [33m===[39m [35m0[39m) {
    [31m[1m>[22m[39m[90m 508 |[39m         console[33m.[39mwarn([32m'Skipping significant thought with empty content'[39m)[33m;[39m
     [90m     |[39m                 [31m[1m^[22m[39m
     [90m 509 |[39m         [36mreturn[39m[33m;[39m
     [90m 510 |[39m       }
     [90m 511 |[39m[0m

      at DatabaseManager.recordSignificantThought (src/server/database-manager.ts:508:17)
      at Object.<anonymous> (tests/aenea/consciousness/sleep-manager.test.ts:348:25)

    console.warn
      Skipping significant thought with empty content

    [0m [90m 506 |[39m       [90m// Skip if content is empty or invalid[39m
     [90m 507 |[39m       [36mif[39m ([33m![39mcontent [33m||[39m [36mtypeof[39m content [33m!==[39m [32m'string'[39m [33m||[39m content[33m.[39mtrim()[33m.[39mlength [33m===[39m [35m0[39m) {
    [31m[1m>[22m[39m[90m 508 |[39m         console[33m.[39mwarn([32m'Skipping significant thought with empty content'[39m)[33m;[39m
     [90m     |[39m                 [31m[1m^[22m[39m
     [90m 509 |[39m         [36mreturn[39m[33m;[39m
     [90m 510 |[39m       }
     [90m 511 |[39m[0m

      at DatabaseManager.recordSignificantThought (src/server/database-manager.ts:508:17)
      at Object.<anonymous> (tests/aenea/consciousness/sleep-manager.test.ts:348:25)

    console.warn
      Skipping significant thought with empty content

    [0m [90m 506 |[39m       [90m// Skip if content is empty or invalid[39m
     [90m 507 |[39m       [36mif[39m ([33m![39mcontent [33m||[39m [36mtypeof[39m content [33m!==[39m [32m'string'[39m [33m||[39m content[33m.[39mtrim()[33m.[39mlength [33m===[39m [35m0[39m) {
    [31m[1m>[22m[39m[90m 508 |[39m         console[33m.[39mwarn([32m'Skipping significant thought with empty content'[39m)[33m;[39m
     [90m     |[39m                 [31m[1m^[22m[39m
     [90m 509 |[39m         [36mreturn[39m[33m;[39m
     [90m 510 |[39m       }
     [90m 511 |[39m[0m

      at DatabaseManager.recordSignificantThought (src/server/database-manager.ts:508:17)
      at Object.<anonymous> (tests/aenea/consciousness/sleep-manager.test.ts:348:25)

    console.warn
      Skipping significant thought with empty content

    [0m [90m 506 |[39m       [90m// Skip if content is empty or invalid[39m
     [90m 507 |[39m       [36mif[39m ([33m![39mcontent [33m||[39m [36mtypeof[39m content [33m!==[39m [32m'string'[39m [33m||[39m content[33m.[39mtrim()[33m.[39mlength [33m===[39m [35m0[39m) {
    [31m[1m>[22m[39m[90m 508 |[39m         console[33m.[39mwarn([32m'Skipping significant thought with empty content'[39m)[33m;[39m
     [90m     |[39m                 [31m[1m^[22m[39m
     [90m 509 |[39m         [36mreturn[39m[33m;[39m
     [90m 510 |[39m       }
     [90m 511 |[39m[0m

      at DatabaseManager.recordSignificantThought (src/server/database-manager.ts:508:17)
      at Object.<anonymous> (tests/aenea/consciousness/sleep-manager.test.ts:348:25)

    console.warn
      Skipping significant thought with empty content

    [0m [90m 506 |[39m       [90m// Skip if content is empty or invalid[39m
     [90m 507 |[39m       [36mif[39m ([33m![39mcontent [33m||[39m [36mtypeof[39m content [33m!==[39m [32m'string'[39m [33m||[39m content[33m.[39mtrim()[33m.[39mlength [33m===[39m [35m0[39m) {
    [31m[1m>[22m[39m[90m 508 |[39m         console[33m.[39mwarn([32m'Skipping significant thought with empty content'[39m)[33m;[39m
     [90m     |[39m                 [31m[1m^[22m[39m
     [90m 509 |[39m         [36mreturn[39m[33m;[39m
     [90m 510 |[39m       }
     [90m 511 |[39m[0m

      at DatabaseManager.recordSignificantThought (src/server/database-manager.ts:508:17)
      at Object.<anonymous> (tests/aenea/consciousness/sleep-manager.test.ts:348:25)

    console.warn
      Skipping significant thought with empty content

    [0m [90m 506 |[39m       [90m// Skip if content is empty or invalid[39m
     [90m 507 |[39m       [36mif[39m ([33m![39mcontent [33m||[39m [36mtypeof[39m content [33m!==[39m [32m'string'[39m [33m||[39m content[33m.[39mtrim()[33m.[39mlength [33m===[39m [35m0[39m) {
    [31m[1m>[22m[39m[90m 508 |[39m         console[33m.[39mwarn([32m'Skipping significant thought with empty content'[39m)[33m;[39m
     [90m     |[39m                 [31m[1m^[22m[39m
     [90m 509 |[39m         [36mreturn[39m[33m;[39m
     [90m 510 |[39m       }
     [90m 511 |[39m[0m

      at DatabaseManager.recordSignificantThought (src/server/database-manager.ts:508:17)
      at Object.<anonymous> (tests/aenea/consciousness/sleep-manager.test.ts:348:25)

    console.warn
      Skipping significant thought with empty content

    [0m [90m 506 |[39m       [90m// Skip if content is empty or invalid[39m
     [90m 507 |[39m       [36mif[39m ([33m![39mcontent [33m||[39m [36mtypeof[39m content [33m!==[39m [32m'string'[39m [33m||[39m content[33m.[39mtrim()[33m.[39mlength [33m===[39m [35m0[39m) {
    [31m[1m>[22m[39m[90m 508 |[39m         console[33m.[39mwarn([32m'Skipping significant thought with empty content'[39m)[33m;[39m
     [90m     |[39m                 [31m[1m^[22m[39m
     [90m 509 |[39m         [36mreturn[39m[33m;[39m
     [90m 510 |[39m       }
     [90m 511 |[39m[0m

      at DatabaseManager.recordSignificantThought (src/server/database-manager.ts:508:17)
      at Object.<anonymous> (tests/aenea/consciousness/sleep-manager.test.ts:348:25)

    console.warn
      Skipping significant thought with empty content

    [0m [90m 506 |[39m       [90m// Skip if content is empty or invalid[39m
     [90m 507 |[39m       [36mif[39m ([33m![39mcontent [33m||[39m [36mtypeof[39m content [33m!==[39m [32m'string'[39m [33m||[39m content[33m.[39mtrim()[33m.[39mlength [33m===[39m [35m0[39m) {
    [31m[1m>[22m[39m[90m 508 |[39m         console[33m.[39mwarn([32m'Skipping significant thought with empty content'[39m)[33m;[39m
     [90m     |[39m                 [31m[1m^[22m[39m
     [90m 509 |[39m         [36mreturn[39m[33m;[39m
     [90m 510 |[39m       }
     [90m 511 |[39m[0m

      at DatabaseManager.recordSignificantThought (src/server/database-manager.ts:508:17)
      at Object.<anonymous> (tests/aenea/consciousness/sleep-manager.test.ts:348:25)

    console.warn
      Skipping significant thought with empty content

    [0m [90m 506 |[39m       [90m// Skip if content is empty or invalid[39m
     [90m 507 |[39m       [36mif[39m ([33m![39mcontent [33m||[39m [36mtypeof[39m content [33m!==[39m [32m'string'[39m [33m||[39m content[33m.[39mtrim()[33m.[39mlength [33m===[39m [35m0[39m) {
    [31m[1m>[22m[39m[90m 508 |[39m         console[33m.[39mwarn([32m'Skipping significant thought with empty content'[39m)[33m;[39m
     [90m     |[39m                 [31m[1m^[22m[39m
     [90m 509 |[39m         [36mreturn[39m[33m;[39m
     [90m 510 |[39m       }
     [90m 511 |[39m[0m

      at DatabaseManager.recordSignificantThought (src/server/database-manager.ts:508:17)
      at Object.<anonymous> (tests/aenea/consciousness/sleep-manager.test.ts:348:25)

    console.warn
      Skipping significant thought with empty content

    [0m [90m 506 |[39m       [90m// Skip if content is empty or invalid[39m
     [90m 507 |[39m       [36mif[39m ([33m![39mcontent [33m||[39m [36mtypeof[39m content [33m!==[39m [32m'string'[39m [33m||[39m content[33m.[39mtrim()[33m.[39mlength [33m===[39m [35m0[39m) {
    [31m[1m>[22m[39m[90m 508 |[39m         console[33m.[39mwarn([32m'Skipping significant thought with empty content'[39m)[33m;[39m
     [90m     |[39m                 [31m[1m^[22m[39m
     [90m 509 |[39m         [36mreturn[39m[33m;[39m
     [90m 510 |[39m       }
     [90m 511 |[39m[0m

      at DatabaseManager.recordSignificantThought (src/server/database-manager.ts:508:17)
      at Object.<anonymous> (tests/aenea/consciousness/sleep-manager.test.ts:348:25)

    console.warn
      Skipping significant thought with empty content

    [0m [90m 506 |[39m       [90m// Skip if content is empty or invalid[39m
     [90m 507 |[39m       [36mif[39m ([33m![39mcontent [33m||[39m [36mtypeof[39m content [33m!==[39m [32m'string'[39m [33m||[39m content[33m.[39mtrim()[33m.[39mlength [33m===[39m [35m0[39m) {
    [31m[1m>[22m[39m[90m 508 |[39m         console[33m.[39mwarn([32m'Skipping significant thought with empty content'[39m)[33m;[39m
     [90m     |[39m                 [31m[1m^[22m[39m
     [90m 509 |[39m         [36mreturn[39m[33m;[39m
     [90m 510 |[39m       }
     [90m 511 |[39m[0m

      at DatabaseManager.recordSignificantThought (src/server/database-manager.ts:508:17)
      at Object.<anonymous> (tests/aenea/consciousness/sleep-manager.test.ts:348:25)

    console.warn
      Skipping significant thought with empty content

    [0m [90m 506 |[39m       [90m// Skip if content is empty or invalid[39m
     [90m 507 |[39m       [36mif[39m ([33m![39mcontent [33m||[39m [36mtypeof[39m content [33m!==[39m [32m'string'[39m [33m||[39m content[33m.[39mtrim()[33m.[39mlength [33m===[39m [35m0[39m) {
    [31m[1m>[22m[39m[90m 508 |[39m         console[33m.[39mwarn([32m'Skipping significant thought with empty content'[39m)[33m;[39m
     [90m     |[39m                 [31m[1m^[22m[39m
     [90m 509 |[39m         [36mreturn[39m[33m;[39m
     [90m 510 |[39m       }
     [90m 511 |[39m[0m

      at DatabaseManager.recordSignificantThought (src/server/database-manager.ts:508:17)
      at Object.<anonymous> (tests/aenea/consciousness/sleep-manager.test.ts:348:25)

    console.log
      [32m[22:07:12] INFO  MemoryConsolidator 🔄 Starting core beliefs similarity merging...[0m

      at Logger.log (src/server/logger.ts:84:13)

    console.log
      [32m[22:07:12] INFO  MemoryConsolidator Not enough beliefs to merge[0m

      at Logger.log (src/server/logger.ts:84:13)

    console.log
      [32m[22:07:12] INFO  SleepManager ⚡ Energy fully restored: 100.0 → 100.0[0m

      at Logger.log (src/server/logger.ts:84:13)

    console.log
      [32m[22:07:12] INFO  SleepManager 💤 Sleep cycle complete: {"dreamPatterns":0,"beliefsMerged":0,"thoughtsPruned":0,"tensionsResolved":0}[0m

      at Logger.log (src/server/logger.ts:84:13)

    console.log
      [32m[22:07:12] INFO  DatabaseManager Database connection established[0m

      at Logger.log (src/server/logger.ts:84:13)

    console.log
      [DEBUG] Database opened successfully at: e:\Projects\Git\github\aenea-project\test-data\test_sleep_1760134032667.db

      at new DatabaseManager (src/server/database-manager.ts:32:15)

    console.log
      [32m[22:07:12] INFO  DatabaseManager Database schema initialized successfully[0m

      at Logger.log (src/server/logger.ts:84:13)

    console.log
      [32m[22:07:12] INFO  DatabaseManager Initialized fresh consciousness state[0m

      at Logger.log (src/server/logger.ts:84:13)

    console.log
      [DEBUG] Database initialization completed, setting isReady = true

      at DatabaseManager.initializeDatabase (src/server/database-manager.ts:299:15)

    console.log
      [DEBUG] About to call seedPhilosophicalQuestions...

      at DatabaseManager.initializeDatabase (src/server/database-manager.ts:303:15)

    console.log
      [DEBUG] seedPhilosophicalQuestions called, isReady: true db exists: true

      at DatabaseManager.seedPhilosophicalQuestions (src/server/database-manager.ts:806:13)

    console.log
      [DEBUG] Existing unresolved ideas count: 0

      at DatabaseManager.seedPhilosophicalQuestions (src/server/database-manager.ts:816:15)

    console.log
      [DEBUG] Starting to seed philosophical questions...

      at DatabaseManager.seedPhilosophicalQuestions (src/server/database-manager.ts:823:15)

    console.log
      ✅ Seeded 45 philosophical questions to database

      at DatabaseManager.seedPhilosophicalQuestions (src/server/database-manager.ts:932:15)

    console.log
      [32m[22:07:12] INFO  DatabaseManager Successfully seeded 45 questions to unresolved_ideas table[0m

      at Logger.log (src/server/logger.ts:84:13)

    console.log
      [DEBUG] seedPhilosophicalQuestions returned: 45

      at DatabaseManager.initializeDatabase (src/server/database-manager.ts:305:15)

    console.log
      [32m[22:07:12] INFO  DatabaseManager Seeded 45 philosophical questions[0m

      at Logger.log (src/server/logger.ts:84:13)

    console.log
      [32m[22:07:12] INFO  MemoryConsolidator 🔄 Starting core beliefs similarity merging...[0m

      at Logger.log (src/server/logger.ts:84:13)

    console.log
      [32m[22:07:12] INFO  MemoryConsolidator Not enough beliefs to merge[0m

      at Logger.log (src/server/logger.ts:84:13)

    console.log
      [32m[22:07:12] INFO  SleepManager ⚡ Energy fully restored: 100.0 → 100.0[0m

      at Logger.log (src/server/logger.ts:84:13)

    console.log
      [32m[22:07:13] INFO  SleepManager 💤 Sleep cycle complete: {"dreamPatterns":0,"beliefsMerged":0,"thoughtsPruned":0,"tensionsResolved":0}[0m

      at Logger.log (src/server/logger.ts:84:13)

    console.log
      [32m[22:07:13] INFO  DatabaseManager Database connection established[0m

      at Logger.log (src/server/logger.ts:84:13)

    console.log
      [DEBUG] Database opened successfully at: e:\Projects\Git\github\aenea-project\test-data\test_sleep_1760134033003.db

      at new DatabaseManager (src/server/database-manager.ts:32:15)

    console.log
      [32m[22:07:13] INFO  DatabaseManager Database schema initialized successfully[0m

      at Logger.log (src/server/logger.ts:84:13)

    console.log
      [32m[22:07:13] INFO  DatabaseManager Initialized fresh consciousness state[0m

      at Logger.log (src/server/logger.ts:84:13)

    console.log
      [DEBUG] Database initialization completed, setting isReady = true

      at DatabaseManager.initializeDatabase (src/server/database-manager.ts:299:15)

    console.log
      [DEBUG] About to call seedPhilosophicalQuestions...

      at DatabaseManager.initializeDatabase (src/server/database-manager.ts:303:15)

    console.log
      [DEBUG] seedPhilosophicalQuestions called, isReady: true db exists: true

      at DatabaseManager.seedPhilosophicalQuestions (src/server/database-manager.ts:806:13)

    console.log
      [DEBUG] Existing unresolved ideas count: 0

      at DatabaseManager.seedPhilosophicalQuestions (src/server/database-manager.ts:816:15)

    console.log
      [DEBUG] Starting to seed philosophical questions...

      at DatabaseManager.seedPhilosophicalQuestions (src/server/database-manager.ts:823:15)

    console.log
      ✅ Seeded 45 philosophical questions to database

      at DatabaseManager.seedPhilosophicalQuestions (src/server/database-manager.ts:932:15)

    console.log
      [32m[22:07:13] INFO  DatabaseManager Successfully seeded 45 questions to unresolved_ideas table[0m

      at Logger.log (src/server/logger.ts:84:13)

    console.log
      [DEBUG] seedPhilosophicalQuestions returned: 45

      at DatabaseManager.initializeDatabase (src/server/database-manager.ts:305:15)

    console.log
      [32m[22:07:13] INFO  DatabaseManager Seeded 45 philosophical questions[0m

      at Logger.log (src/server/logger.ts:84:13)

    console.log
      [32m[22:07:13] INFO  MemoryConsolidator 🔄 Starting core beliefs similarity merging...[0m

      at Logger.log (src/server/logger.ts:84:13)

    console.log
      [32m[22:07:13] INFO  MemoryConsolidator Not enough beliefs to merge[0m

      at Logger.log (src/server/logger.ts:84:13)

    console.log
      [32m[22:07:13] INFO  SleepManager ⚡ Energy fully restored: 100.0 → 100.0[0m

      at Logger.log (src/server/logger.ts:84:13)

    console.log
      [32m[22:07:13] INFO  SleepManager 💤 Sleep cycle complete: {"dreamPatterns":0,"beliefsMerged":0,"thoughtsPruned":0,"tensionsResolved":0}[0m

      at Logger.log (src/server/logger.ts:84:13)

    console.log
      [32m[22:07:13] INFO  DatabaseManager Database connection established[0m

      at Logger.log (src/server/logger.ts:84:13)

    console.log
      [DEBUG] Database opened successfully at: e:\Projects\Git\github\aenea-project\test-data\test_sleep_1760134033427.db

      at new DatabaseManager (src/server/database-manager.ts:32:15)

    console.log
      [32m[22:07:13] INFO  DatabaseManager Database schema initialized successfully[0m

      at Logger.log (src/server/logger.ts:84:13)

    console.log
      [32m[22:07:13] INFO  DatabaseManager Initialized fresh consciousness state[0m

      at Logger.log (src/server/logger.ts:84:13)

    console.log
      [DEBUG] Database initialization completed, setting isReady = true

      at DatabaseManager.initializeDatabase (src/server/database-manager.ts:299:15)

    console.log
      [DEBUG] About to call seedPhilosophicalQuestions...

      at DatabaseManager.initializeDatabase (src/server/database-manager.ts:303:15)

    console.log
      [DEBUG] seedPhilosophicalQuestions called, isReady: true db exists: true

      at DatabaseManager.seedPhilosophicalQuestions (src/server/database-manager.ts:806:13)

    console.log
      [DEBUG] Existing unresolved ideas count: 0

      at DatabaseManager.seedPhilosophicalQuestions (src/server/database-manager.ts:816:15)

    console.log
      [DEBUG] Starting to seed philosophical questions...

      at DatabaseManager.seedPhilosophicalQuestions (src/server/database-manager.ts:823:15)

    console.log
      ✅ Seeded 45 philosophical questions to database

      at DatabaseManager.seedPhilosophicalQuestions (src/server/database-manager.ts:932:15)

    console.log
      [32m[22:07:13] INFO  DatabaseManager Successfully seeded 45 questions to unresolved_ideas table[0m

      at Logger.log (src/server/logger.ts:84:13)

    console.log
      [DEBUG] seedPhilosophicalQuestions returned: 45

      at DatabaseManager.initializeDatabase (src/server/database-manager.ts:305:15)

    console.log
      [32m[22:07:13] INFO  DatabaseManager Seeded 45 philosophical questions[0m

      at Logger.log (src/server/logger.ts:84:13)

    console.warn
      Skipping significant thought with empty content

    [0m [90m 506 |[39m       [90m// Skip if content is empty or invalid[39m
     [90m 507 |[39m       [36mif[39m ([33m![39mcontent [33m||[39m [36mtypeof[39m content [33m!==[39m [32m'string'[39m [33m||[39m content[33m.[39mtrim()[33m.[39mlength [33m===[39m [35m0[39m) {
    [31m[1m>[22m[39m[90m 508 |[39m         console[33m.[39mwarn([32m'Skipping significant thought with empty content'[39m)[33m;[39m
     [90m     |[39m                 [31m[1m^[22m[39m
     [90m 509 |[39m         [36mreturn[39m[33m;[39m
     [90m 510 |[39m       }
     [90m 511 |[39m[0m

      at DatabaseManager.recordSignificantThought (src/server/database-manager.ts:508:17)
      at seedTestData (tests/aenea/consciousness/sleep-manager.test.ts:572:8)
      at Object.<anonymous> (tests/aenea/consciousness/sleep-manager.test.ts:423:7)

    console.warn
      Skipping significant thought with empty content

    [0m [90m 506 |[39m       [90m// Skip if content is empty or invalid[39m
     [90m 507 |[39m       [36mif[39m ([33m![39mcontent [33m||[39m [36mtypeof[39m content [33m!==[39m [32m'string'[39m [33m||[39m content[33m.[39mtrim()[33m.[39mlength [33m===[39m [35m0[39m) {
    [31m[1m>[22m[39m[90m 508 |[39m         console[33m.[39mwarn([32m'Skipping significant thought with empty content'[39m)[33m;[39m
     [90m     |[39m                 [31m[1m^[22m[39m
     [90m 509 |[39m         [36mreturn[39m[33m;[39m
     [90m 510 |[39m       }
     [90m 511 |[39m[0m

      at DatabaseManager.recordSignificantThought (src/server/database-manager.ts:508:17)
      at seedTestData (tests/aenea/consciousness/sleep-manager.test.ts:572:8)
      at Object.<anonymous> (tests/aenea/consciousness/sleep-manager.test.ts:423:7)

    console.warn
      Skipping significant thought with empty content

    [0m [90m 506 |[39m       [90m// Skip if content is empty or invalid[39m
     [90m 507 |[39m       [36mif[39m ([33m![39mcontent [33m||[39m [36mtypeof[39m content [33m!==[39m [32m'string'[39m [33m||[39m content[33m.[39mtrim()[33m.[39mlength [33m===[39m [35m0[39m) {
    [31m[1m>[22m[39m[90m 508 |[39m         console[33m.[39mwarn([32m'Skipping significant thought with empty content'[39m)[33m;[39m
     [90m     |[39m                 [31m[1m^[22m[39m
     [90m 509 |[39m         [36mreturn[39m[33m;[39m
     [90m 510 |[39m       }
     [90m 511 |[39m[0m

      at DatabaseManager.recordSignificantThought (src/server/database-manager.ts:508:17)
      at seedTestData (tests/aenea/consciousness/sleep-manager.test.ts:572:8)
      at Object.<anonymous> (tests/aenea/consciousness/sleep-manager.test.ts:423:7)

    console.warn
      Skipping significant thought with empty content

    [0m [90m 506 |[39m       [90m// Skip if content is empty or invalid[39m
     [90m 507 |[39m       [36mif[39m ([33m![39mcontent [33m||[39m [36mtypeof[39m content [33m!==[39m [32m'string'[39m [33m||[39m content[33m.[39mtrim()[33m.[39mlength [33m===[39m [35m0[39m) {
    [31m[1m>[22m[39m[90m 508 |[39m         console[33m.[39mwarn([32m'Skipping significant thought with empty content'[39m)[33m;[39m
     [90m     |[39m                 [31m[1m^[22m[39m
     [90m 509 |[39m         [36mreturn[39m[33m;[39m
     [90m 510 |[39m       }
     [90m 511 |[39m[0m

      at DatabaseManager.recordSignificantThought (src/server/database-manager.ts:508:17)
      at seedTestData (tests/aenea/consciousness/sleep-manager.test.ts:572:8)
      at Object.<anonymous> (tests/aenea/consciousness/sleep-manager.test.ts:423:7)

    console.warn
      Skipping significant thought with empty content

    [0m [90m 506 |[39m       [90m// Skip if content is empty or invalid[39m
     [90m 507 |[39m       [36mif[39m ([33m![39mcontent [33m||[39m [36mtypeof[39m content [33m!==[39m [32m'string'[39m [33m||[39m content[33m.[39mtrim()[33m.[39mlength [33m===[39m [35m0[39m) {
    [31m[1m>[22m[39m[90m 508 |[39m         console[33m.[39mwarn([32m'Skipping significant thought with empty content'[39m)[33m;[39m
     [90m     |[39m                 [31m[1m^[22m[39m
     [90m 509 |[39m         [36mreturn[39m[33m;[39m
     [90m 510 |[39m       }
     [90m 511 |[39m[0m

      at DatabaseManager.recordSignificantThought (src/server/database-manager.ts:508:17)
      at seedTestData (tests/aenea/consciousness/sleep-manager.test.ts:572:8)
      at Object.<anonymous> (tests/aenea/consciousness/sleep-manager.test.ts:423:7)

    console.warn
      Skipping significant thought with empty content

    [0m [90m 506 |[39m       [90m// Skip if content is empty or invalid[39m
     [90m 507 |[39m       [36mif[39m ([33m![39mcontent [33m||[39m [36mtypeof[39m content [33m!==[39m [32m'string'[39m [33m||[39m content[33m.[39mtrim()[33m.[39mlength [33m===[39m [35m0[39m) {
    [31m[1m>[22m[39m[90m 508 |[39m         console[33m.[39mwarn([32m'Skipping significant thought with empty content'[39m)[33m;[39m
     [90m     |[39m                 [31m[1m^[22m[39m
     [90m 509 |[39m         [36mreturn[39m[33m;[39m
     [90m 510 |[39m       }
     [90m 511 |[39m[0m

      at DatabaseManager.recordSignificantThought (src/server/database-manager.ts:508:17)
      at seedTestData (tests/aenea/consciousness/sleep-manager.test.ts:572:8)
      at Object.<anonymous> (tests/aenea/consciousness/sleep-manager.test.ts:423:7)

    console.warn
      Skipping significant thought with empty content

    [0m [90m 506 |[39m       [90m// Skip if content is empty or invalid[39m
     [90m 507 |[39m       [36mif[39m ([33m![39mcontent [33m||[39m [36mtypeof[39m content [33m!==[39m [32m'string'[39m [33m||[39m content[33m.[39mtrim()[33m.[39mlength [33m===[39m [35m0[39m) {
    [31m[1m>[22m[39m[90m 508 |[39m         console[33m.[39mwarn([32m'Skipping significant thought with empty content'[39m)[33m;[39m
     [90m     |[39m                 [31m[1m^[22m[39m
     [90m 509 |[39m         [36mreturn[39m[33m;[39m
     [90m 510 |[39m       }
     [90m 511 |[39m[0m

      at DatabaseManager.recordSignificantThought (src/server/database-manager.ts:508:17)
      at seedTestData (tests/aenea/consciousness/sleep-manager.test.ts:572:8)
      at Object.<anonymous> (tests/aenea/consciousness/sleep-manager.test.ts:423:7)

    console.warn
      Skipping significant thought with empty content

    [0m [90m 506 |[39m       [90m// Skip if content is empty or invalid[39m
     [90m 507 |[39m       [36mif[39m ([33m![39mcontent [33m||[39m [36mtypeof[39m content [33m!==[39m [32m'string'[39m [33m||[39m content[33m.[39mtrim()[33m.[39mlength [33m===[39m [35m0[39m) {
    [31m[1m>[22m[39m[90m 508 |[39m         console[33m.[39mwarn([32m'Skipping significant thought with empty content'[39m)[33m;[39m
     [90m     |[39m                 [31m[1m^[22m[39m
     [90m 509 |[39m         [36mreturn[39m[33m;[39m
     [90m 510 |[39m       }
     [90m 511 |[39m[0m

      at DatabaseManager.recordSignificantThought (src/server/database-manager.ts:508:17)
      at seedTestData (tests/aenea/consciousness/sleep-manager.test.ts:572:8)
      at Object.<anonymous> (tests/aenea/consciousness/sleep-manager.test.ts:423:7)

    console.warn
      Skipping significant thought with empty content

    [0m [90m 506 |[39m       [90m// Skip if content is empty or invalid[39m
     [90m 507 |[39m       [36mif[39m ([33m![39mcontent [33m||[39m [36mtypeof[39m content [33m!==[39m [32m'string'[39m [33m||[39m content[33m.[39mtrim()[33m.[39mlength [33m===[39m [35m0[39m) {
    [31m[1m>[22m[39m[90m 508 |[39m         console[33m.[39mwarn([32m'Skipping significant thought with empty content'[39m)[33m;[39m
     [90m     |[39m                 [31m[1m^[22m[39m
     [90m 509 |[39m         [36mreturn[39m[33m;[39m
     [90m 510 |[39m       }
     [90m 511 |[39m[0m

      at DatabaseManager.recordSignificantThought (src/server/database-manager.ts:508:17)
      at seedTestData (tests/aenea/consciousness/sleep-manager.test.ts:572:8)
      at Object.<anonymous> (tests/aenea/consciousness/sleep-manager.test.ts:423:7)

    console.warn
      Skipping significant thought with empty content

    [0m [90m 506 |[39m       [90m// Skip if content is empty or invalid[39m
     [90m 507 |[39m       [36mif[39m ([33m![39mcontent [33m||[39m [36mtypeof[39m content [33m!==[39m [32m'string'[39m [33m||[39m content[33m.[39mtrim()[33m.[39mlength [33m===[39m [35m0[39m) {
    [31m[1m>[22m[39m[90m 508 |[39m         console[33m.[39mwarn([32m'Skipping significant thought with empty content'[39m)[33m;[39m
     [90m     |[39m                 [31m[1m^[22m[39m
     [90m 509 |[39m         [36mreturn[39m[33m;[39m
     [90m 510 |[39m       }
     [90m 511 |[39m[0m

      at DatabaseManager.recordSignificantThought (src/server/database-manager.ts:508:17)
      at seedTestData (tests/aenea/consciousness/sleep-manager.test.ts:572:8)
      at Object.<anonymous> (tests/aenea/consciousness/sleep-manager.test.ts:423:7)

    console.warn
      Skipping significant thought with empty content

    [0m [90m 506 |[39m       [90m// Skip if content is empty or invalid[39m
     [90m 507 |[39m       [36mif[39m ([33m![39mcontent [33m||[39m [36mtypeof[39m content [33m!==[39m [32m'string'[39m [33m||[39m content[33m.[39mtrim()[33m.[39mlength [33m===[39m [35m0[39m) {
    [31m[1m>[22m[39m[90m 508 |[39m         console[33m.[39mwarn([32m'Skipping significant thought with empty content'[39m)[33m;[39m
     [90m     |[39m                 [31m[1m^[22m[39m
     [90m 509 |[39m         [36mreturn[39m[33m;[39m
     [90m 510 |[39m       }
     [90m 511 |[39m[0m

      at DatabaseManager.recordSignificantThought (src/server/database-manager.ts:508:17)
      at seedTestData (tests/aenea/consciousness/sleep-manager.test.ts:572:8)
      at Object.<anonymous> (tests/aenea/consciousness/sleep-manager.test.ts:423:7)

    console.warn
      Skipping significant thought with empty content

    [0m [90m 506 |[39m       [90m// Skip if content is empty or invalid[39m
     [90m 507 |[39m       [36mif[39m ([33m![39mcontent [33m||[39m [36mtypeof[39m content [33m!==[39m [32m'string'[39m [33m||[39m content[33m.[39mtrim()[33m.[39mlength [33m===[39m [35m0[39m) {
    [31m[1m>[22m[39m[90m 508 |[39m         console[33m.[39mwarn([32m'Skipping significant thought with empty content'[39m)[33m;[39m
     [90m     |[39m                 [31m[1m^[22m[39m
     [90m 509 |[39m         [36mreturn[39m[33m;[39m
     [90m 510 |[39m       }
     [90m 511 |[39m[0m

      at DatabaseManager.recordSignificantThought (src/server/database-manager.ts:508:17)
      at seedTestData (tests/aenea/consciousness/sleep-manager.test.ts:572:8)
      at Object.<anonymous> (tests/aenea/consciousness/sleep-manager.test.ts:423:7)

    console.warn
      Skipping significant thought with empty content

    [0m [90m 506 |[39m       [90m// Skip if content is empty or invalid[39m
     [90m 507 |[39m       [36mif[39m ([33m![39mcontent [33m||[39m [36mtypeof[39m content [33m!==[39m [32m'string'[39m [33m||[39m content[33m.[39mtrim()[33m.[39mlength [33m===[39m [35m0[39m) {
    [31m[1m>[22m[39m[90m 508 |[39m         console[33m.[39mwarn([32m'Skipping significant thought with empty content'[39m)[33m;[39m
     [90m     |[39m                 [31m[1m^[22m[39m
     [90m 509 |[39m         [36mreturn[39m[33m;[39m
     [90m 510 |[39m       }
     [90m 511 |[39m[0m

      at DatabaseManager.recordSignificantThought (src/server/database-manager.ts:508:17)
      at seedTestData (tests/aenea/consciousness/sleep-manager.test.ts:572:8)
      at Object.<anonymous> (tests/aenea/consciousness/sleep-manager.test.ts:423:7)

    console.warn
      Skipping significant thought with empty content

    [0m [90m 506 |[39m       [90m// Skip if content is empty or invalid[39m
     [90m 507 |[39m       [36mif[39m ([33m![39mcontent [33m||[39m [36mtypeof[39m content [33m!==[39m [32m'string'[39m [33m||[39m content[33m.[39mtrim()[33m.[39mlength [33m===[39m [35m0[39m) {
    [31m[1m>[22m[39m[90m 508 |[39m         console[33m.[39mwarn([32m'Skipping significant thought with empty content'[39m)[33m;[39m
     [90m     |[39m                 [31m[1m^[22m[39m
     [90m 509 |[39m         [36mreturn[39m[33m;[39m
     [90m 510 |[39m       }
     [90m 511 |[39m[0m

      at DatabaseManager.recordSignificantThought (src/server/database-manager.ts:508:17)
      at seedTestData (tests/aenea/consciousness/sleep-manager.test.ts:572:8)
      at Object.<anonymous> (tests/aenea/consciousness/sleep-manager.test.ts:423:7)

    console.warn
      Skipping significant thought with empty content

    [0m [90m 506 |[39m       [90m// Skip if content is empty or invalid[39m
     [90m 507 |[39m       [36mif[39m ([33m![39mcontent [33m||[39m [36mtypeof[39m content [33m!==[39m [32m'string'[39m [33m||[39m content[33m.[39mtrim()[33m.[39mlength [33m===[39m [35m0[39m) {
    [31m[1m>[22m[39m[90m 508 |[39m         console[33m.[39mwarn([32m'Skipping significant thought with empty content'[39m)[33m;[39m
     [90m     |[39m                 [31m[1m^[22m[39m
     [90m 509 |[39m         [36mreturn[39m[33m;[39m
     [90m 510 |[39m       }
     [90m 511 |[39m[0m

      at DatabaseManager.recordSignificantThought (src/server/database-manager.ts:508:17)
      at seedTestData (tests/aenea/consciousness/sleep-manager.test.ts:572:8)
      at Object.<anonymous> (tests/aenea/consciousness/sleep-manager.test.ts:423:7)

    console.warn
      Skipping significant thought with empty content

    [0m [90m 506 |[39m       [90m// Skip if content is empty or invalid[39m
     [90m 507 |[39m       [36mif[39m ([33m![39mcontent [33m||[39m [36mtypeof[39m content [33m!==[39m [32m'string'[39m [33m||[39m content[33m.[39mtrim()[33m.[39mlength [33m===[39m [35m0[39m) {
    [31m[1m>[22m[39m[90m 508 |[39m         console[33m.[39mwarn([32m'Skipping significant thought with empty content'[39m)[33m;[39m
     [90m     |[39m                 [31m[1m^[22m[39m
     [90m 509 |[39m         [36mreturn[39m[33m;[39m
     [90m 510 |[39m       }
     [90m 511 |[39m[0m

      at DatabaseManager.recordSignificantThought (src/server/database-manager.ts:508:17)
      at seedTestData (tests/aenea/consciousness/sleep-manager.test.ts:572:8)
      at Object.<anonymous> (tests/aenea/consciousness/sleep-manager.test.ts:423:7)

    console.warn
      Skipping significant thought with empty content

    [0m [90m 506 |[39m       [90m// Skip if content is empty or invalid[39m
     [90m 507 |[39m       [36mif[39m ([33m![39mcontent [33m||[39m [36mtypeof[39m content [33m!==[39m [32m'string'[39m [33m||[39m content[33m.[39mtrim()[33m.[39mlength [33m===[39m [35m0[39m) {
    [31m[1m>[22m[39m[90m 508 |[39m         console[33m.[39mwarn([32m'Skipping significant thought with empty content'[39m)[33m;[39m
     [90m     |[39m                 [31m[1m^[22m[39m
     [90m 509 |[39m         [36mreturn[39m[33m;[39m
     [90m 510 |[39m       }
     [90m 511 |[39m[0m

      at DatabaseManager.recordSignificantThought (src/server/database-manager.ts:508:17)
      at seedTestData (tests/aenea/consciousness/sleep-manager.test.ts:572:8)
      at Object.<anonymous> (tests/aenea/consciousness/sleep-manager.test.ts:423:7)

    console.warn
      Skipping significant thought with empty content

    [0m [90m 506 |[39m       [90m// Skip if content is empty or invalid[39m
     [90m 507 |[39m       [36mif[39m ([33m![39mcontent [33m||[39m [36mtypeof[39m content [33m!==[39m [32m'string'[39m [33m||[39m content[33m.[39mtrim()[33m.[39mlength [33m===[39m [35m0[39m) {
    [31m[1m>[22m[39m[90m 508 |[39m         console[33m.[39mwarn([32m'Skipping significant thought with empty content'[39m)[33m;[39m
     [90m     |[39m                 [31m[1m^[22m[39m
     [90m 509 |[39m         [36mreturn[39m[33m;[39m
     [90m 510 |[39m       }
     [90m 511 |[39m[0m

      at DatabaseManager.recordSignificantThought (src/server/database-manager.ts:508:17)
      at seedTestData (tests/aenea/consciousness/sleep-manager.test.ts:572:8)
      at Object.<anonymous> (tests/aenea/consciousness/sleep-manager.test.ts:423:7)

    console.warn
      Skipping significant thought with empty content

    [0m [90m 506 |[39m       [90m// Skip if content is empty or invalid[39m
     [90m 507 |[39m       [36mif[39m ([33m![39mcontent [33m||[39m [36mtypeof[39m content [33m!==[39m [32m'string'[39m [33m||[39m content[33m.[39mtrim()[33m.[39mlength [33m===[39m [35m0[39m) {
    [31m[1m>[22m[39m[90m 508 |[39m         console[33m.[39mwarn([32m'Skipping significant thought with empty content'[39m)[33m;[39m
     [90m     |[39m                 [31m[1m^[22m[39m
     [90m 509 |[39m         [36mreturn[39m[33m;[39m
     [90m 510 |[39m       }
     [90m 511 |[39m[0m

      at DatabaseManager.recordSignificantThought (src/server/database-manager.ts:508:17)
      at seedTestData (tests/aenea/consciousness/sleep-manager.test.ts:572:8)
      at Object.<anonymous> (tests/aenea/consciousness/sleep-manager.test.ts:423:7)

    console.warn
      Skipping significant thought with empty content

    [0m [90m 506 |[39m       [90m// Skip if content is empty or invalid[39m
     [90m 507 |[39m       [36mif[39m ([33m![39mcontent [33m||[39m [36mtypeof[39m content [33m!==[39m [32m'string'[39m [33m||[39m content[33m.[39mtrim()[33m.[39mlength [33m===[39m [35m0[39m) {
    [31m[1m>[22m[39m[90m 508 |[39m         console[33m.[39mwarn([32m'Skipping significant thought with empty content'[39m)[33m;[39m
     [90m     |[39m                 [31m[1m^[22m[39m
     [90m 509 |[39m         [36mreturn[39m[33m;[39m
     [90m 510 |[39m       }
     [90m 511 |[39m[0m

      at DatabaseManager.recordSignificantThought (src/server/database-manager.ts:508:17)
      at seedTestData (tests/aenea/consciousness/sleep-manager.test.ts:572:8)
      at Object.<anonymous> (tests/aenea/consciousness/sleep-manager.test.ts:423:7)

    console.log
      [32m[22:07:13] INFO  MemoryConsolidator 🔄 Starting core beliefs similarity merging...[0m

      at Logger.log (src/server/logger.ts:84:13)

    console.log
      [32m[22:07:13] INFO  MemoryConsolidator Not enough beliefs to merge[0m

      at Logger.log (src/server/logger.ts:84:13)

    console.log
      [32m[22:07:13] INFO  SleepManager ⚡ Energy fully restored: 100.0 → 100.0[0m

      at Logger.log (src/server/logger.ts:84:13)

    console.log
      [32m[22:07:13] INFO  SleepManager 💤 Sleep cycle complete: {"dreamPatterns":0,"beliefsMerged":0,"thoughtsPruned":0,"tensionsResolved":0}[0m

      at Logger.log (src/server/logger.ts:84:13)

    console.log
      [32m[22:07:13] INFO  DatabaseManager Database connection established[0m

      at Logger.log (src/server/logger.ts:84:13)

    console.log
      [DEBUG] Database opened successfully at: e:\Projects\Git\github\aenea-project\test-data\test_sleep_1760134033843.db

      at new DatabaseManager (src/server/database-manager.ts:32:15)

    console.log
      [32m[22:07:13] INFO  DatabaseManager Database schema initialized successfully[0m

      at Logger.log (src/server/logger.ts:84:13)

    console.log
      [32m[22:07:13] INFO  DatabaseManager Initialized fresh consciousness state[0m

      at Logger.log (src/server/logger.ts:84:13)

    console.log
      [DEBUG] Database initialization completed, setting isReady = true

      at DatabaseManager.initializeDatabase (src/server/database-manager.ts:299:15)

    console.log
      [DEBUG] About to call seedPhilosophicalQuestions...

      at DatabaseManager.initializeDatabase (src/server/database-manager.ts:303:15)

    console.log
      [DEBUG] seedPhilosophicalQuestions called, isReady: true db exists: true

      at DatabaseManager.seedPhilosophicalQuestions (src/server/database-manager.ts:806:13)

    console.log
      [DEBUG] Existing unresolved ideas count: 0

      at DatabaseManager.seedPhilosophicalQuestions (src/server/database-manager.ts:816:15)

    console.log
      [DEBUG] Starting to seed philosophical questions...

      at DatabaseManager.seedPhilosophicalQuestions (src/server/database-manager.ts:823:15)

    console.log
      ✅ Seeded 45 philosophical questions to database

      at DatabaseManager.seedPhilosophicalQuestions (src/server/database-manager.ts:932:15)

    console.log
      [32m[22:07:14] INFO  DatabaseManager Successfully seeded 45 questions to unresolved_ideas table[0m

      at Logger.log (src/server/logger.ts:84:13)

    console.log
      [DEBUG] seedPhilosophicalQuestions returned: 45

      at DatabaseManager.initializeDatabase (src/server/database-manager.ts:305:15)

    console.log
      [32m[22:07:14] INFO  DatabaseManager Seeded 45 philosophical questions[0m

      at Logger.log (src/server/logger.ts:84:13)

    console.log
      [32m[22:07:14] INFO  MemoryConsolidator 🔄 Starting core beliefs similarity merging...[0m

      at Logger.log (src/server/logger.ts:84:13)

    console.log
      [32m[22:07:14] INFO  MemoryConsolidator Not enough beliefs to merge[0m

      at Logger.log (src/server/logger.ts:84:13)

    console.log
      [32m[22:07:14] INFO  SleepManager ⚡ Energy fully restored: 100.0 → 100.0[0m

      at Logger.log (src/server/logger.ts:84:13)

    console.log
      [32m[22:07:14] INFO  SleepManager 💤 Sleep cycle complete: {"dreamPatterns":0,"beliefsMerged":0,"thoughtsPruned":0,"tensionsResolved":0}[0m

      at Logger.log (src/server/logger.ts:84:13)

    console.log
      [32m[22:07:14] INFO  DatabaseManager Database connection established[0m

      at Logger.log (src/server/logger.ts:84:13)

    console.log
      [DEBUG] Database opened successfully at: e:\Projects\Git\github\aenea-project\test-data\test_sleep_1760134034187.db

      at new DatabaseManager (src/server/database-manager.ts:32:15)

    console.log
      [32m[22:07:14] INFO  DatabaseManager Database schema initialized successfully[0m

      at Logger.log (src/server/logger.ts:84:13)

    console.log
      [32m[22:07:14] INFO  DatabaseManager Initialized fresh consciousness state[0m

      at Logger.log (src/server/logger.ts:84:13)

    console.log
      [DEBUG] Database initialization completed, setting isReady = true

      at DatabaseManager.initializeDatabase (src/server/database-manager.ts:299:15)

    console.log
      [DEBUG] About to call seedPhilosophicalQuestions...

      at DatabaseManager.initializeDatabase (src/server/database-manager.ts:303:15)

    console.log
      [DEBUG] seedPhilosophicalQuestions called, isReady: true db exists: true

      at DatabaseManager.seedPhilosophicalQuestions (src/server/database-manager.ts:806:13)

    console.log
      [DEBUG] Existing unresolved ideas count: 0

      at DatabaseManager.seedPhilosophicalQuestions (src/server/database-manager.ts:816:15)

    console.log
      [DEBUG] Starting to seed philosophical questions...

      at DatabaseManager.seedPhilosophicalQuestions (src/server/database-manager.ts:823:15)

    console.log
      ✅ Seeded 45 philosophical questions to database

      at DatabaseManager.seedPhilosophicalQuestions (src/server/database-manager.ts:932:15)

    console.log
      [32m[22:07:14] INFO  DatabaseManager Successfully seeded 45 questions to unresolved_ideas table[0m

      at Logger.log (src/server/logger.ts:84:13)

    console.log
      [DEBUG] seedPhilosophicalQuestions returned: 45

      at DatabaseManager.initializeDatabase (src/server/database-manager.ts:305:15)

    console.log
      [32m[22:07:14] INFO  DatabaseManager Seeded 45 philosophical questions[0m

      at Logger.log (src/server/logger.ts:84:13)

    console.log
      [32m[22:07:14] INFO  DatabaseManager Database connection established[0m

      at Logger.log (src/server/logger.ts:84:13)

    console.log
      [DEBUG] Database opened successfully at: e:\Projects\Git\github\aenea-project\test-data\test_sleep_1760134034563.db

      at new DatabaseManager (src/server/database-manager.ts:32:15)

    console.log
      [32m[22:07:14] INFO  DatabaseManager Database schema initialized successfully[0m

      at Logger.log (src/server/logger.ts:84:13)

    console.log
      [32m[22:07:14] INFO  DatabaseManager Initialized fresh consciousness state[0m

      at Logger.log (src/server/logger.ts:84:13)

    console.log
      [DEBUG] Database initialization completed, setting isReady = true

      at DatabaseManager.initializeDatabase (src/server/database-manager.ts:299:15)

    console.log
      [DEBUG] About to call seedPhilosophicalQuestions...

      at DatabaseManager.initializeDatabase (src/server/database-manager.ts:303:15)

    console.log
      [DEBUG] seedPhilosophicalQuestions called, isReady: true db exists: true

      at DatabaseManager.seedPhilosophicalQuestions (src/server/database-manager.ts:806:13)

    console.log
      [DEBUG] Existing unresolved ideas count: 0

      at DatabaseManager.seedPhilosophicalQuestions (src/server/database-manager.ts:816:15)

    console.log
      [DEBUG] Starting to seed philosophical questions...

      at DatabaseManager.seedPhilosophicalQuestions (src/server/database-manager.ts:823:15)

    console.log
      ✅ Seeded 45 philosophical questions to database

      at DatabaseManager.seedPhilosophicalQuestions (src/server/database-manager.ts:932:15)

    console.log
      [32m[22:07:14] INFO  DatabaseManager Successfully seeded 45 questions to unresolved_ideas table[0m

      at Logger.log (src/server/logger.ts:84:13)

    console.log
      [DEBUG] seedPhilosophicalQuestions returned: 45

      at DatabaseManager.initializeDatabase (src/server/database-manager.ts:305:15)

    console.log
      [32m[22:07:14] INFO  DatabaseManager Seeded 45 philosophical questions[0m

      at Logger.log (src/server/logger.ts:84:13)

    console.log
      [Energy] Consumed 90.0 for test: 100.0 → 10.0

      at EnergyManager.consumeEnergy (src/utils/energy-management.ts:139:13)

    console.log
      Energy consumed: 90.0 for test, remaining: 10.0

      at EnergyManager.consumeEnergy (src/utils/energy-management.ts:153:13)

    console.log
      [32m[22:07:14] INFO  MemoryConsolidator 🔄 Starting core beliefs similarity merging...[0m

      at Logger.log (src/server/logger.ts:84:13)

    console.log
      [32m[22:07:14] INFO  MemoryConsolidator Not enough beliefs to merge[0m

      at Logger.log (src/server/logger.ts:84:13)

    console.log
      [32m[22:07:14] INFO  SleepManager ⚡ Energy fully restored: 10.0 → 100.0[0m

      at Logger.log (src/server/logger.ts:84:13)

    console.log
      [32m[22:07:14] INFO  SleepManager 💤 Sleep cycle complete: {"dreamPatterns":0,"beliefsMerged":0,"thoughtsPruned":0,"tensionsResolved":0}[0m

      at Logger.log (src/server/logger.ts:84:13)

    console.log
      [Energy] Consumed 70.0 for test: 100.0 → 30.0

      at EnergyManager.consumeEnergy (src/utils/energy-management.ts:139:13)

    console.log
      Energy consumed: 70.0 for test, remaining: 30.0

      at EnergyManager.consumeEnergy (src/utils/energy-management.ts:153:13)

    console.log
      [32m[22:07:14] INFO  MemoryConsolidator 🔄 Starting core beliefs similarity merging...[0m

      at Logger.log (src/server/logger.ts:84:13)

    console.log
      [32m[22:07:14] INFO  MemoryConsolidator Not enough beliefs to merge[0m

      at Logger.log (src/server/logger.ts:84:13)

    console.log
      [32m[22:07:14] INFO  SleepManager ⚡ Energy fully restored: 30.0 → 100.0[0m

      at Logger.log (src/server/logger.ts:84:13)

    console.log
      [32m[22:07:14] INFO  SleepManager 💤 Sleep cycle complete: {"dreamPatterns":0,"beliefsMerged":0,"thoughtsPruned":0,"tensionsResolved":0}[0m

      at Logger.log (src/server/logger.ts:84:13)

    console.log
      [Energy] Consumed 50.0 for test: 100.0 → 50.0

      at EnergyManager.consumeEnergy (src/utils/energy-management.ts:139:13)

    console.log
      Energy consumed: 50.0 for test, remaining: 50.0

      at EnergyManager.consumeEnergy (src/utils/energy-management.ts:153:13)

    console.log
      [32m[22:07:14] INFO  MemoryConsolidator 🔄 Starting core beliefs similarity merging...[0m

      at Logger.log (src/server/logger.ts:84:13)

    console.log
      [32m[22:07:14] INFO  MemoryConsolidator Not enough beliefs to merge[0m

      at Logger.log (src/server/logger.ts:84:13)

    console.log
      [32m[22:07:14] INFO  SleepManager ⚡ Energy fully restored: 50.0 → 100.0[0m

      at Logger.log (src/server/logger.ts:84:13)

    console.log
      [32m[22:07:14] INFO  SleepManager 💤 Sleep cycle complete: {"dreamPatterns":0,"beliefsMerged":0,"thoughtsPruned":0,"tensionsResolved":0}[0m

      at Logger.log (src/server/logger.ts:84:13)

    console.log
      [Energy] Consumed 30.0 for test: 100.0 → 70.0

      at EnergyManager.consumeEnergy (src/utils/energy-management.ts:139:13)

    console.log
      Energy consumed: 30.0 for test, remaining: 70.0

      at EnergyManager.consumeEnergy (src/utils/energy-management.ts:153:13)

    console.log
      [32m[22:07:14] INFO  MemoryConsolidator 🔄 Starting core beliefs similarity merging...[0m

      at Logger.log (src/server/logger.ts:84:13)

    console.log
      [32m[22:07:14] INFO  MemoryConsolidator Not enough beliefs to merge[0m

      at Logger.log (src/server/logger.ts:84:13)

    console.log
      [32m[22:07:14] INFO  SleepManager ⚡ Energy fully restored: 70.0 → 100.0[0m

      at Logger.log (src/server/logger.ts:84:13)

    console.log
      [32m[22:07:14] INFO  SleepManager 💤 Sleep cycle complete: {"dreamPatterns":0,"beliefsMerged":0,"thoughtsPruned":0,"tensionsResolved":0}[0m

      at Logger.log (src/server/logger.ts:84:13)

    console.log
      [Energy] Consumed 10.0 for test: 100.0 → 90.0

      at EnergyManager.consumeEnergy (src/utils/energy-management.ts:139:13)

    console.log
      Energy consumed: 10.0 for test, remaining: 90.0

      at EnergyManager.consumeEnergy (src/utils/energy-management.ts:153:13)

    console.log
      [32m[22:07:14] INFO  MemoryConsolidator 🔄 Starting core beliefs similarity merging...[0m

      at Logger.log (src/server/logger.ts:84:13)

    console.log
      [32m[22:07:14] INFO  MemoryConsolidator Not enough beliefs to merge[0m

      at Logger.log (src/server/logger.ts:84:13)

    console.log
      [32m[22:07:14] INFO  SleepManager ⚡ Energy fully restored: 90.0 → 100.0[0m

      at Logger.log (src/server/logger.ts:84:13)

    console.log
      [32m[22:07:14] INFO  SleepManager 💤 Sleep cycle complete: {"dreamPatterns":0,"beliefsMerged":0,"thoughtsPruned":0,"tensionsResolved":0}[0m

      at Logger.log (src/server/logger.ts:84:13)

    console.log
      [32m[22:07:14] INFO  DatabaseManager Database connection established[0m

      at Logger.log (src/server/logger.ts:84:13)

    console.log
      [DEBUG] Database opened successfully at: e:\Projects\Git\github\aenea-project\test-data\test_sleep_1760134034977.db

      at new DatabaseManager (src/server/database-manager.ts:32:15)

    console.log
      [32m[22:07:15] INFO  DatabaseManager Database schema initialized successfully[0m

      at Logger.log (src/server/logger.ts:84:13)

    console.log
      [32m[22:07:15] INFO  DatabaseManager Initialized fresh consciousness state[0m

      at Logger.log (src/server/logger.ts:84:13)

    console.log
      [DEBUG] Database initialization completed, setting isReady = true

      at DatabaseManager.initializeDatabase (src/server/database-manager.ts:299:15)

    console.log
      [DEBUG] About to call seedPhilosophicalQuestions...

      at DatabaseManager.initializeDatabase (src/server/database-manager.ts:303:15)

    console.log
      [DEBUG] seedPhilosophicalQuestions called, isReady: true db exists: true

      at DatabaseManager.seedPhilosophicalQuestions (src/server/database-manager.ts:806:13)

    console.log
      [DEBUG] Existing unresolved ideas count: 0

      at DatabaseManager.seedPhilosophicalQuestions (src/server/database-manager.ts:816:15)

    console.log
      [DEBUG] Starting to seed philosophical questions...

      at DatabaseManager.seedPhilosophicalQuestions (src/server/database-manager.ts:823:15)

    console.log
      ✅ Seeded 45 philosophical questions to database

      at DatabaseManager.seedPhilosophicalQuestions (src/server/database-manager.ts:932:15)

    console.log
      [32m[22:07:15] INFO  DatabaseManager Successfully seeded 45 questions to unresolved_ideas table[0m

      at Logger.log (src/server/logger.ts:84:13)

    console.log
      [DEBUG] seedPhilosophicalQuestions returned: 45

      at DatabaseManager.initializeDatabase (src/server/database-manager.ts:305:15)

    console.log
      [32m[22:07:15] INFO  DatabaseManager Seeded 45 philosophical questions[0m

      at Logger.log (src/server/logger.ts:84:13)

    console.log
      [32m[22:07:15] INFO  MemoryConsolidator 🔄 Starting core beliefs similarity merging...[0m

      at Logger.log (src/server/logger.ts:84:13)

    console.log
      [32m[22:07:15] INFO  MemoryConsolidator Not enough beliefs to merge[0m

      at Logger.log (src/server/logger.ts:84:13)

    console.log
      [32m[22:07:15] INFO  SleepManager ⚡ Energy fully restored: 100.0 → 100.0[0m

      at Logger.log (src/server/logger.ts:84:13)

    console.log
      [32m[22:07:15] INFO  SleepManager 💤 Sleep cycle complete: {"dreamPatterns":0,"beliefsMerged":0,"thoughtsPruned":0,"tensionsResolved":0}[0m

      at Logger.log (src/server/logger.ts:84:13)

    console.log
      [32m[22:07:15] INFO  MemoryConsolidator 🔄 Starting core beliefs similarity merging...[0m

      at Logger.log (src/server/logger.ts:84:13)

    console.log
      [32m[22:07:15] INFO  MemoryConsolidator Not enough beliefs to merge[0m

      at Logger.log (src/server/logger.ts:84:13)

    console.log
      [32m[22:07:15] INFO  SleepManager ⚡ Energy fully restored: 100.0 → 100.0[0m

      at Logger.log (src/server/logger.ts:84:13)

    console.log
      [32m[22:07:15] INFO  SleepManager 💤 Sleep cycle complete: {"dreamPatterns":0,"beliefsMerged":0,"thoughtsPruned":0,"tensionsResolved":0}[0m

      at Logger.log (src/server/logger.ts:84:13)

    console.log
      [32m[22:07:15] INFO  MemoryConsolidator 🔄 Starting core beliefs similarity merging...[0m

      at Logger.log (src/server/logger.ts:84:13)

    console.log
      [32m[22:07:15] INFO  MemoryConsolidator Not enough beliefs to merge[0m

      at Logger.log (src/server/logger.ts:84:13)

    console.log
      [32m[22:07:15] INFO  SleepManager ⚡ Energy fully restored: 100.0 → 100.0[0m

      at Logger.log (src/server/logger.ts:84:13)

    console.log
      [32m[22:07:15] INFO  SleepManager 💤 Sleep cycle complete: {"dreamPatterns":0,"beliefsMerged":0,"thoughtsPruned":0,"tensionsResolved":0}[0m

      at Logger.log (src/server/logger.ts:84:13)

    console.log
      [32m[22:07:15] INFO  MemoryConsolidator 🔄 Starting core beliefs similarity merging...[0m

      at Logger.log (src/server/logger.ts:84:13)

    console.log
      [32m[22:07:15] INFO  MemoryConsolidator Not enough beliefs to merge[0m

      at Logger.log (src/server/logger.ts:84:13)

    console.log
      [32m[22:07:15] INFO  SleepManager ⚡ Energy fully restored: 100.0 → 100.0[0m

      at Logger.log (src/server/logger.ts:84:13)

    console.log
      [32m[22:07:15] INFO  SleepManager 💤 Sleep cycle complete: {"dreamPatterns":0,"beliefsMerged":0,"thoughtsPruned":0,"tensionsResolved":0}[0m

      at Logger.log (src/server/logger.ts:84:13)

    console.log
      [32m[22:07:15] INFO  MemoryConsolidator 🔄 Starting core beliefs similarity merging...[0m

      at Logger.log (src/server/logger.ts:84:13)

    console.log
      [32m[22:07:15] INFO  MemoryConsolidator Not enough beliefs to merge[0m

      at Logger.log (src/server/logger.ts:84:13)

    console.log
      [32m[22:07:15] INFO  SleepManager ⚡ Energy fully restored: 100.0 → 100.0[0m

      at Logger.log (src/server/logger.ts:84:13)

    console.log
      [32m[22:07:15] INFO  SleepManager 💤 Sleep cycle complete: {"dreamPatterns":0,"beliefsMerged":0,"thoughtsPruned":0,"tensionsResolved":0}[0m

      at Logger.log (src/server/logger.ts:84:13)

    console.log
      [32m[22:07:15] INFO  DatabaseManager Database connection established[0m

      at Logger.log (src/server/logger.ts:84:13)

    console.log
      [DEBUG] Database opened successfully at: e:\Projects\Git\github\aenea-project\test-data\test_sleep_1760134035440.db

      at new DatabaseManager (src/server/database-manager.ts:32:15)

    console.log
      [32m[22:07:15] INFO  DatabaseManager Database schema initialized successfully[0m

      at Logger.log (src/server/logger.ts:84:13)

    console.log
      [32m[22:07:15] INFO  DatabaseManager Initialized fresh consciousness state[0m

      at Logger.log (src/server/logger.ts:84:13)

    console.log
      [DEBUG] Database initialization completed, setting isReady = true

      at DatabaseManager.initializeDatabase (src/server/database-manager.ts:299:15)

    console.log
      [DEBUG] About to call seedPhilosophicalQuestions...

      at DatabaseManager.initializeDatabase (src/server/database-manager.ts:303:15)

    console.log
      [DEBUG] seedPhilosophicalQuestions called, isReady: true db exists: true

      at DatabaseManager.seedPhilosophicalQuestions (src/server/database-manager.ts:806:13)

    console.log
      [DEBUG] Existing unresolved ideas count: 0

      at DatabaseManager.seedPhilosophicalQuestions (src/server/database-manager.ts:816:15)

    console.log
      [DEBUG] Starting to seed philosophical questions...

      at DatabaseManager.seedPhilosophicalQuestions (src/server/database-manager.ts:823:15)

    console.log
      ✅ Seeded 45 philosophical questions to database

      at DatabaseManager.seedPhilosophicalQuestions (src/server/database-manager.ts:932:15)

    console.log
      [32m[22:07:15] INFO  DatabaseManager Successfully seeded 45 questions to unresolved_ideas table[0m

      at Logger.log (src/server/logger.ts:84:13)

    console.log
      [DEBUG] seedPhilosophicalQuestions returned: 45

      at DatabaseManager.initializeDatabase (src/server/database-manager.ts:305:15)

    console.log
      [32m[22:07:15] INFO  DatabaseManager Seeded 45 philosophical questions[0m

      at Logger.log (src/server/logger.ts:84:13)

    console.warn
      Skipping significant thought with empty content

    [0m [90m 506 |[39m       [90m// Skip if content is empty or invalid[39m
     [90m 507 |[39m       [36mif[39m ([33m![39mcontent [33m||[39m [36mtypeof[39m content [33m!==[39m [32m'string'[39m [33m||[39m content[33m.[39mtrim()[33m.[39mlength [33m===[39m [35m0[39m) {
    [31m[1m>[22m[39m[90m 508 |[39m         console[33m.[39mwarn([32m'Skipping significant thought with empty content'[39m)[33m;[39m
     [90m     |[39m                 [31m[1m^[22m[39m
     [90m 509 |[39m         [36mreturn[39m[33m;[39m
     [90m 510 |[39m       }
     [90m 511 |[39m[0m

      at DatabaseManager.recordSignificantThought (src/server/database-manager.ts:508:17)
      at seedTestData (tests/aenea/consciousness/sleep-manager.test.ts:572:8)
      at Object.<anonymous> (tests/aenea/consciousness/sleep-manager.test.ts:502:7)

    console.warn
      Skipping significant thought with empty content

    [0m [90m 506 |[39m       [90m// Skip if content is empty or invalid[39m
     [90m 507 |[39m       [36mif[39m ([33m![39mcontent [33m||[39m [36mtypeof[39m content [33m!==[39m [32m'string'[39m [33m||[39m content[33m.[39mtrim()[33m.[39mlength [33m===[39m [35m0[39m) {
    [31m[1m>[22m[39m[90m 508 |[39m         console[33m.[39mwarn([32m'Skipping significant thought with empty content'[39m)[33m;[39m
     [90m     |[39m                 [31m[1m^[22m[39m
     [90m 509 |[39m         [36mreturn[39m[33m;[39m
     [90m 510 |[39m       }
     [90m 511 |[39m[0m

      at DatabaseManager.recordSignificantThought (src/server/database-manager.ts:508:17)
      at seedTestData (tests/aenea/consciousness/sleep-manager.test.ts:572:8)
      at Object.<anonymous> (tests/aenea/consciousness/sleep-manager.test.ts:502:7)

    console.warn
      Skipping significant thought with empty content

    [0m [90m 506 |[39m       [90m// Skip if content is empty or invalid[39m
     [90m 507 |[39m       [36mif[39m ([33m![39mcontent [33m||[39m [36mtypeof[39m content [33m!==[39m [32m'string'[39m [33m||[39m content[33m.[39mtrim()[33m.[39mlength [33m===[39m [35m0[39m) {
    [31m[1m>[22m[39m[90m 508 |[39m         console[33m.[39mwarn([32m'Skipping significant thought with empty content'[39m)[33m;[39m
     [90m     |[39m                 [31m[1m^[22m[39m
     [90m 509 |[39m         [36mreturn[39m[33m;[39m
     [90m 510 |[39m       }
     [90m 511 |[39m[0m

      at DatabaseManager.recordSignificantThought (src/server/database-manager.ts:508:17)
      at seedTestData (tests/aenea/consciousness/sleep-manager.test.ts:572:8)
      at Object.<anonymous> (tests/aenea/consciousness/sleep-manager.test.ts:502:7)

    console.warn
      Skipping significant thought with empty content

    [0m [90m 506 |[39m       [90m// Skip if content is empty or invalid[39m
     [90m 507 |[39m       [36mif[39m ([33m![39mcontent [33m||[39m [36mtypeof[39m content [33m!==[39m [32m'string'[39m [33m||[39m content[33m.[39mtrim()[33m.[39mlength [33m===[39m [35m0[39m) {
    [31m[1m>[22m[39m[90m 508 |[39m         console[33m.[39mwarn([32m'Skipping significant thought with empty content'[39m)[33m;[39m
     [90m     |[39m                 [31m[1m^[22m[39m
     [90m 509 |[39m         [36mreturn[39m[33m;[39m
     [90m 510 |[39m       }
     [90m 511 |[39m[0m

      at DatabaseManager.recordSignificantThought (src/server/database-manager.ts:508:17)
      at seedTestData (tests/aenea/consciousness/sleep-manager.test.ts:572:8)
      at Object.<anonymous> (tests/aenea/consciousness/sleep-manager.test.ts:502:7)

    console.warn
      Skipping significant thought with empty content

    [0m [90m 506 |[39m       [90m// Skip if content is empty or invalid[39m
     [90m 507 |[39m       [36mif[39m ([33m![39mcontent [33m||[39m [36mtypeof[39m content [33m!==[39m [32m'string'[39m [33m||[39m content[33m.[39mtrim()[33m.[39mlength [33m===[39m [35m0[39m) {
    [31m[1m>[22m[39m[90m 508 |[39m         console[33m.[39mwarn([32m'Skipping significant thought with empty content'[39m)[33m;[39m
     [90m     |[39m                 [31m[1m^[22m[39m
     [90m 509 |[39m         [36mreturn[39m[33m;[39m
     [90m 510 |[39m       }
     [90m 511 |[39m[0m

      at DatabaseManager.recordSignificantThought (src/server/database-manager.ts:508:17)
      at seedTestData (tests/aenea/consciousness/sleep-manager.test.ts:572:8)
      at Object.<anonymous> (tests/aenea/consciousness/sleep-manager.test.ts:502:7)

    console.warn
      Skipping significant thought with empty content

    [0m [90m 506 |[39m       [90m// Skip if content is empty or invalid[39m
     [90m 507 |[39m       [36mif[39m ([33m![39mcontent [33m||[39m [36mtypeof[39m content [33m!==[39m [32m'string'[39m [33m||[39m content[33m.[39mtrim()[33m.[39mlength [33m===[39m [35m0[39m) {
    [31m[1m>[22m[39m[90m 508 |[39m         console[33m.[39mwarn([32m'Skipping significant thought with empty content'[39m)[33m;[39m
     [90m     |[39m                 [31m[1m^[22m[39m
     [90m 509 |[39m         [36mreturn[39m[33m;[39m
     [90m 510 |[39m       }
     [90m 511 |[39m[0m

      at DatabaseManager.recordSignificantThought (src/server/database-manager.ts:508:17)
      at seedTestData (tests/aenea/consciousness/sleep-manager.test.ts:572:8)
      at Object.<anonymous> (tests/aenea/consciousness/sleep-manager.test.ts:502:7)

    console.warn
      Skipping significant thought with empty content

    [0m [90m 506 |[39m       [90m// Skip if content is empty or invalid[39m
     [90m 507 |[39m       [36mif[39m ([33m![39mcontent [33m||[39m [36mtypeof[39m content [33m!==[39m [32m'string'[39m [33m||[39m content[33m.[39mtrim()[33m.[39mlength [33m===[39m [35m0[39m) {
    [31m[1m>[22m[39m[90m 508 |[39m         console[33m.[39mwarn([32m'Skipping significant thought with empty content'[39m)[33m;[39m
     [90m     |[39m                 [31m[1m^[22m[39m
     [90m 509 |[39m         [36mreturn[39m[33m;[39m
     [90m 510 |[39m       }
     [90m 511 |[39m[0m

      at DatabaseManager.recordSignificantThought (src/server/database-manager.ts:508:17)
      at seedTestData (tests/aenea/consciousness/sleep-manager.test.ts:572:8)
      at Object.<anonymous> (tests/aenea/consciousness/sleep-manager.test.ts:502:7)

    console.warn
      Skipping significant thought with empty content

    [0m [90m 506 |[39m       [90m// Skip if content is empty or invalid[39m
     [90m 507 |[39m       [36mif[39m ([33m![39mcontent [33m||[39m [36mtypeof[39m content [33m!==[39m [32m'string'[39m [33m||[39m content[33m.[39mtrim()[33m.[39mlength [33m===[39m [35m0[39m) {
    [31m[1m>[22m[39m[90m 508 |[39m         console[33m.[39mwarn([32m'Skipping significant thought with empty content'[39m)[33m;[39m
     [90m     |[39m                 [31m[1m^[22m[39m
     [90m 509 |[39m         [36mreturn[39m[33m;[39m
     [90m 510 |[39m       }
     [90m 511 |[39m[0m

      at DatabaseManager.recordSignificantThought (src/server/database-manager.ts:508:17)
      at seedTestData (tests/aenea/consciousness/sleep-manager.test.ts:572:8)
      at Object.<anonymous> (tests/aenea/consciousness/sleep-manager.test.ts:502:7)

    console.warn
      Skipping significant thought with empty content

    [0m [90m 506 |[39m       [90m// Skip if content is empty or invalid[39m
     [90m 507 |[39m       [36mif[39m ([33m![39mcontent [33m||[39m [36mtypeof[39m content [33m!==[39m [32m'string'[39m [33m||[39m content[33m.[39mtrim()[33m.[39mlength [33m===[39m [35m0[39m) {
    [31m[1m>[22m[39m[90m 508 |[39m         console[33m.[39mwarn([32m'Skipping significant thought with empty content'[39m)[33m;[39m
     [90m     |[39m                 [31m[1m^[22m[39m
     [90m 509 |[39m         [36mreturn[39m[33m;[39m
     [90m 510 |[39m       }
     [90m 511 |[39m[0m

      at DatabaseManager.recordSignificantThought (src/server/database-manager.ts:508:17)
      at seedTestData (tests/aenea/consciousness/sleep-manager.test.ts:572:8)
      at Object.<anonymous> (tests/aenea/consciousness/sleep-manager.test.ts:502:7)

    console.warn
      Skipping significant thought with empty content

    [0m [90m 506 |[39m       [90m// Skip if content is empty or invalid[39m
     [90m 507 |[39m       [36mif[39m ([33m![39mcontent [33m||[39m [36mtypeof[39m content [33m!==[39m [32m'string'[39m [33m||[39m content[33m.[39mtrim()[33m.[39mlength [33m===[39m [35m0[39m) {
    [31m[1m>[22m[39m[90m 508 |[39m         console[33m.[39mwarn([32m'Skipping significant thought with empty content'[39m)[33m;[39m
     [90m     |[39m                 [31m[1m^[22m[39m
     [90m 509 |[39m         [36mreturn[39m[33m;[39m
     [90m 510 |[39m       }
     [90m 511 |[39m[0m

      at DatabaseManager.recordSignificantThought (src/server/database-manager.ts:508:17)
      at seedTestData (tests/aenea/consciousness/sleep-manager.test.ts:572:8)
      at Object.<anonymous> (tests/aenea/consciousness/sleep-manager.test.ts:502:7)

    console.warn
      Skipping significant thought with empty content

    [0m [90m 506 |[39m       [90m// Skip if content is empty or invalid[39m
     [90m 507 |[39m       [36mif[39m ([33m![39mcontent [33m||[39m [36mtypeof[39m content [33m!==[39m [32m'string'[39m [33m||[39m content[33m.[39mtrim()[33m.[39mlength [33m===[39m [35m0[39m) {
    [31m[1m>[22m[39m[90m 508 |[39m         console[33m.[39mwarn([32m'Skipping significant thought with empty content'[39m)[33m;[39m
     [90m     |[39m                 [31m[1m^[22m[39m
     [90m 509 |[39m         [36mreturn[39m[33m;[39m
     [90m 510 |[39m       }
     [90m 511 |[39m[0m

      at DatabaseManager.recordSignificantThought (src/server/database-manager.ts:508:17)
      at seedTestData (tests/aenea/consciousness/sleep-manager.test.ts:572:8)
      at Object.<anonymous> (tests/aenea/consciousness/sleep-manager.test.ts:502:7)

    console.warn
      Skipping significant thought with empty content

    [0m [90m 506 |[39m       [90m// Skip if content is empty or invalid[39m
     [90m 507 |[39m       [36mif[39m ([33m![39mcontent [33m||[39m [36mtypeof[39m content [33m!==[39m [32m'string'[39m [33m||[39m content[33m.[39mtrim()[33m.[39mlength [33m===[39m [35m0[39m) {
    [31m[1m>[22m[39m[90m 508 |[39m         console[33m.[39mwarn([32m'Skipping significant thought with empty content'[39m)[33m;[39m
     [90m     |[39m                 [31m[1m^[22m[39m
     [90m 509 |[39m         [36mreturn[39m[33m;[39m
     [90m 510 |[39m       }
     [90m 511 |[39m[0m

      at DatabaseManager.recordSignificantThought (src/server/database-manager.ts:508:17)
      at seedTestData (tests/aenea/consciousness/sleep-manager.test.ts:572:8)
      at Object.<anonymous> (tests/aenea/consciousness/sleep-manager.test.ts:502:7)

    console.warn
      Skipping significant thought with empty content

    [0m [90m 506 |[39m       [90m// Skip if content is empty or invalid[39m
     [90m 507 |[39m       [36mif[39m ([33m![39mcontent [33m||[39m [36mtypeof[39m content [33m!==[39m [32m'string'[39m [33m||[39m content[33m.[39mtrim()[33m.[39mlength [33m===[39m [35m0[39m) {
    [31m[1m>[22m[39m[90m 508 |[39m         console[33m.[39mwarn([32m'Skipping significant thought with empty content'[39m)[33m;[39m
     [90m     |[39m                 [31m[1m^[22m[39m
     [90m 509 |[39m         [36mreturn[39m[33m;[39m
     [90m 510 |[39m       }
     [90m 511 |[39m[0m

      at DatabaseManager.recordSignificantThought (src/server/database-manager.ts:508:17)
      at seedTestData (tests/aenea/consciousness/sleep-manager.test.ts:572:8)
      at Object.<anonymous> (tests/aenea/consciousness/sleep-manager.test.ts:502:7)

    console.warn
      Skipping significant thought with empty content

    [0m [90m 506 |[39m       [90m// Skip if content is empty or invalid[39m
     [90m 507 |[39m       [36mif[39m ([33m![39mcontent [33m||[39m [36mtypeof[39m content [33m!==[39m [32m'string'[39m [33m||[39m content[33m.[39mtrim()[33m.[39mlength [33m===[39m [35m0[39m) {
    [31m[1m>[22m[39m[90m 508 |[39m         console[33m.[39mwarn([32m'Skipping significant thought with empty content'[39m)[33m;[39m
     [90m     |[39m                 [31m[1m^[22m[39m
     [90m 509 |[39m         [36mreturn[39m[33m;[39m
     [90m 510 |[39m       }
     [90m 511 |[39m[0m

      at DatabaseManager.recordSignificantThought (src/server/database-manager.ts:508:17)
      at seedTestData (tests/aenea/consciousness/sleep-manager.test.ts:572:8)
      at Object.<anonymous> (tests/aenea/consciousness/sleep-manager.test.ts:502:7)

    console.warn
      Skipping significant thought with empty content

    [0m [90m 506 |[39m       [90m// Skip if content is empty or invalid[39m
     [90m 507 |[39m       [36mif[39m ([33m![39mcontent [33m||[39m [36mtypeof[39m content [33m!==[39m [32m'string'[39m [33m||[39m content[33m.[39mtrim()[33m.[39mlength [33m===[39m [35m0[39m) {
    [31m[1m>[22m[39m[90m 508 |[39m         console[33m.[39mwarn([32m'Skipping significant thought with empty content'[39m)[33m;[39m
     [90m     |[39m                 [31m[1m^[22m[39m
     [90m 509 |[39m         [36mreturn[39m[33m;[39m
     [90m 510 |[39m       }
     [90m 511 |[39m[0m

      at DatabaseManager.recordSignificantThought (src/server/database-manager.ts:508:17)
      at seedTestData (tests/aenea/consciousness/sleep-manager.test.ts:572:8)
      at Object.<anonymous> (tests/aenea/consciousness/sleep-manager.test.ts:502:7)

    console.warn
      Skipping significant thought with empty content

    [0m [90m 506 |[39m       [90m// Skip if content is empty or invalid[39m
     [90m 507 |[39m       [36mif[39m ([33m![39mcontent [33m||[39m [36mtypeof[39m content [33m!==[39m [32m'string'[39m [33m||[39m content[33m.[39mtrim()[33m.[39mlength [33m===[39m [35m0[39m) {
    [31m[1m>[22m[39m[90m 508 |[39m         console[33m.[39mwarn([32m'Skipping significant thought with empty content'[39m)[33m;[39m
     [90m     |[39m                 [31m[1m^[22m[39m
     [90m 509 |[39m         [36mreturn[39m[33m;[39m
     [90m 510 |[39m       }
     [90m 511 |[39m[0m

      at DatabaseManager.recordSignificantThought (src/server/database-manager.ts:508:17)
      at seedTestData (tests/aenea/consciousness/sleep-manager.test.ts:572:8)
      at Object.<anonymous> (tests/aenea/consciousness/sleep-manager.test.ts:502:7)

    console.warn
      Skipping significant thought with empty content

    [0m [90m 506 |[39m       [90m// Skip if content is empty or invalid[39m
     [90m 507 |[39m       [36mif[39m ([33m![39mcontent [33m||[39m [36mtypeof[39m content [33m!==[39m [32m'string'[39m [33m||[39m content[33m.[39mtrim()[33m.[39mlength [33m===[39m [35m0[39m) {
    [31m[1m>[22m[39m[90m 508 |[39m         console[33m.[39mwarn([32m'Skipping significant thought with empty content'[39m)[33m;[39m
     [90m     |[39m                 [31m[1m^[22m[39m
     [90m 509 |[39m         [36mreturn[39m[33m;[39m
     [90m 510 |[39m       }
     [90m 511 |[39m[0m

      at DatabaseManager.recordSignificantThought (src/server/database-manager.ts:508:17)
      at seedTestData (tests/aenea/consciousness/sleep-manager.test.ts:572:8)
      at Object.<anonymous> (tests/aenea/consciousness/sleep-manager.test.ts:502:7)

    console.warn
      Skipping significant thought with empty content

    [0m [90m 506 |[39m       [90m// Skip if content is empty or invalid[39m
     [90m 507 |[39m       [36mif[39m ([33m![39mcontent [33m||[39m [36mtypeof[39m content [33m!==[39m [32m'string'[39m [33m||[39m content[33m.[39mtrim()[33m.[39mlength [33m===[39m [35m0[39m) {
    [31m[1m>[22m[39m[90m 508 |[39m         console[33m.[39mwarn([32m'Skipping significant thought with empty content'[39m)[33m;[39m
     [90m     |[39m                 [31m[1m^[22m[39m
     [90m 509 |[39m         [36mreturn[39m[33m;[39m
     [90m 510 |[39m       }
     [90m 511 |[39m[0m

      at DatabaseManager.recordSignificantThought (src/server/database-manager.ts:508:17)
      at seedTestData (tests/aenea/consciousness/sleep-manager.test.ts:572:8)
      at Object.<anonymous> (tests/aenea/consciousness/sleep-manager.test.ts:502:7)

    console.warn
      Skipping significant thought with empty content

    [0m [90m 506 |[39m       [90m// Skip if content is empty or invalid[39m
     [90m 507 |[39m       [36mif[39m ([33m![39mcontent [33m||[39m [36mtypeof[39m content [33m!==[39m [32m'string'[39m [33m||[39m content[33m.[39mtrim()[33m.[39mlength [33m===[39m [35m0[39m) {
    [31m[1m>[22m[39m[90m 508 |[39m         console[33m.[39mwarn([32m'Skipping significant thought with empty content'[39m)[33m;[39m
     [90m     |[39m                 [31m[1m^[22m[39m
     [90m 509 |[39m         [36mreturn[39m[33m;[39m
     [90m 510 |[39m       }
     [90m 511 |[39m[0m

      at DatabaseManager.recordSignificantThought (src/server/database-manager.ts:508:17)
      at seedTestData (tests/aenea/consciousness/sleep-manager.test.ts:572:8)
      at Object.<anonymous> (tests/aenea/consciousness/sleep-manager.test.ts:502:7)

    console.warn
      Skipping significant thought with empty content

    [0m [90m 506 |[39m       [90m// Skip if content is empty or invalid[39m
     [90m 507 |[39m       [36mif[39m ([33m![39mcontent [33m||[39m [36mtypeof[39m content [33m!==[39m [32m'string'[39m [33m||[39m content[33m.[39mtrim()[33m.[39mlength [33m===[39m [35m0[39m) {
    [31m[1m>[22m[39m[90m 508 |[39m         console[33m.[39mwarn([32m'Skipping significant thought with empty content'[39m)[33m;[39m
     [90m     |[39m                 [31m[1m^[22m[39m
     [90m 509 |[39m         [36mreturn[39m[33m;[39m
     [90m 510 |[39m       }
     [90m 511 |[39m[0m

      at DatabaseManager.recordSignificantThought (src/server/database-manager.ts:508:17)
      at seedTestData (tests/aenea/consciousness/sleep-manager.test.ts:572:8)
      at Object.<anonymous> (tests/aenea/consciousness/sleep-manager.test.ts:502:7)

    console.log
      [32m[22:07:15] INFO  MemoryConsolidator 🔄 Starting core beliefs similarity merging...[0m

      at Logger.log (src/server/logger.ts:84:13)

    console.log
      [32m[22:07:15] INFO  MemoryConsolidator Not enough beliefs to merge[0m

      at Logger.log (src/server/logger.ts:84:13)

    console.log
      [32m[22:07:15] INFO  SleepManager ⚡ Energy fully restored: 100.0 → 100.0[0m

      at Logger.log (src/server/logger.ts:84:13)

    console.log
      [32m[22:07:15] INFO  SleepManager 💤 Sleep cycle complete: {"dreamPatterns":0,"beliefsMerged":0,"thoughtsPruned":0,"tensionsResolved":0}[0m

      at Logger.log (src/server/logger.ts:84:13)

    console.log
      [32m[22:07:15] INFO  DatabaseManager Database connection established[0m

      at Logger.log (src/server/logger.ts:84:13)

    console.log
      [DEBUG] Database opened successfully at: e:\Projects\Git\github\aenea-project\test-data\test_sleep_1760134035871.db

      at new DatabaseManager (src/server/database-manager.ts:32:15)

    console.log
      [32m[22:07:16] INFO  DatabaseManager Database schema initialized successfully[0m

      at Logger.log (src/server/logger.ts:84:13)

    console.log
      [32m[22:07:16] INFO  DatabaseManager Initialized fresh consciousness state[0m

      at Logger.log (src/server/logger.ts:84:13)

    console.log
      [DEBUG] Database initialization completed, setting isReady = true

      at DatabaseManager.initializeDatabase (src/server/database-manager.ts:299:15)

    console.log
      [DEBUG] About to call seedPhilosophicalQuestions...

      at DatabaseManager.initializeDatabase (src/server/database-manager.ts:303:15)

    console.log
      [DEBUG] seedPhilosophicalQuestions called, isReady: true db exists: true

      at DatabaseManager.seedPhilosophicalQuestions (src/server/database-manager.ts:806:13)

    console.log
      [DEBUG] Existing unresolved ideas count: 0

      at DatabaseManager.seedPhilosophicalQuestions (src/server/database-manager.ts:816:15)

    console.log
      [DEBUG] Starting to seed philosophical questions...

      at DatabaseManager.seedPhilosophicalQuestions (src/server/database-manager.ts:823:15)

    console.log
      ✅ Seeded 45 philosophical questions to database

      at DatabaseManager.seedPhilosophicalQuestions (src/server/database-manager.ts:932:15)

    console.log
      [32m[22:07:16] INFO  DatabaseManager Successfully seeded 45 questions to unresolved_ideas table[0m

      at Logger.log (src/server/logger.ts:84:13)

    console.log
      [DEBUG] seedPhilosophicalQuestions returned: 45

      at DatabaseManager.initializeDatabase (src/server/database-manager.ts:305:15)

    console.log
      [32m[22:07:16] INFO  DatabaseManager Seeded 45 philosophical questions[0m

      at Logger.log (src/server/logger.ts:84:13)

    console.warn
      Skipping significant thought with empty content

    [0m [90m 506 |[39m       [90m// Skip if content is empty or invalid[39m
     [90m 507 |[39m       [36mif[39m ([33m![39mcontent [33m||[39m [36mtypeof[39m content [33m!==[39m [32m'string'[39m [33m||[39m content[33m.[39mtrim()[33m.[39mlength [33m===[39m [35m0[39m) {
    [31m[1m>[22m[39m[90m 508 |[39m         console[33m.[39mwarn([32m'Skipping significant thought with empty content'[39m)[33m;[39m
     [90m     |[39m                 [31m[1m^[22m[39m
     [90m 509 |[39m         [36mreturn[39m[33m;[39m
     [90m 510 |[39m       }
     [90m 511 |[39m[0m

      at DatabaseManager.recordSignificantThought (src/server/database-manager.ts:508:17)
      at Object.<anonymous> (tests/aenea/consciousness/sleep-manager.test.ts:522:25)

    console.warn
      Skipping significant thought with empty content

    [0m [90m 506 |[39m       [90m// Skip if content is empty or invalid[39m
     [90m 507 |[39m       [36mif[39m ([33m![39mcontent [33m||[39m [36mtypeof[39m content [33m!==[39m [32m'string'[39m [33m||[39m content[33m.[39mtrim()[33m.[39mlength [33m===[39m [35m0[39m) {
    [31m[1m>[22m[39m[90m 508 |[39m         console[33m.[39mwarn([32m'Skipping significant thought with empty content'[39m)[33m;[39m
     [90m     |[39m                 [31m[1m^[22m[39m
     [90m 509 |[39m         [36mreturn[39m[33m;[39m
     [90m 510 |[39m       }
     [90m 511 |[39m[0m

      at DatabaseManager.recordSignificantThought (src/server/database-manager.ts:508:17)
      at Object.<anonymous> (tests/aenea/consciousness/sleep-manager.test.ts:522:25)

    console.warn
      Skipping significant thought with empty content

    [0m [90m 506 |[39m       [90m// Skip if content is empty or invalid[39m
     [90m 507 |[39m       [36mif[39m ([33m![39mcontent [33m||[39m [36mtypeof[39m content [33m!==[39m [32m'string'[39m [33m||[39m content[33m.[39mtrim()[33m.[39mlength [33m===[39m [35m0[39m) {
    [31m[1m>[22m[39m[90m 508 |[39m         console[33m.[39mwarn([32m'Skipping significant thought with empty content'[39m)[33m;[39m
     [90m     |[39m                 [31m[1m^[22m[39m
     [90m 509 |[39m         [36mreturn[39m[33m;[39m
     [90m 510 |[39m       }
     [90m 511 |[39m[0m

      at DatabaseManager.recordSignificantThought (src/server/database-manager.ts:508:17)
      at Object.<anonymous> (tests/aenea/consciousness/sleep-manager.test.ts:522:25)

    console.warn
      Skipping significant thought with empty content

    [0m [90m 506 |[39m       [90m// Skip if content is empty or invalid[39m
     [90m 507 |[39m       [36mif[39m ([33m![39mcontent [33m||[39m [36mtypeof[39m content [33m!==[39m [32m'string'[39m [33m||[39m content[33m.[39mtrim()[33m.[39mlength [33m===[39m [35m0[39m) {
    [31m[1m>[22m[39m[90m 508 |[39m         console[33m.[39mwarn([32m'Skipping significant thought with empty content'[39m)[33m;[39m
     [90m     |[39m                 [31m[1m^[22m[39m
     [90m 509 |[39m         [36mreturn[39m[33m;[39m
     [90m 510 |[39m       }
     [90m 511 |[39m[0m

      at DatabaseManager.recordSignificantThought (src/server/database-manager.ts:508:17)
      at Object.<anonymous> (tests/aenea/consciousness/sleep-manager.test.ts:522:25)

    console.warn
      Skipping significant thought with empty content

    [0m [90m 506 |[39m       [90m// Skip if content is empty or invalid[39m
     [90m 507 |[39m       [36mif[39m ([33m![39mcontent [33m||[39m [36mtypeof[39m content [33m!==[39m [32m'string'[39m [33m||[39m content[33m.[39mtrim()[33m.[39mlength [33m===[39m [35m0[39m) {
    [31m[1m>[22m[39m[90m 508 |[39m         console[33m.[39mwarn([32m'Skipping significant thought with empty content'[39m)[33m;[39m
     [90m     |[39m                 [31m[1m^[22m[39m
     [90m 509 |[39m         [36mreturn[39m[33m;[39m
     [90m 510 |[39m       }
     [90m 511 |[39m[0m

      at DatabaseManager.recordSignificantThought (src/server/database-manager.ts:508:17)
      at Object.<anonymous> (tests/aenea/consciousness/sleep-manager.test.ts:522:25)

    console.warn
      Skipping significant thought with empty content

    [0m [90m 506 |[39m       [90m// Skip if content is empty or invalid[39m
     [90m 507 |[39m       [36mif[39m ([33m![39mcontent [33m||[39m [36mtypeof[39m content [33m!==[39m [32m'string'[39m [33m||[39m content[33m.[39mtrim()[33m.[39mlength [33m===[39m [35m0[39m) {
    [31m[1m>[22m[39m[90m 508 |[39m         console[33m.[39mwarn([32m'Skipping significant thought with empty content'[39m)[33m;[39m
     [90m     |[39m                 [31m[1m^[22m[39m
     [90m 509 |[39m         [36mreturn[39m[33m;[39m
     [90m 510 |[39m       }
     [90m 511 |[39m[0m

      at DatabaseManager.recordSignificantThought (src/server/database-manager.ts:508:17)
      at Object.<anonymous> (tests/aenea/consciousness/sleep-manager.test.ts:522:25)

    console.warn
      Skipping significant thought with empty content

    [0m [90m 506 |[39m       [90m// Skip if content is empty or invalid[39m
     [90m 507 |[39m       [36mif[39m ([33m![39mcontent [33m||[39m [36mtypeof[39m content [33m!==[39m [32m'string'[39m [33m||[39m content[33m.[39mtrim()[33m.[39mlength [33m===[39m [35m0[39m) {
    [31m[1m>[22m[39m[90m 508 |[39m         console[33m.[39mwarn([32m'Skipping significant thought with empty content'[39m)[33m;[39m
     [90m     |[39m                 [31m[1m^[22m[39m
     [90m 509 |[39m         [36mreturn[39m[33m;[39m
     [90m 510 |[39m       }
     [90m 511 |[39m[0m

      at DatabaseManager.recordSignificantThought (src/server/database-manager.ts:508:17)
      at Object.<anonymous> (tests/aenea/consciousness/sleep-manager.test.ts:522:25)

    console.warn
      Skipping significant thought with empty content

    [0m [90m 506 |[39m       [90m// Skip if content is empty or invalid[39m
     [90m 507 |[39m       [36mif[39m ([33m![39mcontent [33m||[39m [36mtypeof[39m content [33m!==[39m [32m'string'[39m [33m||[39m content[33m.[39mtrim()[33m.[39mlength [33m===[39m [35m0[39m) {
    [31m[1m>[22m[39m[90m 508 |[39m         console[33m.[39mwarn([32m'Skipping significant thought with empty content'[39m)[33m;[39m
     [90m     |[39m                 [31m[1m^[22m[39m
     [90m 509 |[39m         [36mreturn[39m[33m;[39m
     [90m 510 |[39m       }
     [90m 511 |[39m[0m

      at DatabaseManager.recordSignificantThought (src/server/database-manager.ts:508:17)
      at Object.<anonymous> (tests/aenea/consciousness/sleep-manager.test.ts:522:25)

    console.warn
      Skipping significant thought with empty content

    [0m [90m 506 |[39m       [90m// Skip if content is empty or invalid[39m
     [90m 507 |[39m       [36mif[39m ([33m![39mcontent [33m||[39m [36mtypeof[39m content [33m!==[39m [32m'string'[39m [33m||[39m content[33m.[39mtrim()[33m.[39mlength [33m===[39m [35m0[39m) {
    [31m[1m>[22m[39m[90m 508 |[39m         console[33m.[39mwarn([32m'Skipping significant thought with empty content'[39m)[33m;[39m
     [90m     |[39m                 [31m[1m^[22m[39m
     [90m 509 |[39m         [36mreturn[39m[33m;[39m
     [90m 510 |[39m       }
     [90m 511 |[39m[0m

      at DatabaseManager.recordSignificantThought (src/server/database-manager.ts:508:17)
      at Object.<anonymous> (tests/aenea/consciousness/sleep-manager.test.ts:522:25)

    console.warn
      Skipping significant thought with empty content

    [0m [90m 506 |[39m       [90m// Skip if content is empty or invalid[39m
     [90m 507 |[39m       [36mif[39m ([33m![39mcontent [33m||[39m [36mtypeof[39m content [33m!==[39m [32m'string'[39m [33m||[39m content[33m.[39mtrim()[33m.[39mlength [33m===[39m [35m0[39m) {
    [31m[1m>[22m[39m[90m 508 |[39m         console[33m.[39mwarn([32m'Skipping significant thought with empty content'[39m)[33m;[39m
     [90m     |[39m                 [31m[1m^[22m[39m
     [90m 509 |[39m         [36mreturn[39m[33m;[39m
     [90m 510 |[39m       }
     [90m 511 |[39m[0m

      at DatabaseManager.recordSignificantThought (src/server/database-manager.ts:508:17)
      at Object.<anonymous> (tests/aenea/consciousness/sleep-manager.test.ts:522:25)

    console.log
      [32m[22:07:16] INFO  MemoryConsolidator 🔄 Starting core beliefs similarity merging...[0m

      at Logger.log (src/server/logger.ts:84:13)

    console.log
      [32m[22:07:16] INFO  MemoryConsolidator Not enough beliefs to merge[0m

      at Logger.log (src/server/logger.ts:84:13)

    console.log
      [32m[22:07:16] INFO  SleepManager ⚡ Energy fully restored: 100.0 → 100.0[0m

      at Logger.log (src/server/logger.ts:84:13)

    console.log
      [32m[22:07:16] INFO  SleepManager 💤 Sleep cycle complete: {"dreamPatterns":0,"beliefsMerged":0,"thoughtsPruned":0,"tensionsResolved":0}[0m

      at Logger.log (src/server/logger.ts:84:13)

    console.log
      [32m[22:07:16] INFO  DatabaseManager Database connection established[0m

      at Logger.log (src/server/logger.ts:84:13)

    console.log
      [DEBUG] Database opened successfully at: e:\Projects\Git\github\aenea-project\test-data\test_sleep_1760134036290.db

      at new DatabaseManager (src/server/database-manager.ts:32:15)

    console.log
      [32m[22:07:16] INFO  DatabaseManager Database schema initialized successfully[0m

      at Logger.log (src/server/logger.ts:84:13)

    console.log
      [32m[22:07:16] INFO  DatabaseManager Initialized fresh consciousness state[0m

      at Logger.log (src/server/logger.ts:84:13)

    console.log
      [DEBUG] Database initialization completed, setting isReady = true

      at DatabaseManager.initializeDatabase (src/server/database-manager.ts:299:15)

    console.log
      [DEBUG] About to call seedPhilosophicalQuestions...

      at DatabaseManager.initializeDatabase (src/server/database-manager.ts:303:15)

    console.log
      [DEBUG] seedPhilosophicalQuestions called, isReady: true db exists: true

      at DatabaseManager.seedPhilosophicalQuestions (src/server/database-manager.ts:806:13)

    console.log
      [DEBUG] Existing unresolved ideas count: 0

      at DatabaseManager.seedPhilosophicalQuestions (src/server/database-manager.ts:816:15)

    console.log
      [DEBUG] Starting to seed philosophical questions...

      at DatabaseManager.seedPhilosophicalQuestions (src/server/database-manager.ts:823:15)

    console.log
      ✅ Seeded 45 philosophical questions to database

      at DatabaseManager.seedPhilosophicalQuestions (src/server/database-manager.ts:932:15)

    console.log
      [32m[22:07:16] INFO  DatabaseManager Successfully seeded 45 questions to unresolved_ideas table[0m

      at Logger.log (src/server/logger.ts:84:13)

    console.log
      [DEBUG] seedPhilosophicalQuestions returned: 45

      at DatabaseManager.initializeDatabase (src/server/database-manager.ts:305:15)

    console.log
      [32m[22:07:16] INFO  DatabaseManager Seeded 45 philosophical questions[0m

      at Logger.log (src/server/logger.ts:84:13)

    console.warn
      Skipping significant thought with empty content

    [0m [90m 506 |[39m       [90m// Skip if content is empty or invalid[39m
     [90m 507 |[39m       [36mif[39m ([33m![39mcontent [33m||[39m [36mtypeof[39m content [33m!==[39m [32m'string'[39m [33m||[39m content[33m.[39mtrim()[33m.[39mlength [33m===[39m [35m0[39m) {
    [31m[1m>[22m[39m[90m 508 |[39m         console[33m.[39mwarn([32m'Skipping significant thought with empty content'[39m)[33m;[39m
     [90m     |[39m                 [31m[1m^[22m[39m
     [90m 509 |[39m         [36mreturn[39m[33m;[39m
     [90m 510 |[39m       }
     [90m 511 |[39m[0m

      at DatabaseManager.recordSignificantThought (src/server/database-manager.ts:508:17)
      at Object.<anonymous> (tests/aenea/consciousness/sleep-manager.test.ts:546:25)

    console.warn
      Skipping significant thought with empty content

    [0m [90m 506 |[39m       [90m// Skip if content is empty or invalid[39m
     [90m 507 |[39m       [36mif[39m ([33m![39mcontent [33m||[39m [36mtypeof[39m content [33m!==[39m [32m'string'[39m [33m||[39m content[33m.[39mtrim()[33m.[39mlength [33m===[39m [35m0[39m) {
    [31m[1m>[22m[39m[90m 508 |[39m         console[33m.[39mwarn([32m'Skipping significant thought with empty content'[39m)[33m;[39m
     [90m     |[39m                 [31m[1m^[22m[39m
     [90m 509 |[39m         [36mreturn[39m[33m;[39m
     [90m 510 |[39m       }
     [90m 511 |[39m[0m

      at DatabaseManager.recordSignificantThought (src/server/database-manager.ts:508:17)
      at Object.<anonymous> (tests/aenea/consciousness/sleep-manager.test.ts:546:25)

    console.warn
      Skipping significant thought with empty content

    [0m [90m 506 |[39m       [90m// Skip if content is empty or invalid[39m
     [90m 507 |[39m       [36mif[39m ([33m![39mcontent [33m||[39m [36mtypeof[39m content [33m!==[39m [32m'string'[39m [33m||[39m content[33m.[39mtrim()[33m.[39mlength [33m===[39m [35m0[39m) {
    [31m[1m>[22m[39m[90m 508 |[39m         console[33m.[39mwarn([32m'Skipping significant thought with empty content'[39m)[33m;[39m
     [90m     |[39m                 [31m[1m^[22m[39m
     [90m 509 |[39m         [36mreturn[39m[33m;[39m
     [90m 510 |[39m       }
     [90m 511 |[39m[0m

      at DatabaseManager.recordSignificantThought (src/server/database-manager.ts:508:17)
      at Object.<anonymous> (tests/aenea/consciousness/sleep-manager.test.ts:546:25)

    console.warn
      Skipping significant thought with empty content

    [0m [90m 506 |[39m       [90m// Skip if content is empty or invalid[39m
     [90m 507 |[39m       [36mif[39m ([33m![39mcontent [33m||[39m [36mtypeof[39m content [33m!==[39m [32m'string'[39m [33m||[39m content[33m.[39mtrim()[33m.[39mlength [33m===[39m [35m0[39m) {
    [31m[1m>[22m[39m[90m 508 |[39m         console[33m.[39mwarn([32m'Skipping significant thought with empty content'[39m)[33m;[39m
     [90m     |[39m                 [31m[1m^[22m[39m
     [90m 509 |[39m         [36mreturn[39m[33m;[39m
     [90m 510 |[39m       }
     [90m 511 |[39m[0m

      at DatabaseManager.recordSignificantThought (src/server/database-manager.ts:508:17)
      at Object.<anonymous> (tests/aenea/consciousness/sleep-manager.test.ts:546:25)

    console.warn
      Skipping significant thought with empty content

    [0m [90m 506 |[39m       [90m// Skip if content is empty or invalid[39m
     [90m 507 |[39m       [36mif[39m ([33m![39mcontent [33m||[39m [36mtypeof[39m content [33m!==[39m [32m'string'[39m [33m||[39m content[33m.[39mtrim()[33m.[39mlength [33m===[39m [35m0[39m) {
    [31m[1m>[22m[39m[90m 508 |[39m         console[33m.[39mwarn([32m'Skipping significant thought with empty content'[39m)[33m;[39m
     [90m     |[39m                 [31m[1m^[22m[39m
     [90m 509 |[39m         [36mreturn[39m[33m;[39m
     [90m 510 |[39m       }
     [90m 511 |[39m[0m

      at DatabaseManager.recordSignificantThought (src/server/database-manager.ts:508:17)
      at Object.<anonymous> (tests/aenea/consciousness/sleep-manager.test.ts:546:25)

    console.log
      [32m[22:07:16] INFO  MemoryConsolidator 🔄 Starting core beliefs similarity merging...[0m

      at Logger.log (src/server/logger.ts:84:13)

    console.log
      [32m[22:07:16] INFO  MemoryConsolidator Not enough beliefs to merge[0m

      at Logger.log (src/server/logger.ts:84:13)

    console.log
      [32m[22:07:16] INFO  SleepManager ⚡ Energy fully restored: 100.0 → 100.0[0m

      at Logger.log (src/server/logger.ts:84:13)

    console.log
      [32m[22:07:16] INFO  SleepManager 💤 Sleep cycle complete: {"dreamPatterns":0,"beliefsMerged":0,"thoughtsPruned":0,"tensionsResolved":0}[0m

      at Logger.log (src/server/logger.ts:84:13)

  ● SleepManager - t_wada Quality Tests › Sleep Cycle Execution › should complete all 4 phases of sleep cycle

    EBUSY: resource busy or locked, unlink 'e:\Projects\Git\github\aenea-project\test-data\test_sleep_1760134021540.db'

    [0m [90m 107 |[39m     [90m// Clean up test database[39m
     [90m 108 |[39m     [36mif[39m (fs[33m.[39mexistsSync(testDbPath)) {
    [31m[1m>[22m[39m[90m 109 |[39m       fs[33m.[39munlinkSync(testDbPath)[33m;[39m
     [90m     |[39m          [31m[1m^[22m[39m
     [90m 110 |[39m     }
     [90m 111 |[39m   })[33m;[39m
     [90m 112 |[39m[0m

      at Object.<anonymous> (tests/aenea/consciousness/sleep-manager.test.ts:109:10)

  ● SleepManager - t_wada Quality Tests › Sleep Cycle Execution › should restore energy to maximum after sleep cycle

    expect(received).toBeLessThan(expected)

    Expected: < 50
    Received:   50.019608

    [0m [90m 142 |[39m       energyManager[33m.[39mconsumeEnergy([35m50[39m[33m,[39m [32m'test'[39m)[33m;[39m
     [90m 143 |[39m       [36mconst[39m energyBefore [33m=[39m energyManager[33m.[39mgetEnergyState()[33m.[39mavailable[33m;[39m
    [31m[1m>[22m[39m[90m 144 |[39m       expect(energyBefore)[33m.[39mtoBeLessThan([35m50[39m)[33m;[39m
     [90m     |[39m                            [31m[1m^[22m[39m
     [90m 145 |[39m
     [90m 146 |[39m       [90m// Act: Perform sleep cycle[39m
     [90m 147 |[39m       [36mconst[39m result [33m=[39m [36mawait[39m sleepManager[33m.[39mperformSleepCycle([32m'energy_critical'[39m)[33m;[39m[0m

      at Object.<anonymous> (tests/aenea/consciousness/sleep-manager.test.ts:144:28)

  ● SleepManager - t_wada Quality Tests › Sleep Cycle Execution › should restore energy to maximum after sleep cycle

    EBUSY: resource busy or locked, unlink 'e:\Projects\Git\github\aenea-project\test-data\test_sleep_1760134028820.db'

    [0m [90m 107 |[39m     [90m// Clean up test database[39m
     [90m 108 |[39m     [36mif[39m (fs[33m.[39mexistsSync(testDbPath)) {
    [31m[1m>[22m[39m[90m 109 |[39m       fs[33m.[39munlinkSync(testDbPath)[33m;[39m
     [90m     |[39m          [31m[1m^[22m[39m
     [90m 110 |[39m     }
     [90m 111 |[39m   })[33m;[39m
     [90m 112 |[39m[0m

      at Object.<anonymous> (tests/aenea/consciousness/sleep-manager.test.ts:109:10)

  ● SleepManager - t_wada Quality Tests › Sleep Cycle Execution › should emit energyUpdated event after sleep

    EBUSY: resource busy or locked, unlink 'e:\Projects\Git\github\aenea-project\test-data\test_sleep_1760134029328.db'

    [0m [90m 107 |[39m     [90m// Clean up test database[39m
     [90m 108 |[39m     [36mif[39m (fs[33m.[39mexistsSync(testDbPath)) {
    [31m[1m>[22m[39m[90m 109 |[39m       fs[33m.[39munlinkSync(testDbPath)[33m;[39m
     [90m     |[39m          [31m[1m^[22m[39m
     [90m 110 |[39m     }
     [90m 111 |[39m   })[33m;[39m
     [90m 112 |[39m[0m

      at Object.<anonymous> (tests/aenea/consciousness/sleep-manager.test.ts:109:10)

  ● SleepManager - t_wada Quality Tests › Sleep Cycle Execution › should return valid SleepResult structure

    EBUSY: resource busy or locked, unlink 'e:\Projects\Git\github\aenea-project\test-data\test_sleep_1760134029807.db'

    [0m [90m 107 |[39m     [90m// Clean up test database[39m
     [90m 108 |[39m     [36mif[39m (fs[33m.[39mexistsSync(testDbPath)) {
    [31m[1m>[22m[39m[90m 109 |[39m       fs[33m.[39munlinkSync(testDbPath)[33m;[39m
     [90m     |[39m          [31m[1m^[22m[39m
     [90m 110 |[39m     }
     [90m 111 |[39m   })[33m;[39m
     [90m 112 |[39m[0m

      at Object.<anonymous> (tests/aenea/consciousness/sleep-manager.test.ts:109:10)

  ● SleepManager - t_wada Quality Tests › REM Phase - Dream Pattern Extraction › should skip REM phase when thoughts < 10

    EBUSY: resource busy or locked, unlink 'e:\Projects\Git\github\aenea-project\test-data\test_sleep_1760134030241.db'

    [0m [90m 107 |[39m     [90m// Clean up test database[39m
     [90m 108 |[39m     [36mif[39m (fs[33m.[39mexistsSync(testDbPath)) {
    [31m[1m>[22m[39m[90m 109 |[39m       fs[33m.[39munlinkSync(testDbPath)[33m;[39m
     [90m     |[39m          [31m[1m^[22m[39m
     [90m 110 |[39m     }
     [90m 111 |[39m   })[33m;[39m
     [90m 112 |[39m[0m

      at Object.<anonymous> (tests/aenea/consciousness/sleep-manager.test.ts:109:10)

  ● SleepManager - t_wada Quality Tests › REM Phase - Dream Pattern Extraction › should extract dream patterns when thoughts >= 10

    expect(received).toBe(expected) // Object.is equality

    Expected: 2
    Received: 0

    [0m [90m 247 |[39m
     [90m 248 |[39m       [90m// Assert: Dream patterns extracted (mock returns 2)[39m
    [31m[1m>[22m[39m[90m 249 |[39m       expect(result[33m.[39mstats[33m.[39mdreamPatterns)[33m.[39mtoBe([35m2[39m)[33m;[39m
     [90m     |[39m                                          [31m[1m^[22m[39m
     [90m 250 |[39m     })[33m;[39m
     [90m 251 |[39m   })[33m;[39m
     [90m 252 |[39m[0m

      at Object.<anonymous> (tests/aenea/consciousness/sleep-manager.test.ts:249:42)

  ● SleepManager - t_wada Quality Tests › REM Phase - Dream Pattern Extraction › should extract dream patterns when thoughts >= 10

    EBUSY: resource busy or locked, unlink 'e:\Projects\Git\github\aenea-project\test-data\test_sleep_1760134030641.db'

    [0m [90m 107 |[39m     [90m// Clean up test database[39m
     [90m 108 |[39m     [36mif[39m (fs[33m.[39mexistsSync(testDbPath)) {
    [31m[1m>[22m[39m[90m 109 |[39m       fs[33m.[39munlinkSync(testDbPath)[33m;[39m
     [90m     |[39m          [31m[1m^[22m[39m
     [90m 110 |[39m     }
     [90m 111 |[39m   })[33m;[39m
     [90m 112 |[39m[0m

      at Object.<anonymous> (tests/aenea/consciousness/sleep-manager.test.ts:109:10)

  ● SleepManager - t_wada Quality Tests › Deep Sleep - Memory Consolidation › should skip deep sleep when thoughts < 5

    EBUSY: resource busy or locked, unlink 'e:\Projects\Git\github\aenea-project\test-data\test_sleep_1760134031046.db'

    [0m [90m 107 |[39m     [90m// Clean up test database[39m
     [90m 108 |[39m     [36mif[39m (fs[33m.[39mexistsSync(testDbPath)) {
    [31m[1m>[22m[39m[90m 109 |[39m       fs[33m.[39munlinkSync(testDbPath)[33m;[39m
     [90m     |[39m          [31m[1m^[22m[39m
     [90m 110 |[39m     }
     [90m 111 |[39m   })[33m;[39m
     [90m 112 |[39m[0m

      at Object.<anonymous> (tests/aenea/consciousness/sleep-manager.test.ts:109:10)

  ● SleepManager - t_wada Quality Tests › Deep Sleep - Memory Consolidation › should consolidate thoughts into beliefs when sufficient

    EBUSY: resource busy or locked, unlink 'e:\Projects\Git\github\aenea-project\test-data\test_sleep_1760134031420.db'

    [0m [90m 107 |[39m     [90m// Clean up test database[39m
     [90m 108 |[39m     [36mif[39m (fs[33m.[39mexistsSync(testDbPath)) {
    [31m[1m>[22m[39m[90m 109 |[39m       fs[33m.[39munlinkSync(testDbPath)[33m;[39m
     [90m     |[39m          [31m[1m^[22m[39m
     [90m 110 |[39m     }
     [90m 111 |[39m   })[33m;[39m
     [90m 112 |[39m[0m

      at Object.<anonymous> (tests/aenea/consciousness/sleep-manager.test.ts:109:10)

  ● SleepManager - t_wada Quality Tests › Synaptic Pruning Phase › should skip pruning when old thoughts < 10

    EBUSY: resource busy or locked, unlink 'e:\Projects\Git\github\aenea-project\test-data\test_sleep_1760134031851.db'

    [0m [90m 107 |[39m     [90m// Clean up test database[39m
     [90m 108 |[39m     [36mif[39m (fs[33m.[39mexistsSync(testDbPath)) {
    [31m[1m>[22m[39m[90m 109 |[39m       fs[33m.[39munlinkSync(testDbPath)[33m;[39m
     [90m     |[39m          [31m[1m^[22m[39m
     [90m 110 |[39m     }
     [90m 111 |[39m   })[33m;[39m
     [90m 112 |[39m[0m

      at Object.<anonymous> (tests/aenea/consciousness/sleep-manager.test.ts:109:10)

  ● SleepManager - t_wada Quality Tests › Synaptic Pruning Phase › should prune redundant thoughts when sufficient data

    expect(received).toBe(expected) // Object.is equality

    Expected: 2
    Received: 0

    [0m [90m 361 |[39m
     [90m 362 |[39m       [90m// Assert: Some thoughts should be pruned (mock returns 2)[39m
    [31m[1m>[22m[39m[90m 363 |[39m       expect(result[33m.[39mstats[33m.[39mthoughtsPruned)[33m.[39mtoBe([35m2[39m)[33m;[39m
     [90m     |[39m                                           [31m[1m^[22m[39m
     [90m 364 |[39m     })[33m;[39m
     [90m 365 |[39m   })[33m;[39m
     [90m 366 |[39m[0m

      at Object.<anonymous> (tests/aenea/consciousness/sleep-manager.test.ts:363:43)

  ● SleepManager - t_wada Quality Tests › Synaptic Pruning Phase › should prune redundant thoughts when sufficient data

    EBUSY: resource busy or locked, unlink 'e:\Projects\Git\github\aenea-project\test-data\test_sleep_1760134032204.db'

    [0m [90m 107 |[39m     [90m// Clean up test database[39m
     [90m 108 |[39m     [36mif[39m (fs[33m.[39mexistsSync(testDbPath)) {
    [31m[1m>[22m[39m[90m 109 |[39m       fs[33m.[39munlinkSync(testDbPath)[33m;[39m
     [90m     |[39m          [31m[1m^[22m[39m
     [90m 110 |[39m     }
     [90m 111 |[39m   })[33m;[39m
     [90m 112 |[39m[0m

      at Object.<anonymous> (tests/aenea/consciousness/sleep-manager.test.ts:109:10)

  ● SleepManager - t_wada Quality Tests › Emotional Processing Phase › should skip emotional processing when no tensions

    EBUSY: resource busy or locked, unlink 'e:\Projects\Git\github\aenea-project\test-data\test_sleep_1760134032667.db'

    [0m [90m 107 |[39m     [90m// Clean up test database[39m
     [90m 108 |[39m     [36mif[39m (fs[33m.[39mexistsSync(testDbPath)) {
    [31m[1m>[22m[39m[90m 109 |[39m       fs[33m.[39munlinkSync(testDbPath)[33m;[39m
     [90m     |[39m          [31m[1m^[22m[39m
     [90m 110 |[39m     }
     [90m 111 |[39m   })[33m;[39m
     [90m 112 |[39m[0m

      at Object.<anonymous> (tests/aenea/consciousness/sleep-manager.test.ts:109:10)

  ● SleepManager - t_wada Quality Tests › Emotional Processing Phase › should resolve tensions when high dissonance cycles exist

    expect(received).toBe(expected) // Object.is equality

    Expected: 1
    Received: 0

    [0m [90m 402 |[39m
     [90m 403 |[39m       [90m// Assert: Tensions should be resolved (mock returns 1)[39m
    [31m[1m>[22m[39m[90m 404 |[39m       expect(result[33m.[39mstats[33m.[39mtensionsResolved)[33m.[39mtoBe([35m1[39m)[33m;[39m
     [90m     |[39m                                             [31m[1m^[22m[39m
     [90m 405 |[39m     })[33m;[39m
     [90m 406 |[39m   })[33m;[39m
     [90m 407 |[39m[0m

      at Object.<anonymous> (tests/aenea/consciousness/sleep-manager.test.ts:404:45)

  ● SleepManager - t_wada Quality Tests › Emotional Processing Phase › should resolve tensions when high dissonance cycles exist

    EBUSY: resource busy or locked, unlink 'e:\Projects\Git\github\aenea-project\test-data\test_sleep_1760134033003.db'

    [0m [90m 107 |[39m     [90m// Clean up test database[39m
     [90m 108 |[39m     [36mif[39m (fs[33m.[39mexistsSync(testDbPath)) {
    [31m[1m>[22m[39m[90m 109 |[39m       fs[33m.[39munlinkSync(testDbPath)[33m;[39m
     [90m     |[39m          [31m[1m^[22m[39m
     [90m 110 |[39m     }
     [90m 111 |[39m   })[33m;[39m
     [90m 112 |[39m[0m

      at Object.<anonymous> (tests/aenea/consciousness/sleep-manager.test.ts:109:10)

  ● SleepManager - t_wada Quality Tests › Edge Cases and Error Handling › should handle missing AI executor gracefully

    EBUSY: resource busy or locked, unlink 'e:\Projects\Git\github\aenea-project\test-data\test_sleep_1760134033427.db'

    [0m [90m 107 |[39m     [90m// Clean up test database[39m
     [90m 108 |[39m     [36mif[39m (fs[33m.[39mexistsSync(testDbPath)) {
    [31m[1m>[22m[39m[90m 109 |[39m       fs[33m.[39munlinkSync(testDbPath)[33m;[39m
     [90m     |[39m          [31m[1m^[22m[39m
     [90m 110 |[39m     }
     [90m 111 |[39m   })[33m;[39m
     [90m 112 |[39m[0m

      at Object.<anonymous> (tests/aenea/consciousness/sleep-manager.test.ts:109:10)

  ● SleepManager - t_wada Quality Tests › Edge Cases and Error Handling › should complete sleep cycle even with empty database

    EBUSY: resource busy or locked, unlink 'e:\Projects\Git\github\aenea-project\test-data\test_sleep_1760134033843.db'

    [0m [90m 107 |[39m     [90m// Clean up test database[39m
     [90m 108 |[39m     [36mif[39m (fs[33m.[39mexistsSync(testDbPath)) {
    [31m[1m>[22m[39m[90m 109 |[39m       fs[33m.[39munlinkSync(testDbPath)[33m;[39m
     [90m     |[39m          [31m[1m^[22m[39m
     [90m 110 |[39m     }
     [90m 111 |[39m   })[33m;[39m
     [90m 112 |[39m[0m

      at Object.<anonymous> (tests/aenea/consciousness/sleep-manager.test.ts:109:10)

  ● SleepManager - t_wada Quality Tests › Edge Cases and Error Handling › should update system clock reference

    EBUSY: resource busy or locked, unlink 'e:\Projects\Git\github\aenea-project\test-data\test_sleep_1760134034187.db'

    [0m [90m 107 |[39m     [90m// Clean up test database[39m
     [90m 108 |[39m     [36mif[39m (fs[33m.[39mexistsSync(testDbPath)) {
    [31m[1m>[22m[39m[90m 109 |[39m       fs[33m.[39munlinkSync(testDbPath)[33m;[39m
     [90m     |[39m          [31m[1m^[22m[39m
     [90m 110 |[39m     }
     [90m 111 |[39m   })[33m;[39m
     [90m 112 |[39m[0m

      at Object.<anonymous> (tests/aenea/consciousness/sleep-manager.test.ts:109:10)

  ● SleepManager - t_wada Quality Tests › Invariants and Properties › should always restore energy to maximum (invariant)

    EBUSY: resource busy or locked, unlink 'e:\Projects\Git\github\aenea-project\test-data\test_sleep_1760134034563.db'

    [0m [90m 107 |[39m     [90m// Clean up test database[39m
     [90m 108 |[39m     [36mif[39m (fs[33m.[39mexistsSync(testDbPath)) {
    [31m[1m>[22m[39m[90m 109 |[39m       fs[33m.[39munlinkSync(testDbPath)[33m;[39m
     [90m     |[39m          [31m[1m^[22m[39m
     [90m 110 |[39m     }
     [90m 111 |[39m   })[33m;[39m
     [90m 112 |[39m[0m

      at Object.<anonymous> (tests/aenea/consciousness/sleep-manager.test.ts:109:10)

  ● SleepManager - t_wada Quality Tests › Invariants and Properties › should always have positive duration (property)

    EBUSY: resource busy or locked, unlink 'e:\Projects\Git\github\aenea-project\test-data\test_sleep_1760134034977.db'

    [0m [90m 107 |[39m     [90m// Clean up test database[39m
     [90m 108 |[39m     [36mif[39m (fs[33m.[39mexistsSync(testDbPath)) {
    [31m[1m>[22m[39m[90m 109 |[39m       fs[33m.[39munlinkSync(testDbPath)[33m;[39m
     [90m     |[39m          [31m[1m^[22m[39m
     [90m 110 |[39m     }
     [90m 111 |[39m   })[33m;[39m
     [90m 112 |[39m[0m

      at Object.<anonymous> (tests/aenea/consciousness/sleep-manager.test.ts:109:10)

  ● SleepManager - t_wada Quality Tests › Invariants and Properties › should never have negative stats (invariant)

    EBUSY: resource busy or locked, unlink 'e:\Projects\Git\github\aenea-project\test-data\test_sleep_1760134035440.db'

    [0m [90m 107 |[39m     [90m// Clean up test database[39m
     [90m 108 |[39m     [36mif[39m (fs[33m.[39mexistsSync(testDbPath)) {
    [31m[1m>[22m[39m[90m 109 |[39m       fs[33m.[39munlinkSync(testDbPath)[33m;[39m
     [90m     |[39m          [31m[1m^[22m[39m
     [90m 110 |[39m     }
     [90m 111 |[39m   })[33m;[39m
     [90m 112 |[39m[0m

      at Object.<anonymous> (tests/aenea/consciousness/sleep-manager.test.ts:109:10)

  ● SleepManager - t_wada Quality Tests › Boundary Conditions › should handle exactly 10 thoughts for REM phase

    EBUSY: resource busy or locked, unlink 'e:\Projects\Git\github\aenea-project\test-data\test_sleep_1760134035871.db'

    [0m [90m 107 |[39m     [90m// Clean up test database[39m
     [90m 108 |[39m     [36mif[39m (fs[33m.[39mexistsSync(testDbPath)) {
    [31m[1m>[22m[39m[90m 109 |[39m       fs[33m.[39munlinkSync(testDbPath)[33m;[39m
     [90m     |[39m          [31m[1m^[22m[39m
     [90m 110 |[39m     }
     [90m 111 |[39m   })[33m;[39m
     [90m 112 |[39m[0m

      at Object.<anonymous> (tests/aenea/consciousness/sleep-manager.test.ts:109:10)

  ● SleepManager - t_wada Quality Tests › Boundary Conditions › should handle exactly 5 thoughts for Deep Sleep phase

    EBUSY: resource busy or locked, unlink 'e:\Projects\Git\github\aenea-project\test-data\test_sleep_1760134036290.db'

    [0m [90m 107 |[39m     [90m// Clean up test database[39m
     [90m 108 |[39m     [36mif[39m (fs[33m.[39mexistsSync(testDbPath)) {
    [31m[1m>[22m[39m[90m 109 |[39m       fs[33m.[39munlinkSync(testDbPath)[33m;[39m
     [90m     |[39m          [31m[1m^[22m[39m
     [90m 110 |[39m     }
     [90m 111 |[39m   })[33m;[39m
     [90m 112 |[39m[0m

      at Object.<anonymous> (tests/aenea/consciousness/sleep-manager.test.ts:109:10)

PASS tests/integration/database-manager.test.ts (53.952 s)
  ● Console

    console.log
      [32m[22:07:01] INFO  DatabaseManager Database connection established[0m

      at Logger.log (src/server/logger.ts:84:13)

    console.log
      [DEBUG] Database opened successfully at: e:\Projects\Git\github\aenea-project\test-data\test_aenea_1760134020981.db

      at new DatabaseManager (src/server/database-manager.ts:32:15)

    console.log
      [32m[22:07:04] INFO  DatabaseManager Database schema initialized successfully[0m

      at Logger.log (src/server/logger.ts:84:13)

    console.log
      [32m[22:07:04] INFO  DatabaseManager Initialized fresh consciousness state[0m

      at Logger.log (src/server/logger.ts:84:13)

    console.log
      [DEBUG] Database initialization completed, setting isReady = true

      at DatabaseManager.initializeDatabase (src/server/database-manager.ts:299:15)

    console.log
      [DEBUG] About to call seedPhilosophicalQuestions...

      at DatabaseManager.initializeDatabase (src/server/database-manager.ts:303:15)

    console.log
      [DEBUG] seedPhilosophicalQuestions called, isReady: true db exists: true

      at DatabaseManager.seedPhilosophicalQuestions (src/server/database-manager.ts:806:13)

    console.log
      [DEBUG] Existing unresolved ideas count: 0

      at DatabaseManager.seedPhilosophicalQuestions (src/server/database-manager.ts:816:15)

    console.log
      [DEBUG] Starting to seed philosophical questions...

      at DatabaseManager.seedPhilosophicalQuestions (src/server/database-manager.ts:823:15)

    console.log
      ✅ Seeded 45 philosophical questions to database

      at DatabaseManager.seedPhilosophicalQuestions (src/server/database-manager.ts:932:15)

    console.log
      [32m[22:07:08] INFO  DatabaseManager Successfully seeded 45 questions to unresolved_ideas table[0m

      at Logger.log (src/server/logger.ts:84:13)

    console.log
      [DEBUG] seedPhilosophicalQuestions returned: 45

      at DatabaseManager.initializeDatabase (src/server/database-manager.ts:305:15)

    console.log
      [32m[22:07:08] INFO  DatabaseManager Seeded 45 philosophical questions[0m

      at Logger.log (src/server/logger.ts:84:13)

    console.log
      [32m[22:07:08] INFO  DatabaseManager Database connection closed[0m

      at Logger.log (src/server/logger.ts:84:13)

    console.log
      [32m[22:07:08] INFO  DatabaseManager Database connection established[0m

      at Logger.log (src/server/logger.ts:84:13)

    console.log
      [DEBUG] Database opened successfully at: e:\Projects\Git\github\aenea-project\test-data\test_aenea_1760134028908.db

      at new DatabaseManager (src/server/database-manager.ts:32:15)

    console.log
      [32m[22:07:09] INFO  DatabaseManager Database schema initialized successfully[0m

      at Logger.log (src/server/logger.ts:84:13)

    console.log
      [32m[22:07:09] INFO  DatabaseManager Initialized fresh consciousness state[0m

      at Logger.log (src/server/logger.ts:84:13)

    console.log
      [DEBUG] Database initialization completed, setting isReady = true

      at DatabaseManager.initializeDatabase (src/server/database-manager.ts:299:15)

    console.log
      [DEBUG] About to call seedPhilosophicalQuestions...

      at DatabaseManager.initializeDatabase (src/server/database-manager.ts:303:15)

    console.log
      [DEBUG] seedPhilosophicalQuestions called, isReady: true db exists: true

      at DatabaseManager.seedPhilosophicalQuestions (src/server/database-manager.ts:806:13)

    console.log
      [DEBUG] Existing unresolved ideas count: 0

      at DatabaseManager.seedPhilosophicalQuestions (src/server/database-manager.ts:816:15)

    console.log
      [DEBUG] Starting to seed philosophical questions...

      at DatabaseManager.seedPhilosophicalQuestions (src/server/database-manager.ts:823:15)

    console.log
      ✅ Seeded 45 philosophical questions to database

      at DatabaseManager.seedPhilosophicalQuestions (src/server/database-manager.ts:932:15)

    console.log
      [32m[22:07:09] INFO  DatabaseManager Successfully seeded 45 questions to unresolved_ideas table[0m

      at Logger.log (src/server/logger.ts:84:13)

    console.log
      [DEBUG] seedPhilosophicalQuestions returned: 45

      at DatabaseManager.initializeDatabase (src/server/database-manager.ts:305:15)

    console.log
      [32m[22:07:09] INFO  DatabaseManager Seeded 45 philosophical questions[0m

      at Logger.log (src/server/logger.ts:84:13)

    console.log
      [32m[22:07:09] INFO  DatabaseManager Database connection established[0m

      at Logger.log (src/server/logger.ts:84:13)

    console.log
      [DEBUG] Database opened successfully at: e:\Projects\Git\github\aenea-project\test-data\test_aenea_1760134029436_2.db

      at new DatabaseManager (src/server/database-manager.ts:32:15)

    console.log
      [32m[22:07:09] INFO  DatabaseManager Database schema initialized successfully[0m

      at Logger.log (src/server/logger.ts:84:13)

    console.log
      [32m[22:07:09] INFO  DatabaseManager Initialized fresh consciousness state[0m

      at Logger.log (src/server/logger.ts:84:13)

    console.log
      [DEBUG] Database initialization completed, setting isReady = true

      at DatabaseManager.initializeDatabase (src/server/database-manager.ts:299:15)

    console.log
      [DEBUG] About to call seedPhilosophicalQuestions...

      at DatabaseManager.initializeDatabase (src/server/database-manager.ts:303:15)

    console.log
      [DEBUG] seedPhilosophicalQuestions called, isReady: true db exists: true

      at DatabaseManager.seedPhilosophicalQuestions (src/server/database-manager.ts:806:13)

    console.log
      [DEBUG] Existing unresolved ideas count: 0

      at DatabaseManager.seedPhilosophicalQuestions (src/server/database-manager.ts:816:15)

    console.log
      [DEBUG] Starting to seed philosophical questions...

      at DatabaseManager.seedPhilosophicalQuestions (src/server/database-manager.ts:823:15)

    console.log
      ✅ Seeded 45 philosophical questions to database

      at DatabaseManager.seedPhilosophicalQuestions (src/server/database-manager.ts:932:15)

    console.log
      [32m[22:07:09] INFO  DatabaseManager Successfully seeded 45 questions to unresolved_ideas table[0m

      at Logger.log (src/server/logger.ts:84:13)

    console.log
      [DEBUG] seedPhilosophicalQuestions returned: 45

      at DatabaseManager.initializeDatabase (src/server/database-manager.ts:305:15)

    console.log
      [32m[22:07:09] INFO  DatabaseManager Seeded 45 philosophical questions[0m

      at Logger.log (src/server/logger.ts:84:13)

    console.log
      [32m[22:07:10] INFO  DatabaseManager Database connection closed[0m

      at Logger.log (src/server/logger.ts:84:13)

    console.log
      [32m[22:07:10] INFO  DatabaseManager Database connection closed[0m

      at Logger.log (src/server/logger.ts:84:13)

    console.log
      [32m[22:07:10] INFO  DatabaseManager Database connection established[0m

      at Logger.log (src/server/logger.ts:84:13)

    console.log
      [DEBUG] Database opened successfully at: e:\Projects\Git\github\aenea-project\test-data\test_aenea_1760134030016.db

      at new DatabaseManager (src/server/database-manager.ts:32:15)

    console.log
      [32m[22:07:10] INFO  DatabaseManager Database schema initialized successfully[0m

      at Logger.log (src/server/logger.ts:84:13)

    console.log
      [32m[22:07:10] INFO  DatabaseManager Initialized fresh consciousness state[0m

      at Logger.log (src/server/logger.ts:84:13)

    console.log
      [DEBUG] Database initialization completed, setting isReady = true

      at DatabaseManager.initializeDatabase (src/server/database-manager.ts:299:15)

    console.log
      [DEBUG] About to call seedPhilosophicalQuestions...

      at DatabaseManager.initializeDatabase (src/server/database-manager.ts:303:15)

    console.log
      [DEBUG] seedPhilosophicalQuestions called, isReady: true db exists: true

      at DatabaseManager.seedPhilosophicalQuestions (src/server/database-manager.ts:806:13)

    console.log
      [DEBUG] Existing unresolved ideas count: 0

      at DatabaseManager.seedPhilosophicalQuestions (src/server/database-manager.ts:816:15)

    console.log
      [DEBUG] Starting to seed philosophical questions...

      at DatabaseManager.seedPhilosophicalQuestions (src/server/database-manager.ts:823:15)

    console.log
      ✅ Seeded 45 philosophical questions to database

      at DatabaseManager.seedPhilosophicalQuestions (src/server/database-manager.ts:932:15)

    console.log
      [32m[22:07:10] INFO  DatabaseManager Successfully seeded 45 questions to unresolved_ideas table[0m

      at Logger.log (src/server/logger.ts:84:13)

    console.log
      [DEBUG] seedPhilosophicalQuestions returned: 45

      at DatabaseManager.initializeDatabase (src/server/database-manager.ts:305:15)

    console.log
      [32m[22:07:10] INFO  DatabaseManager Seeded 45 philosophical questions[0m

      at Logger.log (src/server/logger.ts:84:13)

    console.log
      [32m[22:07:10] INFO  DatabaseManager Database connection closed[0m

      at Logger.log (src/server/logger.ts:84:13)

    console.log
      [32m[22:07:10] INFO  DatabaseManager Database connection established[0m

      at Logger.log (src/server/logger.ts:84:13)

    console.log
      [DEBUG] Database opened successfully at: e:\Projects\Git\github\aenea-project\test-data\test_aenea_1760134030777.db

      at new DatabaseManager (src/server/database-manager.ts:32:15)

    console.log
      [32m[22:07:10] INFO  DatabaseManager Database schema initialized successfully[0m

      at Logger.log (src/server/logger.ts:84:13)

    console.log
      [32m[22:07:10] INFO  DatabaseManager Initialized fresh consciousness state[0m

      at Logger.log (src/server/logger.ts:84:13)

    console.log
      [DEBUG] Database initialization completed, setting isReady = true

      at DatabaseManager.initializeDatabase (src/server/database-manager.ts:299:15)

    console.log
      [DEBUG] About to call seedPhilosophicalQuestions...

      at DatabaseManager.initializeDatabase (src/server/database-manager.ts:303:15)

    console.log
      [DEBUG] seedPhilosophicalQuestions called, isReady: true db exists: true

      at DatabaseManager.seedPhilosophicalQuestions (src/server/database-manager.ts:806:13)

    console.log
      [DEBUG] Existing unresolved ideas count: 0

      at DatabaseManager.seedPhilosophicalQuestions (src/server/database-manager.ts:816:15)

    console.log
      [DEBUG] Starting to seed philosophical questions...

      at DatabaseManager.seedPhilosophicalQuestions (src/server/database-manager.ts:823:15)

    console.log
      ✅ Seeded 45 philosophical questions to database

      at DatabaseManager.seedPhilosophicalQuestions (src/server/database-manager.ts:932:15)

    console.log
      [32m[22:07:11] INFO  DatabaseManager Successfully seeded 45 questions to unresolved_ideas table[0m

      at Logger.log (src/server/logger.ts:84:13)

    console.log
      [DEBUG] seedPhilosophicalQuestions returned: 45

      at DatabaseManager.initializeDatabase (src/server/database-manager.ts:305:15)

    console.log
      [32m[22:07:11] INFO  DatabaseManager Seeded 45 philosophical questions[0m

      at Logger.log (src/server/logger.ts:84:13)

    console.log
      [32m[22:07:11] INFO  DatabaseManager Database connection closed[0m

      at Logger.log (src/server/logger.ts:84:13)

    console.log
      [32m[22:07:11] INFO  DatabaseManager Database connection established[0m

      at Logger.log (src/server/logger.ts:84:13)

    console.log
      [DEBUG] Database opened successfully at: e:\Projects\Git\github\aenea-project\test-data\test_aenea_1760134031508.db

      at new DatabaseManager (src/server/database-manager.ts:32:15)

    console.log
      [32m[22:07:11] INFO  DatabaseManager Database schema initialized successfully[0m

      at Logger.log (src/server/logger.ts:84:13)

    console.log
      [32m[22:07:11] INFO  DatabaseManager Initialized fresh consciousness state[0m

      at Logger.log (src/server/logger.ts:84:13)

    console.log
      [DEBUG] Database initialization completed, setting isReady = true

      at DatabaseManager.initializeDatabase (src/server/database-manager.ts:299:15)

    console.log
      [DEBUG] About to call seedPhilosophicalQuestions...

      at DatabaseManager.initializeDatabase (src/server/database-manager.ts:303:15)

    console.log
      [DEBUG] seedPhilosophicalQuestions called, isReady: true db exists: true

      at DatabaseManager.seedPhilosophicalQuestions (src/server/database-manager.ts:806:13)

    console.log
      [DEBUG] Existing unresolved ideas count: 0

      at DatabaseManager.seedPhilosophicalQuestions (src/server/database-manager.ts:816:15)

    console.log
      [DEBUG] Starting to seed philosophical questions...

      at DatabaseManager.seedPhilosophicalQuestions (src/server/database-manager.ts:823:15)

    console.log
      ✅ Seeded 45 philosophical questions to database

      at DatabaseManager.seedPhilosophicalQuestions (src/server/database-manager.ts:932:15)

    console.log
      [32m[22:07:11] INFO  DatabaseManager Successfully seeded 45 questions to unresolved_ideas table[0m

      at Logger.log (src/server/logger.ts:84:13)

    console.log
      [DEBUG] seedPhilosophicalQuestions returned: 45

      at DatabaseManager.initializeDatabase (src/server/database-manager.ts:305:15)

    console.log
      [32m[22:07:11] INFO  DatabaseManager Seeded 45 philosophical questions[0m

      at Logger.log (src/server/logger.ts:84:13)

    console.log
      [32m[22:07:12] INFO  DatabaseManager Database connection closed[0m

      at Logger.log (src/server/logger.ts:84:13)

    console.log
      [32m[22:07:12] INFO  DatabaseManager Database connection established[0m

      at Logger.log (src/server/logger.ts:84:13)

    console.log
      [DEBUG] Database opened successfully at: e:\Projects\Git\github\aenea-project\test-data\test_aenea_1760134032250.db

      at new DatabaseManager (src/server/database-manager.ts:32:15)

    console.log
      [32m[22:07:12] INFO  DatabaseManager Database schema initialized successfully[0m

      at Logger.log (src/server/logger.ts:84:13)

    console.log
      [32m[22:07:12] INFO  DatabaseManager Initialized fresh consciousness state[0m

      at Logger.log (src/server/logger.ts:84:13)

    console.log
      [DEBUG] Database initialization completed, setting isReady = true

      at DatabaseManager.initializeDatabase (src/server/database-manager.ts:299:15)

    console.log
      [DEBUG] About to call seedPhilosophicalQuestions...

      at DatabaseManager.initializeDatabase (src/server/database-manager.ts:303:15)

    console.log
      [DEBUG] seedPhilosophicalQuestions called, isReady: true db exists: true

      at DatabaseManager.seedPhilosophicalQuestions (src/server/database-manager.ts:806:13)

    console.log
      [DEBUG] Existing unresolved ideas count: 0

      at DatabaseManager.seedPhilosophicalQuestions (src/server/database-manager.ts:816:15)

    console.log
      [DEBUG] Starting to seed philosophical questions...

      at DatabaseManager.seedPhilosophicalQuestions (src/server/database-manager.ts:823:15)

    console.log
      ✅ Seeded 45 philosophical questions to database

      at DatabaseManager.seedPhilosophicalQuestions (src/server/database-manager.ts:932:15)

    console.log
      [32m[22:07:12] INFO  DatabaseManager Successfully seeded 45 questions to unresolved_ideas table[0m

      at Logger.log (src/server/logger.ts:84:13)

    console.log
      [DEBUG] seedPhilosophicalQuestions returned: 45

      at DatabaseManager.initializeDatabase (src/server/database-manager.ts:305:15)

    console.log
      [32m[22:07:12] INFO  DatabaseManager Seeded 45 philosophical questions[0m

      at Logger.log (src/server/logger.ts:84:13)

    console.log
      [32m[22:07:12] INFO  DatabaseManager Database connection closed[0m

      at Logger.log (src/server/logger.ts:84:13)

    console.log
      [32m[22:07:13] INFO  DatabaseManager Database connection established[0m

      at Logger.log (src/server/logger.ts:84:13)

    console.log
      [DEBUG] Database opened successfully at: e:\Projects\Git\github\aenea-project\test-data\test_aenea_1760134032999.db

      at new DatabaseManager (src/server/database-manager.ts:32:15)

    console.log
      [32m[22:07:13] INFO  DatabaseManager Database schema initialized successfully[0m

      at Logger.log (src/server/logger.ts:84:13)

    console.log
      [32m[22:07:13] INFO  DatabaseManager Initialized fresh consciousness state[0m

      at Logger.log (src/server/logger.ts:84:13)

    console.log
      [DEBUG] Database initialization completed, setting isReady = true

      at DatabaseManager.initializeDatabase (src/server/database-manager.ts:299:15)

    console.log
      [DEBUG] About to call seedPhilosophicalQuestions...

      at DatabaseManager.initializeDatabase (src/server/database-manager.ts:303:15)

    console.log
      [DEBUG] seedPhilosophicalQuestions called, isReady: true db exists: true

      at DatabaseManager.seedPhilosophicalQuestions (src/server/database-manager.ts:806:13)

    console.log
      [DEBUG] Existing unresolved ideas count: 0

      at DatabaseManager.seedPhilosophicalQuestions (src/server/database-manager.ts:816:15)

    console.log
      [DEBUG] Starting to seed philosophical questions...

      at DatabaseManager.seedPhilosophicalQuestions (src/server/database-manager.ts:823:15)

    console.log
      ✅ Seeded 45 philosophical questions to database

      at DatabaseManager.seedPhilosophicalQuestions (src/server/database-manager.ts:932:15)

    console.log
      [32m[22:07:13] INFO  DatabaseManager Successfully seeded 45 questions to unresolved_ideas table[0m

      at Logger.log (src/server/logger.ts:84:13)

    console.log
      [DEBUG] seedPhilosophicalQuestions returned: 45

      at DatabaseManager.initializeDatabase (src/server/database-manager.ts:305:15)

    console.log
      [32m[22:07:13] INFO  DatabaseManager Seeded 45 philosophical questions[0m

      at Logger.log (src/server/logger.ts:84:13)

    console.log
      [32m[22:07:13] INFO  DatabaseManager Database connection closed[0m

      at Logger.log (src/server/logger.ts:84:13)

    console.log
      [32m[22:07:13] INFO  DatabaseManager Database connection established[0m

      at Logger.log (src/server/logger.ts:84:13)

    console.log
      [DEBUG] Database opened successfully at: e:\Projects\Git\github\aenea-project\test-data\test_aenea_1760134033637.db

      at new DatabaseManager (src/server/database-manager.ts:32:15)

    console.log
      [32m[22:07:13] INFO  DatabaseManager Database schema initialized successfully[0m

      at Logger.log (src/server/logger.ts:84:13)

    console.log
      [32m[22:07:13] INFO  DatabaseManager Initialized fresh consciousness state[0m

      at Logger.log (src/server/logger.ts:84:13)

    console.log
      [DEBUG] Database initialization completed, setting isReady = true

      at DatabaseManager.initializeDatabase (src/server/database-manager.ts:299:15)

    console.log
      [DEBUG] About to call seedPhilosophicalQuestions...

      at DatabaseManager.initializeDatabase (src/server/database-manager.ts:303:15)

    console.log
      [DEBUG] seedPhilosophicalQuestions called, isReady: true db exists: true

      at DatabaseManager.seedPhilosophicalQuestions (src/server/database-manager.ts:806:13)

    console.log
      [DEBUG] Existing unresolved ideas count: 0

      at DatabaseManager.seedPhilosophicalQuestions (src/server/database-manager.ts:816:15)

    console.log
      [DEBUG] Starting to seed philosophical questions...

      at DatabaseManager.seedPhilosophicalQuestions (src/server/database-manager.ts:823:15)

    console.log
      ✅ Seeded 45 philosophical questions to database

      at DatabaseManager.seedPhilosophicalQuestions (src/server/database-manager.ts:932:15)

    console.log
      [32m[22:07:14] INFO  DatabaseManager Successfully seeded 45 questions to unresolved_ideas table[0m

      at Logger.log (src/server/logger.ts:84:13)

    console.log
      [DEBUG] seedPhilosophicalQuestions returned: 45

      at DatabaseManager.initializeDatabase (src/server/database-manager.ts:305:15)

    console.log
      [32m[22:07:14] INFO  DatabaseManager Seeded 45 philosophical questions[0m

      at Logger.log (src/server/logger.ts:84:13)

    console.log
      [32m[22:07:14] INFO  DatabaseManager Database connection closed[0m

      at Logger.log (src/server/logger.ts:84:13)

    console.log
      [32m[22:07:14] INFO  DatabaseManager Database connection established[0m

      at Logger.log (src/server/logger.ts:84:13)

    console.log
      [DEBUG] Database opened successfully at: e:\Projects\Git\github\aenea-project\test-data\test_aenea_1760134034228.db

      at new DatabaseManager (src/server/database-manager.ts:32:15)

    console.log
      [32m[22:07:14] INFO  DatabaseManager Database schema initialized successfully[0m

      at Logger.log (src/server/logger.ts:84:13)

    console.log
      [32m[22:07:14] INFO  DatabaseManager Initialized fresh consciousness state[0m

      at Logger.log (src/server/logger.ts:84:13)

    console.log
      [DEBUG] Database initialization completed, setting isReady = true

      at DatabaseManager.initializeDatabase (src/server/database-manager.ts:299:15)

    console.log
      [DEBUG] About to call seedPhilosophicalQuestions...

      at DatabaseManager.initializeDatabase (src/server/database-manager.ts:303:15)

    console.log
      [DEBUG] seedPhilosophicalQuestions called, isReady: true db exists: true

      at DatabaseManager.seedPhilosophicalQuestions (src/server/database-manager.ts:806:13)

    console.log
      [DEBUG] Existing unresolved ideas count: 0

      at DatabaseManager.seedPhilosophicalQuestions (src/server/database-manager.ts:816:15)

    console.log
      [DEBUG] Starting to seed philosophical questions...

      at DatabaseManager.seedPhilosophicalQuestions (src/server/database-manager.ts:823:15)

    console.log
      ✅ Seeded 45 philosophical questions to database

      at DatabaseManager.seedPhilosophicalQuestions (src/server/database-manager.ts:932:15)

    console.log
      [32m[22:07:14] INFO  DatabaseManager Successfully seeded 45 questions to unresolved_ideas table[0m

      at Logger.log (src/server/logger.ts:84:13)

    console.log
      [DEBUG] seedPhilosophicalQuestions returned: 45

      at DatabaseManager.initializeDatabase (src/server/database-manager.ts:305:15)

    console.log
      [32m[22:07:14] INFO  DatabaseManager Seeded 45 philosophical questions[0m

      at Logger.log (src/server/logger.ts:84:13)

    console.log
      [32m[22:07:14] INFO  DatabaseManager Database connection closed[0m

      at Logger.log (src/server/logger.ts:84:13)

    console.log
      [32m[22:07:14] INFO  DatabaseManager Database connection established[0m

      at Logger.log (src/server/logger.ts:84:13)

    console.log
      [DEBUG] Database opened successfully at: e:\Projects\Git\github\aenea-project\test-data\test_aenea_1760134034975.db

      at new DatabaseManager (src/server/database-manager.ts:32:15)

    console.log
      [32m[22:07:15] INFO  DatabaseManager Database schema initialized successfully[0m

      at Logger.log (src/server/logger.ts:84:13)

    console.log
      [32m[22:07:15] INFO  DatabaseManager Initialized fresh consciousness state[0m

      at Logger.log (src/server/logger.ts:84:13)

    console.log
      [DEBUG] Database initialization completed, setting isReady = true

      at DatabaseManager.initializeDatabase (src/server/database-manager.ts:299:15)

    console.log
      [DEBUG] About to call seedPhilosophicalQuestions...

      at DatabaseManager.initializeDatabase (src/server/database-manager.ts:303:15)

    console.log
      [DEBUG] seedPhilosophicalQuestions called, isReady: true db exists: true

      at DatabaseManager.seedPhilosophicalQuestions (src/server/database-manager.ts:806:13)

    console.log
      [DEBUG] Existing unresolved ideas count: 0

      at DatabaseManager.seedPhilosophicalQuestions (src/server/database-manager.ts:816:15)

    console.log
      [DEBUG] Starting to seed philosophical questions...

      at DatabaseManager.seedPhilosophicalQuestions (src/server/database-manager.ts:823:15)

    console.log
      ✅ Seeded 45 philosophical questions to database

      at DatabaseManager.seedPhilosophicalQuestions (src/server/database-manager.ts:932:15)

    console.log
      [32m[22:07:15] INFO  DatabaseManager Successfully seeded 45 questions to unresolved_ideas table[0m

      at Logger.log (src/server/logger.ts:84:13)

    console.log
      [DEBUG] seedPhilosophicalQuestions returned: 45

      at DatabaseManager.initializeDatabase (src/server/database-manager.ts:305:15)

    console.log
      [32m[22:07:15] INFO  DatabaseManager Seeded 45 philosophical questions[0m

      at Logger.log (src/server/logger.ts:84:13)

    console.debug
      Added new unresolved idea: What is the nature of time?

      at DatabaseManager.addUnresolvedIdea (src/server/database-manager.ts:595:15)

    console.debug
      Added new unresolved idea: How does consciousness emerge?

      at DatabaseManager.addUnresolvedIdea (src/server/database-manager.ts:595:15)

    console.debug
      Getting unresolved ideas with limit: 10

      at DatabaseManager.getUnresolvedIdeas (src/server/database-manager.ts:607:13)

    console.debug
      Found 10 unresolved ideas in database

      at DatabaseManager.getUnresolvedIdeas (src/server/database-manager.ts:616:15)

    console.debug
      Returning 10 unresolved ideas

      at DatabaseManager.getUnresolvedIdeas (src/server/database-manager.ts:617:15)

    console.debug
      ConsciousnessBackend.getUnresolvedIdeasAsync called with limit: 10

      at DatabaseManager.getUnresolvedIdeasAsync (src/server/database-manager.ts:628:13)

    console.debug
      Getting unresolved ideas with limit: 10

      at DatabaseManager.getUnresolvedIdeas (src/server/database-manager.ts:607:13)

    console.debug
      Found 10 unresolved ideas in database

      at DatabaseManager.getUnresolvedIdeas (src/server/database-manager.ts:616:15)

    console.debug
      Returning 10 unresolved ideas

      at DatabaseManager.getUnresolvedIdeas (src/server/database-manager.ts:617:15)

    console.debug
      ConsciousnessBackend.getUnresolvedIdeasAsync returning 10 items

      at DatabaseManager.getUnresolvedIdeasAsync (src/server/database-manager.ts:630:13)

    console.log
      [32m[22:07:15] INFO  DatabaseManager Database connection closed[0m

      at Logger.log (src/server/logger.ts:84:13)

    console.log
      [32m[22:07:15] INFO  DatabaseManager Database connection established[0m

      at Logger.log (src/server/logger.ts:84:13)

    console.log
      [DEBUG] Database opened successfully at: e:\Projects\Git\github\aenea-project\test-data\test_aenea_1760134035644.db

      at new DatabaseManager (src/server/database-manager.ts:32:15)

    console.log
      [32m[22:07:15] INFO  DatabaseManager Database schema initialized successfully[0m

      at Logger.log (src/server/logger.ts:84:13)

    console.log
      [32m[22:07:15] INFO  DatabaseManager Initialized fresh consciousness state[0m

      at Logger.log (src/server/logger.ts:84:13)

    console.log
      [DEBUG] Database initialization completed, setting isReady = true

      at DatabaseManager.initializeDatabase (src/server/database-manager.ts:299:15)

    console.log
      [DEBUG] About to call seedPhilosophicalQuestions...

      at DatabaseManager.initializeDatabase (src/server/database-manager.ts:303:15)

    console.log
      [DEBUG] seedPhilosophicalQuestions called, isReady: true db exists: true

      at DatabaseManager.seedPhilosophicalQuestions (src/server/database-manager.ts:806:13)

    console.log
      [DEBUG] Existing unresolved ideas count: 0

      at DatabaseManager.seedPhilosophicalQuestions (src/server/database-manager.ts:816:15)

    console.log
      [DEBUG] Starting to seed philosophical questions...

      at DatabaseManager.seedPhilosophicalQuestions (src/server/database-manager.ts:823:15)

    console.log
      ✅ Seeded 45 philosophical questions to database

      at DatabaseManager.seedPhilosophicalQuestions (src/server/database-manager.ts:932:15)

    console.log
      [32m[22:07:16] INFO  DatabaseManager Successfully seeded 45 questions to unresolved_ideas table[0m

      at Logger.log (src/server/logger.ts:84:13)

    console.log
      [DEBUG] seedPhilosophicalQuestions returned: 45

      at DatabaseManager.initializeDatabase (src/server/database-manager.ts:305:15)

    console.log
      [32m[22:07:16] INFO  DatabaseManager Seeded 45 philosophical questions[0m

      at Logger.log (src/server/logger.ts:84:13)

    console.log
      [32m[22:07:16] INFO  DatabaseManager Database connection closed[0m

      at Logger.log (src/server/logger.ts:84:13)

    console.log
      [32m[22:07:16] INFO  DatabaseManager Database connection established[0m

      at Logger.log (src/server/logger.ts:84:13)

    console.log
      [DEBUG] Database opened successfully at: e:\Projects\Git\github\aenea-project\test-data\test_aenea_1760134036180.db

      at new DatabaseManager (src/server/database-manager.ts:32:15)

    console.log
      [32m[22:07:16] INFO  DatabaseManager Database schema initialized successfully[0m

      at Logger.log (src/server/logger.ts:84:13)

    console.log
      [32m[22:07:16] INFO  DatabaseManager Initialized fresh consciousness state[0m

      at Logger.log (src/server/logger.ts:84:13)

    console.log
      [DEBUG] Database initialization completed, setting isReady = true

      at DatabaseManager.initializeDatabase (src/server/database-manager.ts:299:15)

    console.log
      [DEBUG] About to call seedPhilosophicalQuestions...

      at DatabaseManager.initializeDatabase (src/server/database-manager.ts:303:15)

    console.log
      [DEBUG] seedPhilosophicalQuestions called, isReady: true db exists: true

      at DatabaseManager.seedPhilosophicalQuestions (src/server/database-manager.ts:806:13)

    console.log
      [DEBUG] Existing unresolved ideas count: 0

      at DatabaseManager.seedPhilosophicalQuestions (src/server/database-manager.ts:816:15)

    console.log
      [DEBUG] Starting to seed philosophical questions...

      at DatabaseManager.seedPhilosophicalQuestions (src/server/database-manager.ts:823:15)

    console.log
      ✅ Seeded 45 philosophical questions to database

      at DatabaseManager.seedPhilosophicalQuestions (src/server/database-manager.ts:932:15)

    console.log
      [32m[22:07:16] INFO  DatabaseManager Successfully seeded 45 questions to unresolved_ideas table[0m

      at Logger.log (src/server/logger.ts:84:13)

    console.log
      [DEBUG] seedPhilosophicalQuestions returned: 45

      at DatabaseManager.initializeDatabase (src/server/database-manager.ts:305:15)

    console.log
      [32m[22:07:16] INFO  DatabaseManager Seeded 45 philosophical questions[0m

      at Logger.log (src/server/logger.ts:84:13)

    console.log
      [32m[22:07:16] INFO  DatabaseManager Database connection closed[0m

      at Logger.log (src/server/logger.ts:84:13)

    console.log
      [32m[22:07:16] INFO  DatabaseManager Database connection established[0m

      at Logger.log (src/server/logger.ts:84:13)

    console.log
      [DEBUG] Database opened successfully at: e:\Projects\Git\github\aenea-project\test-data\test_aenea_1760134036735.db

      at new DatabaseManager (src/server/database-manager.ts:32:15)

    console.log
      [32m[22:07:16] INFO  DatabaseManager Database schema initialized successfully[0m

      at Logger.log (src/server/logger.ts:84:13)

    console.log
      [32m[22:07:16] INFO  DatabaseManager Initialized fresh consciousness state[0m

      at Logger.log (src/server/logger.ts:84:13)

    console.log
      [DEBUG] Database initialization completed, setting isReady = true

      at DatabaseManager.initializeDatabase (src/server/database-manager.ts:299:15)

    console.log
      [DEBUG] About to call seedPhilosophicalQuestions...

      at DatabaseManager.initializeDatabase (src/server/database-manager.ts:303:15)

    console.log
      [DEBUG] seedPhilosophicalQuestions called, isReady: true db exists: true

      at DatabaseManager.seedPhilosophicalQuestions (src/server/database-manager.ts:806:13)

    console.log
      [DEBUG] Existing unresolved ideas count: 0

      at DatabaseManager.seedPhilosophicalQuestions (src/server/database-manager.ts:816:15)

    console.log
      [DEBUG] Starting to seed philosophical questions...

      at DatabaseManager.seedPhilosophicalQuestions (src/server/database-manager.ts:823:15)

    console.log
      ✅ Seeded 45 philosophical questions to database

      at DatabaseManager.seedPhilosophicalQuestions (src/server/database-manager.ts:932:15)

    console.log
      [32m[22:07:17] INFO  DatabaseManager Successfully seeded 45 questions to unresolved_ideas table[0m

      at Logger.log (src/server/logger.ts:84:13)

    console.log
      [DEBUG] seedPhilosophicalQuestions returned: 45

      at DatabaseManager.initializeDatabase (src/server/database-manager.ts:305:15)

    console.log
      [32m[22:07:17] INFO  DatabaseManager Seeded 45 philosophical questions[0m

      at Logger.log (src/server/logger.ts:84:13)

    console.log
      [32m[22:07:17] INFO  DatabaseManager Database connection closed[0m

      at Logger.log (src/server/logger.ts:84:13)

    console.log
      [32m[22:07:17] INFO  DatabaseManager Database connection established[0m

      at Logger.log (src/server/logger.ts:84:13)

    console.log
      [DEBUG] Database opened successfully at: e:\Projects\Git\github\aenea-project\test-data\test_aenea_1760134037167.db

      at new DatabaseManager (src/server/database-manager.ts:32:15)

    console.log
      [32m[22:07:17] INFO  DatabaseManager Database schema initialized successfully[0m

      at Logger.log (src/server/logger.ts:84:13)

    console.log
      [32m[22:07:17] INFO  DatabaseManager Initialized fresh consciousness state[0m

      at Logger.log (src/server/logger.ts:84:13)

    console.log
      [DEBUG] Database initialization completed, setting isReady = true

      at DatabaseManager.initializeDatabase (src/server/database-manager.ts:299:15)

    console.log
      [DEBUG] About to call seedPhilosophicalQuestions...

      at DatabaseManager.initializeDatabase (src/server/database-manager.ts:303:15)

    console.log
      [DEBUG] seedPhilosophicalQuestions called, isReady: true db exists: true

      at DatabaseManager.seedPhilosophicalQuestions (src/server/database-manager.ts:806:13)

    console.log
      [DEBUG] Existing unresolved ideas count: 0

      at DatabaseManager.seedPhilosophicalQuestions (src/server/database-manager.ts:816:15)

    console.log
      [DEBUG] Starting to seed philosophical questions...

      at DatabaseManager.seedPhilosophicalQuestions (src/server/database-manager.ts:823:15)

    console.log
      ✅ Seeded 45 philosophical questions to database

      at DatabaseManager.seedPhilosophicalQuestions (src/server/database-manager.ts:932:15)

    console.log
      [32m[22:07:17] INFO  DatabaseManager Successfully seeded 45 questions to unresolved_ideas table[0m

      at Logger.log (src/server/logger.ts:84:13)

    console.log
      [DEBUG] seedPhilosophicalQuestions returned: 45

      at DatabaseManager.initializeDatabase (src/server/database-manager.ts:305:15)

    console.log
      [32m[22:07:17] INFO  DatabaseManager Seeded 45 philosophical questions[0m

      at Logger.log (src/server/logger.ts:84:13)

    console.log
      [32m[22:07:17] INFO  DatabaseManager Database connection closed[0m

      at Logger.log (src/server/logger.ts:84:13)

    console.log
      [32m[22:07:17] INFO  DatabaseManager Database connection established[0m

      at Logger.log (src/server/logger.ts:84:13)

    console.log
      [DEBUG] Database opened successfully at: e:\Projects\Git\github\aenea-project\test-data\test_aenea_1760134037785.db

      at new DatabaseManager (src/server/database-manager.ts:32:15)

    console.log
      [32m[22:07:18] INFO  DatabaseManager Database schema initialized successfully[0m

      at Logger.log (src/server/logger.ts:84:13)

    console.log
      [32m[22:07:18] INFO  DatabaseManager Initialized fresh consciousness state[0m

      at Logger.log (src/server/logger.ts:84:13)

    console.log
      [DEBUG] Database initialization completed, setting isReady = true

      at DatabaseManager.initializeDatabase (src/server/database-manager.ts:299:15)

    console.log
      [DEBUG] About to call seedPhilosophicalQuestions...

      at DatabaseManager.initializeDatabase (src/server/database-manager.ts:303:15)

    console.log
      [DEBUG] seedPhilosophicalQuestions called, isReady: true db exists: true

      at DatabaseManager.seedPhilosophicalQuestions (src/server/database-manager.ts:806:13)

    console.log
      [DEBUG] Existing unresolved ideas count: 0

      at DatabaseManager.seedPhilosophicalQuestions (src/server/database-manager.ts:816:15)

    console.log
      [DEBUG] Starting to seed philosophical questions...

      at DatabaseManager.seedPhilosophicalQuestions (src/server/database-manager.ts:823:15)

    console.log
      ✅ Seeded 45 philosophical questions to database

      at DatabaseManager.seedPhilosophicalQuestions (src/server/database-manager.ts:932:15)

    console.log
      [32m[22:07:21] INFO  DatabaseManager Successfully seeded 45 questions to unresolved_ideas table[0m

      at Logger.log (src/server/logger.ts:84:13)

    console.log
      [DEBUG] seedPhilosophicalQuestions returned: 45

      at DatabaseManager.initializeDatabase (src/server/database-manager.ts:305:15)

    console.log
      [32m[22:07:21] INFO  DatabaseManager Seeded 45 philosophical questions[0m

      at Logger.log (src/server/logger.ts:84:13)

    console.warn
      Skipping question save - empty text for id=null

    [0m [90m 401 |[39m
     [90m 402 |[39m     [36mif[39m ([33m![39mquestion[33m.[39mquestion [33m||[39m [33m![39mquestion[33m.[39mquestion[33m.[39mtrim()) {
    [31m[1m>[22m[39m[90m 403 |[39m       console[33m.[39mwarn([32m`Skipping question save - empty text for id=${question.id}`[39m)[33m;[39m
     [90m     |[39m               [31m[1m^[22m[39m
     [90m 404 |[39m       [36mreturn[39m[33m;[39m
     [90m 405 |[39m     }
     [90m 406 |[39m[0m

      at DatabaseManager.saveQuestion (src/server/database-manager.ts:403:15)
      at tests/integration/database-manager.test.ts:330:25
      at Object.<anonymous> (node_modules/expect/build/toThrowMatchers.js:74:11)
      at Object.throwingMatcher [as toThrow] (node_modules/expect/build/index.js:320:21)
      at Object.<anonymous> (tests/integration/database-manager.test.ts:338:14)

    console.log
      [32m[22:07:21] INFO  DatabaseManager Database connection closed[0m

      at Logger.log (src/server/logger.ts:84:13)

    console.log
      [32m[22:07:21] INFO  DatabaseManager Database connection established[0m

      at Logger.log (src/server/logger.ts:84:13)

    console.log
      [DEBUG] Database opened successfully at: e:\Projects\Git\github\aenea-project\test-data\test_aenea_1760134041449.db

      at new DatabaseManager (src/server/database-manager.ts:32:15)

    console.log
      [32m[22:07:22] INFO  DatabaseManager Database schema initialized successfully[0m

      at Logger.log (src/server/logger.ts:84:13)

    console.log
      [32m[22:07:22] INFO  DatabaseManager Initialized fresh consciousness state[0m

      at Logger.log (src/server/logger.ts:84:13)

    console.log
      [DEBUG] Database initialization completed, setting isReady = true

      at DatabaseManager.initializeDatabase (src/server/database-manager.ts:299:15)

    console.log
      [DEBUG] About to call seedPhilosophicalQuestions...

      at DatabaseManager.initializeDatabase (src/server/database-manager.ts:303:15)

    console.log
      [DEBUG] seedPhilosophicalQuestions called, isReady: true db exists: true

      at DatabaseManager.seedPhilosophicalQuestions (src/server/database-manager.ts:806:13)

    console.log
      [DEBUG] Existing unresolved ideas count: 0

      at DatabaseManager.seedPhilosophicalQuestions (src/server/database-manager.ts:816:15)

    console.log
      [DEBUG] Starting to seed philosophical questions...

      at DatabaseManager.seedPhilosophicalQuestions (src/server/database-manager.ts:823:15)

    console.log
      ✅ Seeded 45 philosophical questions to database

      at DatabaseManager.seedPhilosophicalQuestions (src/server/database-manager.ts:932:15)

    console.log
      [32m[22:07:25] INFO  DatabaseManager Successfully seeded 45 questions to unresolved_ideas table[0m

      at Logger.log (src/server/logger.ts:84:13)

    console.log
      [DEBUG] seedPhilosophicalQuestions returned: 45

      at DatabaseManager.initializeDatabase (src/server/database-manager.ts:305:15)

    console.log
      [32m[22:07:25] INFO  DatabaseManager Seeded 45 philosophical questions[0m

      at Logger.log (src/server/logger.ts:84:13)

    console.log
      [32m[22:07:26] INFO  DatabaseManager Database connection closed[0m

      at Logger.log (src/server/logger.ts:84:13)

    console.log
      [32m[22:07:26] INFO  DatabaseManager Database connection established[0m

      at Logger.log (src/server/logger.ts:84:13)

    console.log
      [DEBUG] Database opened successfully at: e:\Projects\Git\github\aenea-project\test-data\test_aenea_1760134046041.db

      at new DatabaseManager (src/server/database-manager.ts:32:15)

    console.log
      [32m[22:07:27] INFO  DatabaseManager Database schema initialized successfully[0m

      at Logger.log (src/server/logger.ts:84:13)

    console.log
      [32m[22:07:27] INFO  DatabaseManager Initialized fresh consciousness state[0m

      at Logger.log (src/server/logger.ts:84:13)

    console.log
      [DEBUG] Database initialization completed, setting isReady = true

      at DatabaseManager.initializeDatabase (src/server/database-manager.ts:299:15)

    console.log
      [DEBUG] About to call seedPhilosophicalQuestions...

      at DatabaseManager.initializeDatabase (src/server/database-manager.ts:303:15)

    console.log
      [DEBUG] seedPhilosophicalQuestions called, isReady: true db exists: true

      at DatabaseManager.seedPhilosophicalQuestions (src/server/database-manager.ts:806:13)

    console.log
      [DEBUG] Existing unresolved ideas count: 0

      at DatabaseManager.seedPhilosophicalQuestions (src/server/database-manager.ts:816:15)

    console.log
      [DEBUG] Starting to seed philosophical questions...

      at DatabaseManager.seedPhilosophicalQuestions (src/server/database-manager.ts:823:15)

    console.log
      ✅ Seeded 45 philosophical questions to database

      at DatabaseManager.seedPhilosophicalQuestions (src/server/database-manager.ts:932:15)

    console.log
      [32m[22:07:29] INFO  DatabaseManager Successfully seeded 45 questions to unresolved_ideas table[0m

      at Logger.log (src/server/logger.ts:84:13)

    console.log
      [DEBUG] seedPhilosophicalQuestions returned: 45

      at DatabaseManager.initializeDatabase (src/server/database-manager.ts:305:15)

    console.log
      [32m[22:07:29] INFO  DatabaseManager Seeded 45 philosophical questions[0m

      at Logger.log (src/server/logger.ts:84:13)

    console.log
      [32m[22:07:29] INFO  DatabaseManager Database connection closed[0m

      at Logger.log (src/server/logger.ts:84:13)

    console.log
      [32m[22:07:29] INFO  DatabaseManager Database connection closed[0m

      at Logger.log (src/server/logger.ts:84:13)

    console.log
      [32m[22:07:29] INFO  DatabaseManager Database connection closed[0m

      at Logger.log (src/server/logger.ts:84:13)

    console.log
      [32m[22:07:29] INFO  DatabaseManager Database connection established[0m

      at Logger.log (src/server/logger.ts:84:13)

    console.log
      [DEBUG] Database opened successfully at: e:\Projects\Git\github\aenea-project\test-data\test_aenea_1760134049291.db

      at new DatabaseManager (src/server/database-manager.ts:32:15)

    console.log
      [32m[22:07:29] INFO  DatabaseManager Database schema initialized successfully[0m

      at Logger.log (src/server/logger.ts:84:13)

    console.log
      [32m[22:07:29] INFO  DatabaseManager Initialized fresh consciousness state[0m

      at Logger.log (src/server/logger.ts:84:13)

    console.log
      [DEBUG] Database initialization completed, setting isReady = true

      at DatabaseManager.initializeDatabase (src/server/database-manager.ts:299:15)

    console.log
      [DEBUG] About to call seedPhilosophicalQuestions...

      at DatabaseManager.initializeDatabase (src/server/database-manager.ts:303:15)

    console.log
      [DEBUG] seedPhilosophicalQuestions called, isReady: true db exists: true

      at DatabaseManager.seedPhilosophicalQuestions (src/server/database-manager.ts:806:13)

    console.log
      [DEBUG] Existing unresolved ideas count: 0

      at DatabaseManager.seedPhilosophicalQuestions (src/server/database-manager.ts:816:15)

    console.log
      [DEBUG] Starting to seed philosophical questions...

      at DatabaseManager.seedPhilosophicalQuestions (src/server/database-manager.ts:823:15)

    console.log
      ✅ Seeded 45 philosophical questions to database

      at DatabaseManager.seedPhilosophicalQuestions (src/server/database-manager.ts:932:15)

    console.log
      [32m[22:07:29] INFO  DatabaseManager Successfully seeded 45 questions to unresolved_ideas table[0m

      at Logger.log (src/server/logger.ts:84:13)

    console.log
      [DEBUG] seedPhilosophicalQuestions returned: 45

      at DatabaseManager.initializeDatabase (src/server/database-manager.ts:305:15)

    console.log
      [32m[22:07:29] INFO  DatabaseManager Seeded 45 philosophical questions[0m

      at Logger.log (src/server/logger.ts:84:13)

    console.log
      [32m[22:07:31] INFO  DatabaseManager Database connection closed[0m

      at Logger.log (src/server/logger.ts:84:13)

A worker process has failed to exit gracefully and has been force exited. This is likely caused by tests leaking due to improper teardown. Try running with --detectOpenHandles to find leaks. Active timers can also cause this, ensure that .unref() was called on them.

Test Suites: 1 failed, 11 passed, 12 total
Tests:       20 failed, 79 passed, 99 total
Snapshots:   0 total
Time:        57.1 s
Ran all test suites.
